Microchip MPLAB XC8 Compiler V2.00 ()

Linker command line:

-W-3 --edf=C:\Program Files (x86)\Microchip\xc8\v2.00\pic\dat\en_msgs.txt \
  -cs -h+dist/default/debug\SCE_Project.debug.sym \
  --cmf=dist/default/debug\SCE_Project.debug.cmf -z -Q16F18875 \
  -oC:\Users\Rodrigo\AppData\Local\Temp\s1ps.2 --defsym=__MPLAB_BUILD=1 \
  -Mdist/default/debug/SCE_Project.debug.map -E1 -ver=XC8 --acfsm=1493 \
  -ASTACK=02104h-023efh -pstack=STACK -ACODE=00h-07FFhx4 \
  -ASTRCODE=00h-01FFFh -ASTRING=00h-0FFhx32 -ACONST=00h-0FFhx32 \
  -AENTRY=00h-0FFhx32 -ACOMMON=070h-07Fh -ABANK0=020h-06Fh \
  -ABANK1=0A0h-0EFh -ABANK2=0120h-016Fh -ABANK3=01A0h-01EFh \
  -ABANK4=0220h-026Fh -ABANK5=02A0h-02EFh -ABANK6=0320h-036Fh \
  -ABANK7=03A0h-03EFh -ABANK8=0420h-046Fh -ABANK9=04A0h-04EFh \
  -ABANK10=0520h-056Fh -ABANK11=05A0h-05EFh -ABANK12=0620h-064Fh \
  -ABIGRAM=02000h-023EFh \
  -ARAM=020h-06Fh,0A0h-0EFh,0120h-016Fh,01A0h-01EFh,0220h-026Fh,02A0h-02EFh,0320h-036Fh,03A0h-03EFh,0420h-046Fh,04A0h-04EFh,0520h-056Fh,05A0h-05EFh,0620h-064Fh \
  -AABS1=020h-07Fh,0A0h-0EFh,0120h-016Fh,01A0h-01EFh,0220h-026Fh,02A0h-02EFh,0320h-036Fh,03A0h-03EFh,0420h-046Fh,04A0h-04EFh,0520h-056Fh,05A0h-05EFh,0620h-064Fh \
  -ASFR0=00h-01Fh -ASFR1=080h-09Fh -ASFR2=0100h-011Fh -ASFR3=0180h-019Fh \
  -ASFR4=0200h-021Fh -ASFR5=0280h-029Fh -ASFR6=0300h-031Fh \
  -ASFR7=0380h-039Fh -ASFR8=0400h-041Fh -ASFR9=0480h-049Fh \
  -ASFR10=0500h-051Fh -ASFR11=0580h-059Fh -ASFR12=0600h-061Fh \
  -ASFR13=0680h-06EFh -ASFR14=0700h-076Fh -ASFR15=0780h-07EFh \
  -ASFR16=0800h-086Fh -ASFR17=0880h-08EFh -ASFR18=0900h-096Fh \
  -ASFR19=0980h-09EFh -ASFR20=0A00h-0A6Fh -ASFR21=0A80h-0AEFh \
  -ASFR22=0B00h-0B6Fh -ASFR23=0B80h-0BEFh -ASFR24=0C00h-0C6Fh \
  -ASFR25=0C80h-0CEFh -ASFR26=0D00h-0D6Fh -ASFR27=0D80h-0DEFh \
  -ASFR28=0E00h-0E6Fh -ASFR29=0E80h-0EEFh -ASFR30=0F00h-0F6Fh \
  -ASFR31=0F80h-0FEFh -preset_vec=00h,intentry=04h,init,end_init \
  -ppowerup=CODE -pcinit=CODE -pfunctab=ENTRY -ACONFIG=08007h-0800Bh \
  -pconfig=CONFIG -DCONFIG=2 -AIDLOC=08000h-08003h -pidloc=IDLOC -DIDLOC=2 \
  -AEEDATA=00h-0FFh/0F000h -peeprom_data=EEDATA -DEEDATA=2 -DCODE=2 \
  -DSTRCODE=2 -DSTRING=2 -DCONST=2 -DENTRY=2 -k \
  C:\Users\Rodrigo\AppData\Local\Temp\s1ps.o \
  dist/default/debug\SCE_Project.debug.o 

Object code version is 3.11

Machine type is 16F18875



                Name                               Link     Load   Length Selector   Space Scale
C:\Users\Rodrigo\AppData\Local\Temp\s1ps.o
                end_init                             79       79        2        8       0
                reset_vec                             0        0        2        0       0
                config                             8007     8007        5    1000E       0
dist/default/debug\SCE_Project.debug.o
                cinit                                7B       7B       30        8       0
                intentry                              4        4       75        8       0
                text90                             1D34     1D34       1C     3A68       0
                text89                             1B22     1B22        4     3644       0
                text88                             1B09     1B09        1     3612       0
                text87                             1B26     1B26        4     364C       0
                text86                             1F77     1F77       44     3EEE       0
                text85                             1E19     1E19       25     3C32       0
                text84                             1CA8     1CA8       16     3950       0
                text83                             1BED     1BED       10     37DA       0
                text82                             1E63     1E63       30     3CC6       0
                text81                              800      800        1        8       0
                text80                             1BC3     1BC3        E     3786       0
                text79                             1B36     1B36        6     366C       0
                text78                             1C6F     1C6F       12     38DE       0
                text77                             1000     1000       2F     19D8       0
                text76                                2        2        1        0       0
                text75                             1CEB     1CEB       18     39D6       0
                text74                             1C81     1C81       12     3902       0
                text73                              5BE      5BE      1DF        8       0
                text72                             1215     1215       95     242A       0
                text71                             134E     134E       B4     269C       0
                text70                             1402     1402       EF     2804       0
                text69                             1BFD     1BFD       10     37FA       0
                text68                             1B0A     1B0A        3     3614       0
                text67                             12AA     12AA       A4     2554       0
                text66                                3        3        1        6       0
                text65                             1D03     1D03       18     3A06       0
                text64                              7FF      7FF        1        8       0
                text63                             11A7     11A7       6E     234E       0
                text62                             1C0D     1C0D       10     381A       0
                text60                             1B2A     1B2A        4     3654       0
                text59                             1C1D     1C1D       10     383A       0
                text58                             1CBE     1CBE       16     397C       0
                text57                             1B50     1B50        9     36A0       0
                text56                             1B59     1B59        9     36B2       0
                text55                             1B62     1B62        9     36C4       0
                text54                             1B6B     1B6B        9     36D6       0
                text53                             1B74     1B74        9     36E8       0
                text52                             1FBB     1FBB       45     3F76       0
                text51                             1B7D     1B7D        9     36FA       0
                text50                             1BD1     1BD1        E     37A2       0
                text49                             1B86     1B86        9     370C       0
                text48                             1F36     1F36       41     3E6C       0
                text47                             1B48     1B48        8     3690       0
                text46                             1BB6     1BB6        D     376C       0
                text45                             1B8F     1B8F        9     371E       0
                text44                             1D50     1D50       1F     3AA0       0
                text43                             1BDF     1BDF        E     37BE       0
                text42                             1B98     1B98        9     3730       0
                text41                             1D6F     1D6F       1F     3ADE       0
                text40                             1BA1     1BA1        9     3742       0
                text39                             1CD4     1CD4       17     39A8       0
                text38                             1D8E     1D8E       22     3B1C       0
                text37                             1B0D     1B0D        3     361A       0
                text36                             1B10     1B10        3     3620       0
                text35                             1B2E     1B2E        4     365C       0
                text34                             1B13     1B13        3     3626       0
                text33                             1B32     1B32        4     3664       0
                text32                             1C2D     1C2D       10     385A       0
                text31                             1D1B     1D1B       19     3A36       0
                text30                             1B16     1B16        3     362C       0
                text29                              801      801        4     1002       0
                text28                             1B19     1B19        3     3632       0
                text27                              805      805       7D     100A       0
                text26                             1E3E     1E3E       25     3C7C       0
                text25                             14F1     14F1       F7     29E2       0
                text24                             1C93     1C93       15     3926       0
                text23                             102F     102F       4B     205E       0
                text22                             1C3D     1C3D       10     387A       0
                text21                             1EC3     1EC3       35     3D86       0
                text20                             1DB0     1DB0       23     3B60       0
                text19                             1E93     1E93       30     3D26       0
                text18                              7FB      7FB        4        8       0
                text17                             1C4D     1C4D       11     389A       0
                swtext3                            1800     1800       1E     3000       0
                text16                               AB       AB      513        8       0
                text15                             107A     107A       56     20F4       0
                text14                              79D      79D       5E        8       0
                text13                             1C5E     1C5E       11     38BC       0
                text12                             1EF8     1EF8       3E     3DF0       0
                swtext2                            1836     1836       18     3000       0
                text11                             16F3     16F3      10D     2DE6       0
                text10                             10D0     10D0       6A     21A0       0
                text9                              15E8     15E8      10B     2BD0       0
                swtext1                            181E     181E       18     3000       0
                text8                               B60      B60      18C     16C0       0
                text7                              1B1C     1B1C        3     3638       0
                text6                              1B1F     1B1F        3     363E       0
                text5                               CEC      CEC      314     19D8       0
                text4                              1DD3     1DD3       23     3BA6       0
                text3                              1DF6     1DF6       23     3BEC       0
                text2                              113A     113A       6D     2274       0
                text1                               9D7      9D7      189     13AE       0
                maintext                            882      882      155     1104       0
                cstackBANK0                          20       20       40       20       1
                cstackCOMMON                         70       70        E       70       1
                cstackBANK1                          A0       A0       36       A0       1
                clrtext                            1B3C     1B3C        6     3678       0
                inittext                           1B42     1B42        6     3684       0
                bssBANK3                            1A0      1A0       10      1A0       1
                bssBANK2                            120      120       3E      120       1
                dataBANK1                            E3       E3        C       A0       1
                bssBANK1                             D6       D6        D       A0       1
                bssBANK0                             60       60        F       20       1
                nvBANK3                             1B0      1B0        4      1A0       1
                nvBANK2                             15E      15E       12      120       1
                nvBANK1                              EF       EF        1       A0       1
                stringtext4                        1854     1854        2     309C       0
                stringtext3                        1852     1852        2     309C       0
                stringtext2                        1850     1850        2     309C       0
                stringtext1                        184E     184E        2     309C       0
                idataBANK1                         1BAA     1BAA        C     3754       0

TOTAL           Name                               Link     Load   Length     Space
        CLASS   STACK          

        CLASS   CODE           
                end_init                             79       79        2         0
                cinit                                7B       7B       30         0
                intentry                              4        4       75         0
                reset_vec                             0        0        2         0
                text90                             1D34     1D34       1C         0
                text89                             1B22     1B22        4         0
                text88                             1B09     1B09        1         0
                text87                             1B26     1B26        4         0
                text86                             1F77     1F77       44         0
                text85                             1E19     1E19       25         0
                text84                             1CA8     1CA8       16         0
                text83                             1BED     1BED       10         0
                text82                             1E63     1E63       30         0
                text81                              800      800        1         0
                text80                             1BC3     1BC3        E         0
                text79                             1B36     1B36        6         0
                text78                             1C6F     1C6F       12         0
                text77                             1000     1000       2F         0
                text76                                2        2        1         0
                text75                             1CEB     1CEB       18         0
                text74                             1C81     1C81       12         0
                text73                              5BE      5BE      1DF         0
                text72                             1215     1215       95         0
                text71                             134E     134E       B4         0
                text70                             1402     1402       EF         0
                text69                             1BFD     1BFD       10         0
                text68                             1B0A     1B0A        3         0
                text67                             12AA     12AA       A4         0
                text66                                3        3        1         0
                text65                             1D03     1D03       18         0
                text64                              7FF      7FF        1         0
                text63                             11A7     11A7       6E         0
                text62                             1C0D     1C0D       10         0
                text60                             1B2A     1B2A        4         0
                text59                             1C1D     1C1D       10         0
                text58                             1CBE     1CBE       16         0
                text57                             1B50     1B50        9         0
                text56                             1B59     1B59        9         0
                text55                             1B62     1B62        9         0
                text54                             1B6B     1B6B        9         0
                text53                             1B74     1B74        9         0
                text52                             1FBB     1FBB       45         0
                text51                             1B7D     1B7D        9         0
                text50                             1BD1     1BD1        E         0
                text49                             1B86     1B86        9         0
                text48                             1F36     1F36       41         0
                text47                             1B48     1B48        8         0
                text46                             1BB6     1BB6        D         0
                text45                             1B8F     1B8F        9         0
                text44                             1D50     1D50       1F         0
                text43                             1BDF     1BDF        E         0
                text42                             1B98     1B98        9         0
                text41                             1D6F     1D6F       1F         0
                text40                             1BA1     1BA1        9         0
                text39                             1CD4     1CD4       17         0
                text38                             1D8E     1D8E       22         0
                text37                             1B0D     1B0D        3         0
                text36                             1B10     1B10        3         0
                text35                             1B2E     1B2E        4         0
                text34                             1B13     1B13        3         0
                text33                             1B32     1B32        4         0
                text32                             1C2D     1C2D       10         0
                text31                             1D1B     1D1B       19         0
                text30                             1B16     1B16        3         0
                text29                              801      801        4         0
                text28                             1B19     1B19        3         0
                text27                              805      805       7D         0
                text26                             1E3E     1E3E       25         0
                text25                             14F1     14F1       F7         0
                text24                             1C93     1C93       15         0
                text23                             102F     102F       4B         0
                text22                             1C3D     1C3D       10         0
                text21                             1EC3     1EC3       35         0
                text20                             1DB0     1DB0       23         0
                text19                             1E93     1E93       30         0
                text18                              7FB      7FB        4         0
                text17                             1C4D     1C4D       11         0
                text16                               AB       AB      513         0
                text15                             107A     107A       56         0
                text14                              79D      79D       5E         0
                text13                             1C5E     1C5E       11         0
                text12                             1EF8     1EF8       3E         0
                text11                             16F3     16F3      10D         0
                text10                             10D0     10D0       6A         0
                text9                              15E8     15E8      10B         0
                text8                               B60      B60      18C         0
                text7                              1B1C     1B1C        3         0
                text6                              1B1F     1B1F        3         0
                text5                               CEC      CEC      314         0
                text4                              1DD3     1DD3       23         0
                text3                              1DF6     1DF6       23         0
                text2                              113A     113A       6D         0
                text1                               9D7      9D7      189         0
                maintext                            882      882      155         0
                clrtext                            1B3C     1B3C        6         0
                inittext                           1B42     1B42        6         0
                idataBANK1                         1BAA     1BAA        C         0

        CLASS   STRCODE        
                stringtext4                        1854     1854        2         0
                stringtext3                        1852     1852        2         0
                stringtext2                        1850     1850        2         0
                stringtext1                        184E     184E        2         0

        CLASS   STRING         

        CLASS   CONST          
                swtext3                            1800     1800       1E         0
                swtext2                            1836     1836       18         0
                swtext1                            181E     181E       18         0

        CLASS   ENTRY          

        CLASS   COMMON         
                cstackCOMMON                         70       70        E         1

        CLASS   BANK0          
                cstackBANK0                          20       20       40         1
                bssBANK0                             60       60        F         1

        CLASS   BANK1          
                cstackBANK1                          A0       A0       36         1
                dataBANK1                            E3       E3        C         1
                bssBANK1                             D6       D6        D         1
                nvBANK1                              EF       EF        1         1

        CLASS   BANK2          
                bssBANK2                            120      120       3E         1
                nvBANK2                             15E      15E       12         1

        CLASS   BANK3          
                bssBANK3                            1A0      1A0       10         1
                nvBANK3                             1B0      1B0        4         1

        CLASS   BANK4          

        CLASS   BANK5          

        CLASS   BANK6          

        CLASS   BANK7          

        CLASS   BANK8          

        CLASS   BANK9          

        CLASS   BANK10         

        CLASS   BANK11         

        CLASS   BANK12         

        CLASS   BIGRAM         

        CLASS   RAM            

        CLASS   ABS1           
                abs_s1                               7E       7E        2         1

        CLASS   SFR0           

        CLASS   SFR1           

        CLASS   SFR2           

        CLASS   SFR3           

        CLASS   SFR4           

        CLASS   SFR5           

        CLASS   SFR6           

        CLASS   SFR7           

        CLASS   SFR8           

        CLASS   SFR9           

        CLASS   SFR10          

        CLASS   SFR11          

        CLASS   SFR12          

        CLASS   SFR13          

        CLASS   SFR14          

        CLASS   SFR15          

        CLASS   SFR16          

        CLASS   SFR17          

        CLASS   SFR18          

        CLASS   SFR19          

        CLASS   SFR20          

        CLASS   SFR21          

        CLASS   SFR22          

        CLASS   SFR23          

        CLASS   SFR24          

        CLASS   SFR25          

        CLASS   SFR26          

        CLASS   SFR27          

        CLASS   SFR28          

        CLASS   SFR29          

        CLASS   SFR30          

        CLASS   SFR31          

        CLASS   CONFIG         
                config                             8007     8007        5         0

        CLASS   IDLOC          

        CLASS   EEDATA         

        CLASS   BANK31         

        CLASS   BANK30         

        CLASS   BANK29         

        CLASS   BANK28         

        CLASS   BANK27         

        CLASS   BANK26         

        CLASS   BANK25         

        CLASS   BANK24         

        CLASS   BANK23         

        CLASS   BANK22         

        CLASS   BANK21         

        CLASS   BANK20         

        CLASS   BANK19         

        CLASS   BANK18         

        CLASS   BANK17         

        CLASS   BANK16         

        CLASS   BANK15         

        CLASS   BANK14         

        CLASS   BANK13         



SEGMENTS        Name                           Load    Length   Top    Selector   Space  Class     Delta

                reset_vec                      000000  000003  000003         0       0  CODE        2
                text66                         000003  000001  000004         6       0  CODE        2
                intentry                       000004  0007FD  000801         8       0  CODE        2
                cstackBANK0                    000020  00004F  00006F        20       1  BANK0       1
                cstackCOMMON                   000070  00000E  00007E        70       1  COMMON      1
                cstackBANK1                    0000A0  000050  0000F0        A0       1  BANK1       1
                bssBANK2                       000120  000050  000170       120       1  BANK2       1
                bssBANK3                       0001A0  000014  0001B4       1A0       1  BANK3       1
                text29                         000801  000004  000805      1002       0  CODE        2
                text27                         000805  00007D  000882      100A       0  CODE        2
                maintext                       000882  000155  0009D7      1104       0  CODE        2
                text1                          0009D7  000189  000B60      13AE       0  CODE        2
                text8                          000B60  00018C  000CEC      16C0       0  CODE        2
                text5                          000CEC  000343  00102F      19D8       0  CODE        2
                text23                         00102F  00004B  00107A      205E       0  CODE        2
                text15                         00107A  000056  0010D0      20F4       0  CODE        2
                text10                         0010D0  00006A  00113A      21A0       0  CODE        2
                text2                          00113A  00006D  0011A7      2274       0  CODE        2
                text63                         0011A7  00006E  001215      234E       0  CODE        2
                text72                         001215  000095  0012AA      242A       0  CODE        2
                text67                         0012AA  0000A4  00134E      2554       0  CODE        2
                text71                         00134E  0000B4  001402      269C       0  CODE        2
                text70                         001402  0000EF  0014F1      2804       0  CODE        2
                text25                         0014F1  0000F7  0015E8      29E2       0  CODE        2
                text9                          0015E8  00010B  0016F3      2BD0       0  CODE        2
                text11                         0016F3  00010D  001800      2DE6       0  CODE        2
                swtext3                        001800  00004E  00184E      3000       0  CONST       2
                stringtext1                    00184E  000008  001856      309C       0  STRCODE     2
                text88                         001B09  000001  001B0A      3612       0  CODE        2
                text68                         001B0A  000003  001B0D      3614       0  CODE        2
                text37                         001B0D  000003  001B10      361A       0  CODE        2
                text36                         001B10  000003  001B13      3620       0  CODE        2
                text34                         001B13  000003  001B16      3626       0  CODE        2
                text30                         001B16  000003  001B19      362C       0  CODE        2
                text28                         001B19  000003  001B1C      3632       0  CODE        2
                text7                          001B1C  000003  001B1F      3638       0  CODE        2
                text6                          001B1F  000003  001B22      363E       0  CODE        2
                text89                         001B22  000004  001B26      3644       0  CODE        2
                text87                         001B26  000004  001B2A      364C       0  CODE        2
                text60                         001B2A  000004  001B2E      3654       0  CODE        2
                text35                         001B2E  000004  001B32      365C       0  CODE        2
                text33                         001B32  000004  001B36      3664       0  CODE        2
                text79                         001B36  000006  001B3C      366C       0  CODE        2
                clrtext                        001B3C  000006  001B42      3678       0  CODE        2
                inittext                       001B42  000006  001B48      3684       0  CODE        2
                text47                         001B48  000008  001B50      3690       0  CODE        2
                text57                         001B50  000009  001B59      36A0       0  CODE        2
                text56                         001B59  000009  001B62      36B2       0  CODE        2
                text55                         001B62  000009  001B6B      36C4       0  CODE        2
                text54                         001B6B  000009  001B74      36D6       0  CODE        2
                text53                         001B74  000009  001B7D      36E8       0  CODE        2
                text51                         001B7D  000009  001B86      36FA       0  CODE        2
                text49                         001B86  000009  001B8F      370C       0  CODE        2
                text45                         001B8F  000009  001B98      371E       0  CODE        2
                text42                         001B98  000009  001BA1      3730       0  CODE        2
                text40                         001BA1  000009  001BAA      3742       0  CODE        2
                idataBANK1                     001BAA  00000C  001BB6      3754       0  CODE        2
                text46                         001BB6  00000D  001BC3      376C       0  CODE        2
                text80                         001BC3  00000E  001BD1      3786       0  CODE        2
                text50                         001BD1  00000E  001BDF      37A2       0  CODE        2
                text43                         001BDF  00000E  001BED      37BE       0  CODE        2
                text83                         001BED  000010  001BFD      37DA       0  CODE        2
                text69                         001BFD  000010  001C0D      37FA       0  CODE        2
                text62                         001C0D  000010  001C1D      381A       0  CODE        2
                text59                         001C1D  000010  001C2D      383A       0  CODE        2
                text32                         001C2D  000010  001C3D      385A       0  CODE        2
                text22                         001C3D  000010  001C4D      387A       0  CODE        2
                text17                         001C4D  000011  001C5E      389A       0  CODE        2
                text13                         001C5E  000011  001C6F      38BC       0  CODE        2
                text78                         001C6F  000012  001C81      38DE       0  CODE        2
                text74                         001C81  000012  001C93      3902       0  CODE        2
                text24                         001C93  000015  001CA8      3926       0  CODE        2
                text84                         001CA8  000016  001CBE      3950       0  CODE        2
                text58                         001CBE  000016  001CD4      397C       0  CODE        2
                text39                         001CD4  000017  001CEB      39A8       0  CODE        2
                text75                         001CEB  000018  001D03      39D6       0  CODE        2
                text65                         001D03  000018  001D1B      3A06       0  CODE        2
                text31                         001D1B  000019  001D34      3A36       0  CODE        2
                text90                         001D34  00001C  001D50      3A68       0  CODE        2
                text44                         001D50  00001F  001D6F      3AA0       0  CODE        2
                text41                         001D6F  00001F  001D8E      3ADE       0  CODE        2
                text38                         001D8E  000022  001DB0      3B1C       0  CODE        2
                text20                         001DB0  000023  001DD3      3B60       0  CODE        2
                text4                          001DD3  000023  001DF6      3BA6       0  CODE        2
                text3                          001DF6  000023  001E19      3BEC       0  CODE        2
                text85                         001E19  000025  001E3E      3C32       0  CODE        2
                text26                         001E3E  000025  001E63      3C7C       0  CODE        2
                text82                         001E63  000030  001E93      3CC6       0  CODE        2
                text19                         001E93  000030  001EC3      3D26       0  CODE        2
                text21                         001EC3  000035  001EF8      3D86       0  CODE        2
                text12                         001EF8  00003E  001F36      3DF0       0  CODE        2
                text48                         001F36  000041  001F77      3E6C       0  CODE        2
                text86                         001F77  000044  001FBB      3EEE       0  CODE        2
                text52                         001FBB  000045  002000      3F76       0  CODE        2
                config                         008007  000005  00800C     1000E       0  CONFIG      2


UNUSED ADDRESS RANGES

        Name                Unused          Largest block    Delta
        BANK0            0006F-0006F               1           1
        BANK10           00520-0056F              50           1
        BANK11           005A0-005EF              50           1
        BANK12           00620-0064F              30           1
        BANK3            001B4-001EF              3C           1
        BANK4            00220-0026F              50           1
        BANK5            002A0-002EF              50           1
        BANK6            00320-0036F              50           1
        BANK7            003A0-003EF              50           1
        BANK8            00420-0046F              50           1
        BANK9            004A0-004EF              50           1
        BIGRAM           02000-023EF             3F0           1
        CODE             01856-01B08             2B3           2
        CONST            01856-01B08             100           2
        EEDATA           0F000-0F0FF             100           2
        ENTRY            01856-01B08             100           2
        IDLOC            08000-08003               4           2
        RAM              0006F-0006F               1           1
                         001B4-001EF              3C
                         00220-0026F              50
                         002A0-002EF              50
                         00320-0036F              50
                         003A0-003EF              50
                         00420-0046F              50
                         004A0-004EF              50
                         00520-0056F              50
                         005A0-005EF              50
                         00620-0064F              30
        SFR0             00000-0001F              20           1
        SFR1             00080-0009F              20           1
        SFR10            00500-0051F              20           1
        SFR11            00580-0059F              20           1
        SFR12            00600-0061F              20           1
        SFR13            00680-006EF              70           1
        SFR14            00700-0076F              70           1
        SFR15            00780-007EF              70           1
        SFR16            00800-0086F              70           1
        SFR17            00880-008EF              70           1
        SFR18            00900-0096F              70           1
        SFR19            00980-009EF              70           1
        SFR2             00100-0011F              20           1
        SFR20            00A00-00A6F              70           1
        SFR21            00A80-00AEF              70           1
        SFR22            00B00-00B6F              70           1
        SFR23            00B80-00BEF              70           1
        SFR24            00C00-00C6F              70           1
        SFR25            00C80-00CEF              70           1
        SFR26            00D00-00D6F              70           1
        SFR27            00D80-00DEF              70           1
        SFR28            00E00-00E6F              70           1
        SFR29            00E80-00EEF              70           1
        SFR3             00180-0019F              20           1
        SFR30            00F00-00F6F              70           1
        SFR31            00F80-00FEF              70           1
        SFR4             00200-0021F              20           1
        SFR5             00280-0029F              20           1
        SFR6             00300-0031F              20           1
        SFR7             00380-0039F              20           1
        SFR8             00400-0041F              20           1
        SFR9             00480-0049F              20           1
        STACK            02104-023EF             2EC           1
        STRCODE          01856-01B08             2B3           2
        STRING           01856-01B08             100           2

                                  Symbol Table

?_ADCC_GetSingleConversion                     cstackBANK1  000A0
?___awdiv                                      cstackBANK1  000A0
?___awmod                                      cstackBANK1  000B1
?___fldiv                                      cstackBANK0  00020
?___fltol                                      cstackBANK0  0004E
?___wmul                                       cstackBANK1  000A9
?___xxtofl                                     cstackCOMMON 00070
?_ceilf                                        cstackBANK0  0003A
?_get_luminosity                               cstackBANK1  000A4
?_incrementor                                  cstackBANK1  000B8
ADCC_GetSingleConversion@channel               cstackBANK1  000A3
DATAEE_ReadByte@bAdd                           cstackBANK1  000AF
DATAEE_WriteByte@GIEBitValue                   cstackBANK1  000A3
DATAEE_WriteByte@bAdd                          cstackBANK1  000A0
DATAEE_WriteByte@bData                         cstackBANK1  000A2
EUSART_Read@readValue                          cstackBANK1  000A1
EUSART_SetErrorHandler@interruptHandler        cstackBANK1  000A0
EUSART_SetFramingErrorHandler@interruptHandler cstackBANK1  000A0
EUSART_SetOverrunErrorHandler@interruptHandler cstackBANK1  000A0
EUSART_SetRxInterruptHandler@interruptHandler  cstackBANK1  000A0
EUSART_SetTxInterruptHandler@interruptHandler  cstackBANK1  000A0
EUSART_Write@txData                            cstackBANK1  000A1
INT_SetInterruptHandler@InterruptHandler       cstackBANK1  000A0
PWM6_LoadDutyValue@dutyValue                   cstackBANK1  000A0
TMR1_SetInterruptHandler@InterruptHandler      cstackBANK1  000A0
TMR1_WriteTimer@timerVal                       cstackCOMMON 00070
TMR3_SetInterruptHandler@InterruptHandler      cstackBANK1  000A0
TMR3_WriteTimer@timerVal                       cstackCOMMON 00070
TMR4_SetInterruptHandler@InterruptHandler      cstackBANK1  000A0
WriteI2C@data_out                              cstackBANK1  000A1
_ADACCH                                        (abs)        00091
_ADACCL                                        (abs)        00090
_ADACQ                                         (abs)        0009D
_ADACT                                         (abs)        00099
_ADCAP                                         (abs)        0009B
_ADCC_GetSingleConversion                      text24       01C93
_ADCC_Initialize                               text58       01CBE
_ADCLK                                         (abs)        00098
_ADCNT                                         (abs)        0010C
_ADCON0                                        (abs)        00093
_ADCON0bits                                    (abs)        00093
_ADCON1                                        (abs)        00094
_ADCON1bits                                    (abs)        00094
_ADCON2                                        (abs)        00095
_ADCON2bits                                    (abs)        00095
_ADCON3                                        (abs)        00096
_ADCON3bits                                    (abs)        00096
_ADERRH                                        (abs)        00117
_ADERRL                                        (abs)        00116
_ADFLTRH                                       (abs)        00115
_ADFLTRL                                       (abs)        00114
_ADLTHH                                        (abs)        0010F
_ADLTHL                                        (abs)        0010E
_ADPCH                                         (abs)        0009E
_ADPRE                                         (abs)        0009C
_ADPREVH                                       (abs)        0008F
_ADPREVL                                       (abs)        0008E
_ADREF                                         (abs)        0009A
_ADRESH                                        (abs)        0008D
_ADRESL                                        (abs)        0008C
_ADRPT                                         (abs)        0010D
_ADSTAT                                        (abs)        00097
_ADSTATbits                                    (abs)        00097
_ADSTPTH                                       (abs)        00113
_ADSTPTL                                       (abs)        00112
_ADUTHH                                        (abs)        00111
_ADUTHL                                        (abs)        00110
_ALAF                                          dataBANK1    000E9
_ANSELA                                        (abs)        00F38
_ANSELB                                        (abs)        00F43
_ANSELC                                        (abs)        00F4E
_ANSELD                                        (abs)        00F59
_ANSELE                                        (abs)        00F64
_BAUD1CON                                      (abs)        0011F
_CCPTMRS1bits                                  (abs)        0021F
_DATAEE_ReadByte                               text32       01C2D
_DATAEE_WriteByte                              text26       01E3E
_EUSART_DefaultErrorHandler                    text89       01B22
_EUSART_DefaultFramingErrorHandler             text88       01B09
_EUSART_DefaultOverrunErrorHandler             text87       01B26
_EUSART_ErrorHandler                           nvBANK3      001B0
_EUSART_FramingErrorHandler                    nvBANK2      0015E
_EUSART_Initialize                             text52       01FBB
_EUSART_OverrunErrorHandler                    nvBANK3      001B2
_EUSART_Read                                   text21       01EC3
_EUSART_Receive_ISR                            text86       01F77
_EUSART_RxDataHandler                          text90       01D34
_EUSART_RxDefaultInterruptHandler              nvBANK2      0016C
_EUSART_SetErrorHandler                        text57       01B50
_EUSART_SetFramingErrorHandler                 text56       01B59
_EUSART_SetOverrunErrorHandler                 text55       01B62
_EUSART_SetRxInterruptHandler                  text54       01B6B
_EUSART_SetTxInterruptHandler                  text53       01B74
_EUSART_Transmit_ISR                           text85       01E19
_EUSART_TxDefaultInterruptHandler              nvBANK2      0016E
_EUSART_Write                                  text19       01E93
_EUSART_is_rx_ready                            text60       01B2A
_EUSART_is_tx_ready                            text18       007FB
_EXT_INT_Initialize                            text50       01BD1
_INTCONbits                                    (abs)        0000B
_INTERRUPT_InterruptManager                    intentry     00004
_INTPPS                                        (abs)        00E90
_INT_CallBack                                  text80       01BC3
_INT_DefaultInterruptHandler                   text81       00800
_INT_ISR                                       text79       01B36
_INT_InterruptHandler                          nvBANK2      00166
_INT_SetInterruptHandler                       text51       01B7D
_LATA                                          (abs)        00016
_LATAbits                                      (abs)        00016
_LATB                                          (abs)        00017
_LATC                                          (abs)        00018
_LATD                                          (abs)        00019
_LATE                                          (abs)        0001A
_LED_blink_function                            text63       011A7
_LED_to_blink                                  bssBANK0     00064
_LumThreshold                                  dataBANK1    000E7
_NVMADRH                                       (abs)        0081B
_NVMADRL                                       (abs)        0081A
_NVMCON1bits                                   (abs)        0081E
_NVMCON2                                       (abs)        0081F
_NVMDATH                                       (abs)        0081D
_NVMDATL                                       (abs)        0081C
_ODCONA                                        (abs)        00F3A
_ODCONB                                        (abs)        00F45
_ODCONC                                        (abs)        00F50
_ODCOND                                        (abs)        00F5B
_ODCONE                                        (abs)        00F66
_OSCCON1                                       (abs)        0088D
_OSCCON3                                       (abs)        0088F
_OSCEN                                         (abs)        00891
_OSCFRQ                                        (abs)        00893
_OSCILLATOR_Initialize                         text49       01B86
_OSCTUNE                                       (abs)        00892
_PIE0bits                                      (abs)        00716
_PIE3bits                                      (abs)        00719
_PIE4bits                                      (abs)        0071A
_PIN_MANAGER_Initialize                        text48       01F36
_PIR0bits                                      (abs)        0070C
_PIR3bits                                      (abs)        0070F
_PIR4bits                                      (abs)        00710
_PMD0                                          (abs)        00796
_PMD1                                          (abs)        00797
_PMD2                                          (abs)        00798
_PMD3                                          (abs)        00799
_PMD4                                          (abs)        0079A
_PMD5                                          (abs)        0079B
_PMD_Initialize                                text47       01B48
_PMON                                          dataBANK1    000EB
_PORTAbits                                     (abs)        0000C
_PORTCbits                                     (abs)        0000E
_PPSLOCK                                       (abs)        00E8F
_PPSLOCKbits                                   (abs)        00E8F
_PR2                                           (abs)        0028D
_PR4                                           (abs)        00293
_PWM6CON                                       (abs)        0038E
_PWM6DCH                                       (abs)        0038D
_PWM6DCL                                       (abs)        0038C
_PWM6_Initialize                               text46       01BB6
_PWM6_LoadDutyValue                            text31       01D1B
_PWM_Enable                                    text59       01C1D
_RA6PPS                                        (abs)        00F16
_RC1REG                                        (abs)        00119
_RC1STA                                        (abs)        0011D
_RC1STAbits                                    (abs)        0011D
_RC3PPS                                        (abs)        00F23
_RC4PPS                                        (abs)        00F24
_RC6PPS                                        (abs)        00F26
_RXPPS                                         (abs)        00ECB
_ReadI2C                                       text3        01DF6
_SLRCONA                                       (abs)        00F3B
_SLRCONB                                       (abs)        00F46
_SLRCONC                                       (abs)        00F51
_SLRCOND                                       (abs)        00F5C
_SLRCONE                                       (abs)        00F67
_SP1BRGH                                       (abs)        0011C
_SP1BRGL                                       (abs)        0011B
_SSP1ADD                                       (abs)        0018D
_SSP1BUF                                       (abs)        0018C
_SSP1CLKPPS                                    (abs)        00EC5
_SSP1CON1                                      (abs)        00190
_SSP1CON1bits                                  (abs)        00190
_SSP1CON2                                      (abs)        00191
_SSP1CON2bits                                  (abs)        00191
_SSP1DATPPS                                    (abs)        00EC6
_SSP1MSK                                       (abs)        0018E
_SSP1STAT                                      (abs)        0018F
_SSP1STATbits                                  (abs)        0018F
_SYSTEM_Initialize                             text38       01D8E
_T1CLK                                         (abs)        00211
_T1CON                                         (abs)        0020E
_T1CONbits                                     (abs)        0020E
_T1GATE                                        (abs)        00210
_T1GCON                                        (abs)        0020F
_T1GCONbits                                    (abs)        0020F
_T2CLKCON                                      (abs)        00290
_T2CON                                         (abs)        0028E
_T2CONbits                                     (abs)        0028E
_T2HLT                                         (abs)        0028F
_T2HLTbits                                     (abs)        0028F
_T2PR                                          (abs)        0028D
_T2RST                                         (abs)        00291
_T2RSTbits                                     (abs)        00291
_T2TMR                                         (abs)        0028C
_T3CLK                                         (abs)        00217
_T3CON                                         (abs)        00214
_T3CONbits                                     (abs)        00214
_T3GATE                                        (abs)        00216
_T3GCON                                        (abs)        00215
_T3GCONbits                                    (abs)        00215
_T4CLKCON                                      (abs)        00296
_T4CON                                         (abs)        00294
_T4CONbits                                     (abs)        00294
_T4HLT                                         (abs)        00295
_T4HLTbits                                     (abs)        00295
_T4PR                                          (abs)        00293
_T4RST                                         (abs)        00297
_T4RSTbits                                     (abs)        00297
_T4TMR                                         (abs)        00292
_TALA                                          dataBANK1    000ED
_TMR1H                                         (abs)        0020D
_TMR1L                                         (abs)        0020C
_TMR1_DefaultInterruptHandler                  text76       00002
_TMR1_ISR                                      text75       01CEB
_TMR1_Initialize                               text44       01D50
_TMR1_InterruptHandler                         nvBANK2      00168
_TMR1_SetInterruptHandler                      text45       01B8F
_TMR1_StartTimer                               text7        01B1C
_TMR1_StopTimer                                text6        01B1F
_TMR1_WriteTimer                               text78       01C6F
_TMR2                                          (abs)        0028C
_TMR2_Initialize                               text43       01BDF
_TMR2_Start                                    text30       01B16
_TMR2_StartTimer                               text29       00801
_TMR3H                                         (abs)        00213
_TMR3L                                         (abs)        00212
_TMR3_DefaultInterruptHandler                  text66       00003
_TMR3_ISR                                      text65       01D03
_TMR3_Initialize                               text41       01D6F
_TMR3_InterruptHandler                         nvBANK2      00162
_TMR3_SetInterruptHandler                      text42       01B98
_TMR3_StartTimer                               text28       01B19
_TMR3_StopTimer                                text37       01B0D
_TMR3_WriteTimer                               text74       01C81
_TMR4                                          (abs)        00292
_TMR4_DefaultInterruptHandler                  text64       007FF
_TMR4_ISR                                      text62       01C0D
_TMR4_Initialize                               text39       01CD4
_TMR4_InterruptHandler                         nvBANK2      00160
_TMR4_SetInterruptHandler                      text40       01BA1
_TMR4_Start                                    text36       01B10
_TMR4_StartTimer                               text35       01B2E
_TMR4_Stop                                     text34       01B13
_TMR4_StopTimer                                text33       01B32
_TRISA                                         (abs)        00011
_TRISB                                         (abs)        00012
_TRISC                                         (abs)        00013
_TRISCbits                                     (abs)        00013
_TRISD                                         (abs)        00014
_TRISE                                         (abs)        00015
_TX1REG                                        (abs)        0011A
_TX1STA                                        (abs)        0011E
_TX1STAbits                                    (abs)        0011E
_TempThreshold                                 dataBANK1    000E5
_WPUA                                          (abs)        00F39
_WPUB                                          (abs)        00F44
_WPUC                                          (abs)        00F4F
_WPUC3                                         (abs)        07A7B
_WPUC4                                         (abs)        07A7C
_WPUD                                          (abs)        00F5A
_WPUE                                          (abs)        00F65
_WriteI2C                                      text2        0113A
__CFG_BOREN$ON                                 (abs)        00000
__CFG_BORV$LO                                  (abs)        00000
__CFG_CLKOUTEN$OFF                             (abs)        00000
__CFG_CP$OFF                                   (abs)        00000
__CFG_CPD$OFF                                  (abs)        00000
__CFG_CSWEN$ON                                 (abs)        00000
__CFG_DEBUG$OFF                                (abs)        00000
__CFG_FCMEN$ON                                 (abs)        00000
__CFG_FEXTOSC$OFF                              (abs)        00000
__CFG_LPBOREN$OFF                              (abs)        00000
__CFG_LVP$ON                                   (abs)        00000
__CFG_MCLRE$ON                                 (abs)        00000
__CFG_PPS1WAY$ON                               (abs)        00000
__CFG_PWRTE$OFF                                (abs)        00000
__CFG_RSTOSC$HFINT1                            (abs)        00000
__CFG_SCANE$available                          (abs)        00000
__CFG_STVREN$ON                                (abs)        00000
__CFG_WDTCCS$SC                                (abs)        00000
__CFG_WDTCPS$WDTCPS_31                         (abs)        00000
__CFG_WDTCWS$WDTCWS_7                          (abs)        00000
__CFG_WDTE$OFF                                 (abs)        00000
__CFG_WRT$OFF                                  (abs)        00000
__CFG_ZCD$OFF                                  (abs)        00000
__Habs1                                        abs1         00000
__Hbank0                                       bank0        00000
__Hbank1                                       bank1        00000
__Hbank10                                      bank10       00000
__Hbank11                                      bank11       00000
__Hbank12                                      bank12       00000
__Hbank13                                      bank13       00000
__Hbank14                                      bank14       00000
__Hbank15                                      bank15       00000
__Hbank16                                      bank16       00000
__Hbank17                                      bank17       00000
__Hbank18                                      bank18       00000
__Hbank19                                      bank19       00000
__Hbank2                                       bank2        00000
__Hbank20                                      bank20       00000
__Hbank21                                      bank21       00000
__Hbank22                                      bank22       00000
__Hbank23                                      bank23       00000
__Hbank24                                      bank24       00000
__Hbank25                                      bank25       00000
__Hbank26                                      bank26       00000
__Hbank27                                      bank27       00000
__Hbank28                                      bank28       00000
__Hbank29                                      bank29       00000
__Hbank3                                       bank3        00000
__Hbank30                                      bank30       00000
__Hbank31                                      bank31       00000
__Hbank4                                       bank4        00000
__Hbank5                                       bank5        00000
__Hbank6                                       bank6        00000
__Hbank7                                       bank7        00000
__Hbank8                                       bank8        00000
__Hbank9                                       bank9        00000
__Hbigram                                      bigram       00000
__HbssBANK0                                    bssBANK0     00000
__HbssBANK1                                    bssBANK1     00000
__HbssBANK2                                    bssBANK2     00000
__HbssBANK3                                    bssBANK3     00000
__Hcinit                                       cinit        000AB
__Hclrtext                                     clrtext      00000
__Hcode                                        code         00000
__Hcommon                                      common       00000
__Hconfig                                      config       0800C
__HcstackBANK0                                 cstackBANK0  00000
__HcstackBANK1                                 cstackBANK1  00000
__HcstackCOMMON                                cstackCOMMON 00000
__HdataBANK1                                   dataBANK1    00000
__Heeprom_data                                 eeprom_data  00000
__Hend_init                                    end_init     0007B
__Hfunctab                                     functab      00000
__HidataBANK1                                  idataBANK1   00000
__Hidloc                                       idloc        00000
__Hinit                                        init         00079
__Hinittext                                    inittext     00000
__Hintentry                                    intentry     00079
__Hmaintext                                    maintext     00000
__HnvBANK1                                     nvBANK1      00000
__HnvBANK2                                     nvBANK2      00000
__HnvBANK3                                     nvBANK3      00000
__Hpowerup                                     powerup      00000
__Hram                                         ram          00000
__Hreset_vec                                   reset_vec    00002
__Hsfr0                                        sfr0         00000
__Hsfr1                                        sfr1         00000
__Hsfr10                                       sfr10        00000
__Hsfr11                                       sfr11        00000
__Hsfr12                                       sfr12        00000
__Hsfr13                                       sfr13        00000
__Hsfr14                                       sfr14        00000
__Hsfr15                                       sfr15        00000
__Hsfr16                                       sfr16        00000
__Hsfr17                                       sfr17        00000
__Hsfr18                                       sfr18        00000
__Hsfr19                                       sfr19        00000
__Hsfr2                                        sfr2         00000
__Hsfr20                                       sfr20        00000
__Hsfr21                                       sfr21        00000
__Hsfr22                                       sfr22        00000
__Hsfr23                                       sfr23        00000
__Hsfr24                                       sfr24        00000
__Hsfr25                                       sfr25        00000
__Hsfr26                                       sfr26        00000
__Hsfr27                                       sfr27        00000
__Hsfr28                                       sfr28        00000
__Hsfr29                                       sfr29        00000
__Hsfr3                                        sfr3         00000
__Hsfr30                                       sfr30        00000
__Hsfr31                                       sfr31        00000
__Hsfr4                                        sfr4         00000
__Hsfr5                                        sfr5         00000
__Hsfr6                                        sfr6         00000
__Hsfr7                                        sfr7         00000
__Hsfr8                                        sfr8         00000
__Hsfr9                                        sfr9         00000
__Hspace_0                                     (abs)        0800C
__Hspace_1                                     (abs)        001B4
__Hspace_2                                     (abs)        00000
__Hspace_3                                     (abs)        00000
__Hstack                                       stack        00000
__Hstrings                                     strings      00000
__Hstringtext1                                 stringtext1  00000
__Hstringtext2                                 stringtext2  00000
__Hstringtext3                                 stringtext3  00000
__Hstringtext4                                 stringtext4  00000
__Htext                                        text         00000
__Labs1                                        abs1         00000
__Lbank0                                       bank0        00000
__Lbank1                                       bank1        00000
__Lbank10                                      bank10       00000
__Lbank11                                      bank11       00000
__Lbank12                                      bank12       00000
__Lbank13                                      bank13       00000
__Lbank14                                      bank14       00000
__Lbank15                                      bank15       00000
__Lbank16                                      bank16       00000
__Lbank17                                      bank17       00000
__Lbank18                                      bank18       00000
__Lbank19                                      bank19       00000
__Lbank2                                       bank2        00000
__Lbank20                                      bank20       00000
__Lbank21                                      bank21       00000
__Lbank22                                      bank22       00000
__Lbank23                                      bank23       00000
__Lbank24                                      bank24       00000
__Lbank25                                      bank25       00000
__Lbank26                                      bank26       00000
__Lbank27                                      bank27       00000
__Lbank28                                      bank28       00000
__Lbank29                                      bank29       00000
__Lbank3                                       bank3        00000
__Lbank30                                      bank30       00000
__Lbank31                                      bank31       00000
__Lbank4                                       bank4        00000
__Lbank5                                       bank5        00000
__Lbank6                                       bank6        00000
__Lbank7                                       bank7        00000
__Lbank8                                       bank8        00000
__Lbank9                                       bank9        00000
__Lbigram                                      bigram       00000
__LbssBANK0                                    bssBANK0     00000
__LbssBANK1                                    bssBANK1     00000
__LbssBANK2                                    bssBANK2     00000
__LbssBANK3                                    bssBANK3     00000
__Lcinit                                       cinit        0007B
__Lclrtext                                     clrtext      00000
__Lcode                                        code         00000
__Lcommon                                      common       00000
__Lconfig                                      config       08007
__LcstackBANK0                                 cstackBANK0  00000
__LcstackBANK1                                 cstackBANK1  00000
__LcstackCOMMON                                cstackCOMMON 00000
__LdataBANK1                                   dataBANK1    00000
__Leeprom_data                                 eeprom_data  00000
__Lend_init                                    end_init     00079
__Lfunctab                                     functab      00000
__LidataBANK1                                  idataBANK1   00000
__Lidloc                                       idloc        00000
__Linit                                        init         00079
__Linittext                                    inittext     00000
__Lintentry                                    intentry     00004
__Lmaintext                                    maintext     00000
__LnvBANK1                                     nvBANK1      00000
__LnvBANK2                                     nvBANK2      00000
__LnvBANK3                                     nvBANK3      00000
__Lpowerup                                     powerup      00000
__Lram                                         ram          00000
__Lreset_vec                                   reset_vec    00000
__Lsfr0                                        sfr0         00000
__Lsfr1                                        sfr1         00000
__Lsfr10                                       sfr10        00000
__Lsfr11                                       sfr11        00000
__Lsfr12                                       sfr12        00000
__Lsfr13                                       sfr13        00000
__Lsfr14                                       sfr14        00000
__Lsfr15                                       sfr15        00000
__Lsfr16                                       sfr16        00000
__Lsfr17                                       sfr17        00000
__Lsfr18                                       sfr18        00000
__Lsfr19                                       sfr19        00000
__Lsfr2                                        sfr2         00000
__Lsfr20                                       sfr20        00000
__Lsfr21                                       sfr21        00000
__Lsfr22                                       sfr22        00000
__Lsfr23                                       sfr23        00000
__Lsfr24                                       sfr24        00000
__Lsfr25                                       sfr25        00000
__Lsfr26                                       sfr26        00000
__Lsfr27                                       sfr27        00000
__Lsfr28                                       sfr28        00000
__Lsfr29                                       sfr29        00000
__Lsfr3                                        sfr3         00000
__Lsfr30                                       sfr30        00000
__Lsfr31                                       sfr31        00000
__Lsfr4                                        sfr4         00000
__Lsfr5                                        sfr5         00000
__Lsfr6                                        sfr6         00000
__Lsfr7                                        sfr7         00000
__Lsfr8                                        sfr8         00000
__Lsfr9                                        sfr9         00000
__Lspace_0                                     (abs)        00000
__Lspace_1                                     (abs)        00000
__Lspace_2                                     (abs)        00000
__Lspace_3                                     (abs)        00000
__Lstack                                       stack        00000
__Lstrings                                     strings      00000
__Lstringtext1                                 stringtext1  00000
__Lstringtext2                                 stringtext2  00000
__Lstringtext3                                 stringtext3  00000
__Lstringtext4                                 stringtext4  00000
__Ltext                                        text         00000
__S0                                           (abs)        0800C
__S1                                           (abs)        001B4
__S2                                           (abs)        00000
__S3                                           (abs)        00000
___awdiv                                       text10       010D0
___awdiv@counter                               cstackBANK1  000A5
___awdiv@dividend                              cstackBANK1  000A2
___awdiv@divisor                               cstackBANK1  000A0
___awdiv@quotient                              cstackBANK1  000A7
___awdiv@sign                                  cstackBANK1  000A6
___awmod                                       text14       0079D
___awmod@counter                               cstackBANK1  000B6
___awmod@dividend                              cstackBANK1  000B3
___awmod@divisor                               cstackBANK1  000B1
___awmod@sign                                  cstackBANK1  000B7
___fldiv                                       text73       005BE
___fldiv@a                                     cstackBANK0  00020
___fldiv@aexp                                  cstackBANK0  00039
___fldiv@b                                     cstackBANK0  00024
___fldiv@bexp                                  cstackBANK0  00038
___fldiv@grs                                   cstackBANK0  00034
___fldiv@new_exp                               cstackBANK0  00032
___fldiv@rem                                   cstackBANK0  0002D
___fldiv@sign                                  cstackBANK0  00031
___fltol                                       text72       01215
___fltol@exp1                                  cstackBANK0  00058
___fltol@f1                                    cstackBANK0  0004E
___fltol@sign1                                 cstackBANK0  00057
___int_sp                                      stack        00000
___latbits                                     (abs)        00002
___sp                                          stack        00000
___wmul                                        text20       01DB0
___wmul@multiplicand                           cstackBANK1  000AB
___wmul@multiplier                             cstackBANK1  000A9
___wmul@product                                cstackBANK1  000AD
___xxtofl                                      text71       0134E
___xxtofl@arg                                  cstackCOMMON 0007A
___xxtofl@exp                                  cstackCOMMON 00079
___xxtofl@sign                                 cstackCOMMON 00078
___xxtofl@val                                  cstackCOMMON 00070
__end_of_ADCC_GetSingleConversion              text24       01CA8
__end_of_ADCC_Initialize                       text58       01CD4
__end_of_DATAEE_ReadByte                       text32       01C3D
__end_of_DATAEE_WriteByte                      text26       01E63
__end_of_EUSART_DefaultErrorHandler            text89       01B26
__end_of_EUSART_DefaultFramingErrorHandler     text88       01B0A
__end_of_EUSART_DefaultOverrunErrorHandler     text87       01B2A
__end_of_EUSART_Initialize                     text52       02000
__end_of_EUSART_Read                           text21       01EF8
__end_of_EUSART_Receive_ISR                    text86       01FBB
__end_of_EUSART_RxDataHandler                  text90       01D50
__end_of_EUSART_SetErrorHandler                text57       01B59
__end_of_EUSART_SetFramingErrorHandler         text56       01B62
__end_of_EUSART_SetOverrunErrorHandler         text55       01B6B
__end_of_EUSART_SetRxInterruptHandler          text54       01B74
__end_of_EUSART_SetTxInterruptHandler          text53       01B7D
__end_of_EUSART_Transmit_ISR                   text85       01E3E
__end_of_EUSART_Write                          text19       01EC3
__end_of_EUSART_is_rx_ready                    text60       01B2E
__end_of_EUSART_is_tx_ready                    text18       007FF
__end_of_EXT_INT_Initialize                    text50       01BDF
__end_of_INTERRUPT_InterruptManager            intentry     00079
__end_of_INT_CallBack                          text80       01BD1
__end_of_INT_DefaultInterruptHandler           text81       00801
__end_of_INT_ISR                               text79       01B3C
__end_of_INT_SetInterruptHandler               text51       01B86
__end_of_LED_blink_function                    text63       01215
__end_of_OSCILLATOR_Initialize                 text49       01B8F
__end_of_PIN_MANAGER_Initialize                text48       01F77
__end_of_PMD_Initialize                        text47       01B50
__end_of_PWM6_Initialize                       text46       01BC3
__end_of_PWM6_LoadDutyValue                    text31       01D34
__end_of_PWM_Enable                            text59       01C2D
__end_of_ReadI2C                               text3        01E19
__end_of_SYSTEM_Initialize                     text38       01DB0
__end_of_TMR1_DefaultInterruptHandler          text76       00003
__end_of_TMR1_ISR                              text75       01D03
__end_of_TMR1_Initialize                       text44       01D6F
__end_of_TMR1_SetInterruptHandler              text45       01B98
__end_of_TMR1_StartTimer                       text7        01B1F
__end_of_TMR1_StopTimer                        text6        01B22
__end_of_TMR1_WriteTimer                       text78       01C81
__end_of_TMR2_Initialize                       text43       01BED
__end_of_TMR2_Start                            text30       01B19
__end_of_TMR2_StartTimer                       text29       00805
__end_of_TMR3_DefaultInterruptHandler          text66       00004
__end_of_TMR3_ISR                              text65       01D1B
__end_of_TMR3_Initialize                       text41       01D8E
__end_of_TMR3_SetInterruptHandler              text42       01BA1
__end_of_TMR3_StartTimer                       text28       01B1C
__end_of_TMR3_StopTimer                        text37       01B10
[...]

 *************** function _s1PressedInterruptHandler *****************
 Defined at:
		line 29 in file "interruptions.c"
 Parameters:    Size  Location     Type
		None
 Auto vars:     Size  Location     Type
		None
 Return value:  Size  Location     Type
                  1    wreg      void 
 Registers used:
		wreg, status,2, status,0, pclath, cstack
 Tracked objects:
		On entry : 
		On exit  : 
		Unchanged: 
 Data sizes:     COMMON   BANK0   BANK1   BANK2   BANK3   BANK4   BANK5   BANK6   BANK7   BANK8   BANK9  BANK10  BANK11  BANK12
      Params:         0       0       0       0       0       0       0       0       0       0       0       0       0       0
      Locals:         0       0       0       0       0       0       0       0       0       0       0       0       0       0
      Temps:          0       0       0       0       0       0       0       0       0       0       0       0       0       0
      Totals:         0       0       0       0       0       0       0       0       0       0       0       0       0       0
Total ram usage:        0 bytes
 Hardware stack levels used:    1
 Hardware stack levels required when called:    2
 This function calls:
		i1_PWM6_LoadDutyValue
		i1_clearLeds
 This function is called by:
		_main
		_INT_CallBack
 This function uses a non-reentrant model


 *************** function i1_clearLeds *****************
 Defined at:
		line 238 in file "stateModifiers.c"
 Parameters:    Size  Location     Type
		None
 Auto vars:     Size  Location     Type
		None
 Return value:  Size  Location     Type
                  1    wreg      void 
 Registers used:
		wreg, status,2, status,0, pclath, cstack
 Tracked objects:
		On entry : 
		On exit  : 
		Unchanged: 
 Data sizes:     COMMON   BANK0   BANK1   BANK2   BANK3   BANK4   BANK5   BANK6   BANK7   BANK8   BANK9  BANK10  BANK11  BANK12
      Params:         0       0       0       0       0       0       0       0       0       0       0       0       0       0
      Locals:         0       0       0       0       0       0       0       0       0       0       0       0       0       0
      Temps:          0       0       0       0       0       0       0       0       0       0       0       0       0       0
      Totals:         0       0       0       0       0       0       0       0       0       0       0       0       0       0
Total ram usage:        0 bytes
 Hardware stack levels used:    1
 Hardware stack levels required when called:    1
 This function calls:
		i1_PWM6_LoadDutyValue
 This function is called by:
		_s1PressedInterruptHandler
 This function uses a non-reentrant model


 *************** function i1_PWM6_LoadDutyValue *****************
 Defined at:
		line 74 in file "mcc_generated_files/pwm6.c"
 Parameters:    Size  Location     Type
  dutyValue       2    0[COMMON] unsigned short 
 Auto vars:     Size  Location     Type
		None
 Return value:  Size  Location     Type
                  1    wreg      void 
 Registers used:
		wreg, status,2, status,0
 Tracked objects:
		On entry : 
		On exit  : 
		Unchanged: 
 Data sizes:     COMMON   BANK0   BANK1   BANK2   BANK3   BANK4   BANK5   BANK6   BANK7   BANK8   BANK9  BANK10  BANK11  BANK12
      Params:         2       0       0       0       0       0       0       0       0       0       0       0       0       0
      Locals:         0       0       0       0       0       0       0       0       0       0       0       0       0       0
      Temps:          2       0       0       0       0       0       0       0       0       0       0       0       0       0
      Totals:         4       0       0       0       0       0       0       0       0       0       0       0       0       0
Total ram usage:        4 bytes
 Hardware stack levels used:    1
 This function calls:
		Nothing
 This function is called by:
		_s1PressedInterruptHandler
		_LED_blink_function
		_change_PWM
		i1_clearLeds
 This function uses a non-reentrant model


 *************** function _EUSART_Transmit_ISR *****************
 Defined at:
		line 203 in file "mcc_generated_files/eusart.c"
 Parameters:    Size  Location     Type
		None
 Auto vars:     Size  Location     Type
		None
 Return value:  Size  Location     Type
                  1    wreg      void 
 Registers used:
		wreg, fsr1l, fsr1h, status,2, status,0
 Tracked objects:
		On entry : 
		On exit  : 
		Unchanged: 
 Data sizes:     COMMON   BANK0   BANK1   BANK2   BANK3   BANK4   BANK5   BANK6   BANK7   BANK8   BANK9  BANK10  BANK11  BANK12
      Params:         0       0       0       0       0       0       0       0       0       0       0       0       0       0
      Locals:         0       0       0       0       0       0       0       0       0       0       0       0       0       0
      Temps:          1       0       0       0       0       0       0       0       0       0       0       0       0       0
      Totals:         1       0       0       0       0       0       0       0       0       0       0       0       0       0
Total ram usage:        1 bytes
 Hardware stack levels used:    1
 This function calls:
		Nothing
 This function is called by:
		_EUSART_Initialize
		_INTERRUPT_InterruptManager
 This function uses a non-reentrant model


 *************** function _EUSART_Receive_ISR *****************
 Defined at:
		line 222 in file "mcc_generated_files/eusart.c"
 Parameters:    Size  Location     Type
		None
 Auto vars:     Size  Location     Type
		None
 Return value:  Size  Location     Type
                  1    wreg      void 
 Registers used:
		wreg, fsr1l, fsr1h, status,2, status,0, pclath, cstack
 Tracked objects:
		On entry : 
		On exit  : 
		Unchanged: 
 Data sizes:     COMMON   BANK0   BANK1   BANK2   BANK3   BANK4   BANK5   BANK6   BANK7   BANK8   BANK9  BANK10  BANK11  BANK12
      Params:         0       0       0       0       0       0       0       0       0       0       0       0       0       0
      Locals:         0       0       0       0       0       0       0       0       0       0       0       0       0       0
      Temps:          0       0       0       0       0       0       0       0       0       0       0       0       0       0
      Totals:         0       0       0       0       0       0       0       0       0       0       0       0       0       0
Total ram usage:        0 bytes
 Hardware stack levels used:    1
 Hardware stack levels required when called:    2
 This function calls:
		Absolute function
		_EUSART_DefaultErrorHandler
		_EUSART_DefaultFramingErrorHandler
		_EUSART_DefaultOverrunErrorHandler
		_EUSART_RxDataHandler
 This function is called by:
		_EUSART_Initialize
		_INTERRUPT_InterruptManager
 This function uses a non-reentrant model


 *************** function _EUSART_DefaultOverrunErrorHandler *****************
 Defined at:
		line 258 in file "mcc_generated_files/eusart.c"
 Parameters:    Size  Location     Type
		None
 Auto vars:     Size  Location     Type
		None
 Return value:  Size  Location     Type
                  1    wreg      void 
 Registers used:
		None
 Tracked objects:
		On entry : 
		On exit  : 
		Unchanged: 
 Data sizes:     COMMON   BANK0   BANK1   BANK2   BANK3   BANK4   BANK5   BANK6   BANK7   BANK8   BANK9  BANK10  BANK11  BANK12
      Params:         0       0       0       0       0       0       0       0       0       0       0       0       0       0
      Locals:         0       0       0       0       0       0       0       0       0       0       0       0       0       0
      Temps:          0       0       0       0       0       0       0       0       0       0       0       0       0       0
      Totals:         0       0       0       0       0       0       0       0       0       0       0       0       0       0
Total ram usage:        0 bytes
 Hardware stack levels used:    1
 This function calls:
		Nothing
 This function is called by:
		_EUSART_Initialize
		_EUSART_Receive_ISR
 This function uses a non-reentrant model


 *************** function _EUSART_DefaultFramingErrorHandler *****************
 Defined at:
		line 256 in file "mcc_generated_files/eusart.c"
 Parameters:    Size  Location     Type
		None
 Auto vars:     Size  Location     Type
		None
 Return value:  Size  Location     Type
                  1    wreg      void 
 Registers used:
		None
 Tracked objects:
		On entry : 
		On exit  : 
		Unchanged: 
 Data sizes:     COMMON   BANK0   BANK1   BANK2   BANK3   BANK4   BANK5   BANK6   BANK7   BANK8   BANK9  BANK10  BANK11  BANK12
      Params:         0       0       0       0       0       0       0       0       0       0       0       0       0       0
      Locals:         0       0       0       0       0       0       0       0       0       0       0       0       0       0
      Temps:          0       0       0       0       0       0       0       0       0       0       0       0       0       0
      Totals:         0       0       0       0       0       0       0       0       0       0       0       0       0       0
Total ram usage:        0 bytes
 Hardware stack levels used:    1
 This function calls:
		Nothing
 This function is called by:
		_EUSART_Initialize
		_EUSART_Receive_ISR
 This function uses a non-reentrant model


 *************** function _EUSART_DefaultErrorHandler *****************
 Defined at:
		line 266 in file "mcc_generated_files/eusart.c"
 Parameters:    Size  Location     Type
		None
 Auto vars:     Size  Location     Type
		None
 Return value:  Size  Location     Type
                  1    wreg      void 
 Registers used:
		wreg, fsr1l, fsr1h, status,2, status,0, pclath, cstack
 Tracked objects:
		On entry : 
		On exit  : 
		Unchanged: 
 Data sizes:     COMMON   BANK0   BANK1   BANK2   BANK3   BANK4   BANK5   BANK6   BANK7   BANK8   BANK9  BANK10  BANK11  BANK12
      Params:         0       0       0       0       0       0       0       0       0       0       0       0       0       0
      Locals:         0       0       0       0       0       0       0       0       0       0       0       0       0       0
      Temps:          0       0       0       0       0       0       0       0       0       0       0       0       0       0
      Totals:         0       0       0       0       0       0       0       0       0       0       0       0       0       0
Total ram usage:        0 bytes
 Hardware stack levels used:    1
 Hardware stack levels required when called:    1
 This function calls:
		_EUSART_RxDataHandler
 This function is called by:
		_EUSART_Initialize
		_EUSART_Receive_ISR
 This function uses a non-reentrant model


 *************** function _EUSART_RxDataHandler *****************
 Defined at:
		line 246 in file "mcc_generated_files/eusart.c"
 Parameters:    Size  Location     Type
		None
 Auto vars:     Size  Location     Type
		None
 Return value:  Size  Location     Type
                  1    wreg      void 
 Registers used:
		wreg, fsr1l, fsr1h, status,2, status,0
 Tracked objects:
		On entry : 
		On exit  : 
		Unchanged: 
 Data sizes:     COMMON   BANK0   BANK1   BANK2   BANK3   BANK4   BANK5   BANK6   BANK7   BANK8   BANK9  BANK10  BANK11  BANK12
      Params:         0       0       0       0       0       0       0       0       0       0       0       0       0       0
      Locals:         0       0       0       0       0       0       0       0       0       0       0       0       0       0
      Temps:          1       0       0       0       0       0       0       0       0       0       0       0       0       0
      Totals:         1       0       0       0       0       0       0       0       0       0       0       0       0       0
Total ram usage:        1 bytes
 Hardware stack levels used:    1
 This function calls:
		Nothing
 This function is called by:
		_EUSART_Receive_ISR
		_EUSART_DefaultErrorHandler
 This function uses a non-reentrant model



MODULE INFORMATION

Module		Function		Class		Link	Load	Size
mcc_generated_files/pwm6.c
		_PWM6_LoadDutyValue		CODE           	1D1B	0000	26
		_PWM6_Initialize		CODE           	1BB6	0000	14

mcc_generated_files/pwm6.c estimated size: 40

mcc_generated_files/tmr4.c
		_TMR4_ISR      		CODE           	1C0D	0000	17
		_TMR4_Initialize		CODE           	1CD4	0000	24
		_TMR4_Stop     		CODE           	1B13	0000	4
		_TMR4_Start    		CODE           	1B10	0000	4
		_TMR4_SetInterruptHandler		CODE           	1BA1	0000	10
		_TMR4_StopTimer		CODE           	1B32	0000	5
		_TMR4_DefaultInterruptHandler		CODE           	07FF	0000	2
		_TMR4_StartTimer		CODE           	1B2E	0000	5

mcc_generated_files/tmr4.c estimated size: 71

C:\Program Files (x86)\Microchip\xc8\v2.00\pic\sources\c99\common\sprcdiv.c
		___fldiv       		CODE           	05BE	0000	480

C:\Program Files (x86)\Microchip\xc8\v2.00\pic\sources\c99\common\sprcdiv.c estimated size: 480

mcc_generated_files/tmr2.c
		_TMR2_Initialize		CODE           	1BDF	0000	15
		_TMR2_Start    		CODE           	1B16	0000	4
		_TMR2_StartTimer		CODE           	0801	0000	5

mcc_generated_files/tmr2.c estimated size: 24

mcc_generated_files/interrupt_manager.c
		_INTERRUPT_InterruptManager		CODE           	0004	0000	118

mcc_generated_files/interrupt_manager.c estimated size: 118

C:\Program Files (x86)\Microchip\xc8\v2.00\pic\sources\c99\common\xxtofl.c
		___xxtofl      		CODE           	134E	0000	181

C:\Program Files (x86)\Microchip\xc8\v2.00\pic\sources\c99\common\xxtofl.c estimated size: 181

C:\Program Files (x86)\Microchip\xc8\v2.00\pic\sources\c99\common\awmod.c
		___awmod       		CODE           	079D	0000	95

C:\Program Files (x86)\Microchip\xc8\v2.00\pic\sources\c99\common\awmod.c estimated size: 95

i2c.c
		_ReadI2C       		CODE           	1DF6	0000	36
		_tsttc         		CODE           	09D7	0000	394
		_WriteI2C      		CODE           	113A	0000	110

i2c.c estimated size: 540

mcc_generated_files/pin_manager.c
		_PIN_MANAGER_Initialize		CODE           	1F36	0000	66

mcc_generated_files/pin_manager.c estimated size: 66

stateModifiers.c
		_incrementor   		CODE           	15E8	0000	268
		_clearLeds     		CODE           	1C5E	0000	18
		_update_lights 		CODE           	1EF8	0000	63
		_s1Pressed     		CODE           	16F3	0000	270
		_s2Pressed     		CODE           	0B60	0000	397

stateModifiers.c estimated size: 1016

pwmAlarm.c
		_checkVariablesForAlarm		CODE           	0805	0000	126
		_PWM_Enable    		CODE           	1C1D	0000	17
		_change_PWM    		CODE           	12AA	0000	165

pwmAlarm.c estimated size: 308

measureAndSaveFunctions.c
		_setLedLuminosity		CODE           	1DD3	0000	36
		_getValuesFromPreviousSession		CODE           	14F1	0000	248
		_get_luminosity		CODE           	102F	0000	76
		_sensor_timer  		CODE           	0CEC	0000	789

measureAndSaveFunctions.c estimated size: 1149

mcc_generated_files/ext_int.c
		_INT_DefaultInterruptHandler		CODE           	0800	0000	2
		_EXT_INT_Initialize		CODE           	1BD1	0000	15
		_INT_SetInterruptHandler		CODE           	1B7D	0000	10
		_INT_CallBack  		CODE           	1BC3	0000	15
		_INT_ISR       		CODE           	1B36	0000	7

mcc_generated_files/ext_int.c estimated size: 49

C:\Program Files (x86)\Microchip\xc8\v2.00\pic\sources\c99\common\awdiv.c
		___awdiv       		CODE           	10D0	0000	107

C:\Program Files (x86)\Microchip\xc8\v2.00\pic\sources\c99\common\awdiv.c estimated size: 107

C:\Program Files (x86)\Microchip\xc8\v2.00\pic\sources\c99\common\ceilf.c
		_ceilf         		CODE           	1402	0000	240

C:\Program Files (x86)\Microchip\xc8\v2.00\pic\sources\c99\common\ceilf.c estimated size: 240

shared
		i1_PWM_Enable  		CODE           	1BFD	0000	17
		i1_TMR3_StopTimer		CODE           	1B0A	0000	4
		_max_min       		STRCODE        	1852	0000	3
		_max_hour      		STRCODE        	1854	0000	3
		_max_temp      		STRCODE        	1850	0000	3
		i1_clearLeds   		CODE           	1BED	0000	17
		_max_lum       		STRCODE        	184E	0000	3
		__initialization		CODE           	007B	0000	45
		i1_PWM6_LoadDutyValue		CODE           	1CA8	0000	23

shared estimated size: 118

C:\Program Files (x86)\Microchip\xc8\v2.00\pic\sources\c99\common\fltol.c
		___fltol       		CODE           	1215	0000	150

C:\Program Files (x86)\Microchip\xc8\v2.00\pic\sources\c99\common\fltol.c estimated size: 150

mcc_generated_files/mcc.c
		_PMD_Initialize		CODE           	1B48	0000	9
		_OSCILLATOR_Initialize		CODE           	1B86	0000	10
		_SYSTEM_Initialize		CODE           	1D8E	0000	35

mcc_generated_files/mcc.c estimated size: 54

mcc_generated_files/tmr3.c
		_TMR3_ISR      		CODE           	1D03	0000	25
		_TMR3_Initialize		CODE           	1D6F	0000	32
		_TMR3_SetInterruptHandler		CODE           	1B98	0000	10
		_TMR3_StopTimer		CODE           	1B0D	0000	4
		_TMR3_DefaultInterruptHandler		CODE           	0003	0000	2
		_TMR3_WriteTimer		CODE           	1C81	0000	19
		_TMR3_StartTimer		CODE           	1B19	0000	4

mcc_generated_files/tmr3.c estimated size: 96

interruptions.c
		_LED_blink_function		CODE           	11A7	0000	111
		_s1PressedInterruptHandler		CODE           	1E63	0000	49
		_changeleds    		CODE           	1000	0000	48

interruptions.c estimated size: 208

mcc_generated_files/tmr1.c
		_TMR1_Initialize		CODE           	1D50	0000	32
		_TMR1_SetInterruptHandler		CODE           	1B8F	0000	10
		_TMR1_StopTimer		CODE           	1B1F	0000	4
		_TMR1_DefaultInterruptHandler		CODE           	0002	0000	2
		_TMR1_WriteTimer		CODE           	1C6F	0000	19
		_TMR1_StartTimer		CODE           	1B1C	0000	4
		_TMR1_ISR      		CODE           	1CEB	0000	25

mcc_generated_files/tmr1.c estimated size: 96

mcc_generated_files/memory.c
		_DATAEE_WriteByte		CODE           	1E3E	0000	38
		_DATAEE_ReadByte		CODE           	1C2D	0000	17

mcc_generated_files/memory.c estimated size: 55

mcc_generated_files/i2c1_driver.c
		_i2c1_driver_open		CODE           	1C3D	0000	17

mcc_generated_files/i2c1_driver.c estimated size: 17

coms.c
		_readbytes     		CODE           	107A	0000	87
		_writebytes    		CODE           	1C4D	0000	18
		_interp_msg    		CODE           	00AB	0000	1300

coms.c estimated size: 1405

mcc_generated_files/eusart.c
		_EUSART_SetRxInterruptHandler		CODE           	1B6B	0000	10
		_EUSART_SetTxInterruptHandler		CODE           	1B74	0000	10
		_EUSART_Read   		CODE           	1EC3	0000	54
		_EUSART_DefaultOverrunErrorHandler		CODE           	1B26	0000	5
		_EUSART_Write  		CODE           	1E93	0000	49
		_EUSART_DefaultErrorHandler		CODE           	1B22	0000	5
		_EUSART_Transmit_ISR		CODE           	1E19	0000	38
		_EUSART_Initialize		CODE           	1FBB	0000	70
		_EUSART_SetFramingErrorHandler		CODE           	1B59	0000	10
		_EUSART_SetErrorHandler		CODE           	1B50	0000	10
		_EUSART_SetOverrunErrorHandler		CODE           	1B62	0000	10
		_EUSART_Receive_ISR		CODE           	1F77	0000	69
		_EUSART_RxDataHandler		CODE           	1D34	0000	29
		_EUSART_DefaultFramingErrorHandler		CODE           	1B09	0000	2
		_EUSART_is_rx_ready		CODE           	1B2A	0000	5
		_EUSART_is_tx_ready		CODE           	07FB	0000	5

mcc_generated_files/eusart.c estimated size: 381

mcc_generated_files/adcc.c
		_ADCC_GetSingleConversion		CODE           	1C93	0000	22
		_ADCC_Initialize		CODE           	1CBE	0000	23

mcc_generated_files/adcc.c estimated size: 45

C:\Program Files (x86)\Microchip\xc8\v2.00\pic\sources\c99\common\Umul16.c
		___wmul        		CODE           	1DB0	0000	36

C:\Program Files (x86)\Microchip\xc8\v2.00\pic\sources\c99\common\Umul16.c estimated size: 36

main.c
		_main          		CODE           	0882	0000	342

main.c estimated size: 342

