Microchip MPLAB XC8 Compiler V2.00 ()

Linker command line:

-W-3 --edf=C:\Program Files (x86)\Microchip\xc8\v2.00\pic\dat\en_msgs.txt \
  -cs -h+dist/default/debug\SCE_Project.debug.sym \
  --cmf=dist/default/debug\SCE_Project.debug.cmf -z -Q16F18875 \
  -oC:\Users\Rui\AppData\Local\Temp\s898.2 --defsym=__MPLAB_BUILD=1 \
  -Mdist/default/debug/SCE_Project.debug.map -E1 -ver=XC8 --acfsm=1493 \
  -ASTACK=02057h-023efh -pstack=STACK -ACODE=00h-07FFhx4 \
  -ASTRCODE=00h-01FFFh -ASTRING=00h-0FFhx32 -ACONST=00h-0FFhx32 \
  -AENTRY=00h-0FFhx32 -ACOMMON=070h-07Fh -ABANK0=020h-06Fh \
  -ABANK1=0A0h-0EFh -ABANK2=0120h-016Fh -ABANK3=01A0h-01EFh \
  -ABANK4=0220h-026Fh -ABANK5=02A0h-02EFh -ABANK6=0320h-036Fh \
  -ABANK7=03A0h-03EFh -ABANK8=0420h-046Fh -ABANK9=04A0h-04EFh \
  -ABANK10=0520h-056Fh -ABANK11=05A0h-05EFh -ABANK12=0620h-064Fh \
  -ABIGRAM=02000h-023EFh \
  -ARAM=020h-06Fh,0A0h-0EFh,0120h-016Fh,01A0h-01EFh,0220h-026Fh,02A0h-02EFh,0320h-036Fh,03A0h-03EFh,0420h-046Fh,04A0h-04EFh,0520h-056Fh,05A0h-05EFh,0620h-064Fh \
  -AABS1=020h-07Fh,0A0h-0EFh,0120h-016Fh,01A0h-01EFh,0220h-026Fh,02A0h-02EFh,0320h-036Fh,03A0h-03EFh,0420h-046Fh,04A0h-04EFh,0520h-056Fh,05A0h-05EFh,0620h-064Fh \
  -ASFR0=00h-01Fh -ASFR1=080h-09Fh -ASFR2=0100h-011Fh -ASFR3=0180h-019Fh \
  -ASFR4=0200h-021Fh -ASFR5=0280h-029Fh -ASFR6=0300h-031Fh \
  -ASFR7=0380h-039Fh -ASFR8=0400h-041Fh -ASFR9=0480h-049Fh \
  -ASFR10=0500h-051Fh -ASFR11=0580h-059Fh -ASFR12=0600h-061Fh \
  -ASFR13=0680h-06EFh -ASFR14=0700h-076Fh -ASFR15=0780h-07EFh \
  -ASFR16=0800h-086Fh -ASFR17=0880h-08EFh -ASFR18=0900h-096Fh \
  -ASFR19=0980h-09EFh -ASFR20=0A00h-0A6Fh -ASFR21=0A80h-0AEFh \
  -ASFR22=0B00h-0B6Fh -ASFR23=0B80h-0BEFh -ASFR24=0C00h-0C6Fh \
  -ASFR25=0C80h-0CEFh -ASFR26=0D00h-0D6Fh -ASFR27=0D80h-0DEFh \
  -ASFR28=0E00h-0E6Fh -ASFR29=0E80h-0EEFh -ASFR30=0F00h-0F6Fh \
  -ASFR31=0F80h-0FEFh -preset_vec=00h,intentry=04h,init,end_init \
  -ppowerup=CODE -pcinit=CODE -pfunctab=ENTRY -ACONFIG=08007h-0800Bh \
  -pconfig=CONFIG -DCONFIG=2 -AIDLOC=08000h-08003h -pidloc=IDLOC -DIDLOC=2 \
  -AEEDATA=00h-0FFh/0F000h -peeprom_data=EEDATA -DEEDATA=2 -DCODE=2 \
  -DSTRCODE=2 -DSTRING=2 -DCONST=2 -DENTRY=2 -k \
  C:\Users\Rui\AppData\Local\Temp\s898.o \
  dist/default/debug\SCE_Project.debug.o 

Object code version is 3.11

Machine type is 16F18875



                Name                               Link     Load   Length Selector   Space Scale
C:\Users\Rui\AppData\Local\Temp\s898.o
                end_init                             59       59        2        8       0
                reset_vec                             0        0        2        0       0
                config                             8007     8007        5    1000E       0
dist/default/debug\SCE_Project.debug.o
                cinit                                5B       5B       1C        8       0
                intentry                              4        4       55        8       0
                text63                              A43      A43       16     1486       0
                text62                              9BF      9BF       10     137E       0
                text61                              B8A      B8A       27     1714       0
                text60                                2        2        1        0       0
                text59                              9A3      9A3        E     1346       0
                text58                              939      939        6     1272       0
                text57                              A1F      A1F       12     143E       0
                text56                              BB1      BB1       2C     1762       0
                text55                                3        3        1        6       0
                text54                              A85      A85       18     150A       0
                text53                              A31      A31       12     1462       0
                text52                              9CF      9CF       10     139E       0
                text51                              915      915        3     122A       0
                text50                              BDD      BDD       2C     17BA       0
                text49                              7FF      7FF        1        8       0
                text48                              A9D      A9D       18     153A       0
                text47                              7FE      7FE        1        8       0
                text46                              D79      D79       69     1AF2       0
                text45                              9DF      9DF       10     13BE       0
                text43                              9EF      9EF       10     13DE       0
                text42                              A59      A59       16     14B2       0
                text41                              93F      93F        6     127E       0
                text40                              97C      97C        D     12F8       0
                text39                              973      973        9     12E6       0
                text38                              C3E      C3E       3D     187C       0
                text37                              963      963        8     12C6       0
                text36                              989      989        D     1312       0
                text35                              945      945        6     128A       0
                text34                              ACD      ACD       1E     159A       0
                text33                              9B1      9B1        E     1362       0
                text32                              94B      94B        6     1296       0
                text31                              AEB      AEB       1E     15D6       0
                text30                              951      951        6     12A2       0
                text29                              A6F      A6F       16     14DE       0
                text28                              B27      B27       1F     164E       0
                text27                              918      918        3     1230       0
                text26                              92D      92D        4     125A       0
                text25                              91B      91B        3     1236       0
                text24                              91E      91E        3     123C       0
                text23                              921      921        3     1242       0
                text22                              931      931        4     1262       0
                text21                              924      924        3     1248       0
                text20                              935      935        4     126A       0
                text19                              AB5      AB5       18     156A       0
                text18                              C7B      C7B       42     18F6       0
                text17                              9FF      9FF       10     13FE       0
                text16                              996      996        D     132C       0
                text15                              CBD      CBD       5E     197A       0
                text14                              7E5      7E5       19        8       0
                text13                              A0F      A0F       10     141E       0
                text12                              C09      C09       35     1812       0
                swtext2                             818      818       18     1000       0
                text11                              6E1      6E1      104        8       0
                text10                              B66      B66       24     16CC       0
                text9                               DE2      DE2       B6     1BC4       0
                swtext1                             800      800       18     1000       0
                text8                               E98      E98      168     1D30       0
                text7                               927      927        3     124E       0
                text6                               92A      92A        3     1254       0
                text5                                77       77      30F        8       0
                text4                               B46      B46       20     168C       0
                text3                               B09      B09       1E     1612       0
                text2                               D1B      D1B       5E     1A36       0
                text1                               558      558      189        8       0
                maintext                            386      386      1D2        8       0
                cstackBANK0                          20       20       25       20       1
                cstackCOMMON                         70       70        6       70       1
                cstackBANK1                          A0       A0        7       A0       1
                clrtext                             957      957        6     12AE       0
                inittext                            95D      95D        6     12BA       0
                dataBANK0                            65       65        8       20       1
                bssBANK0                             45       45       14       20       1
                bssCOMMON                            76       76        4       70       1
                nvBANK0                              59       59        C       20       1
                stringtext6                        100A     100A        2     2000       0
                stringtext5                        1008     1008        2     2000       0
                stringtext4                        1006     1006        2     2000       0
                stringtext3                        1004     1004        2     2000       0
                stringtext2                        1002     1002        2     2000       0
                stringtext1                        1000     1000        2     2000       0
                idataBANK0                          96B      96B        8     12D6       0

TOTAL           Name                               Link     Load   Length     Space
        CLASS   STACK          

        CLASS   CODE           
                end_init                             59       59        2         0
                cinit                                5B       5B       1C         0
                intentry                              4        4       55         0
                reset_vec                             0        0        2         0
                text63                              A43      A43       16         0
                text62                              9BF      9BF       10         0
                text61                              B8A      B8A       27         0
                text60                                2        2        1         0
                text59                              9A3      9A3        E         0
                text58                              939      939        6         0
                text57                              A1F      A1F       12         0
                text56                              BB1      BB1       2C         0
                text55                                3        3        1         0
                text54                              A85      A85       18         0
                text53                              A31      A31       12         0
                text52                              9CF      9CF       10         0
                text51                              915      915        3         0
                text50                              BDD      BDD       2C         0
                text49                              7FF      7FF        1         0
                text48                              A9D      A9D       18         0
                text47                              7FE      7FE        1         0
                text46                              D79      D79       69         0
                text45                              9DF      9DF       10         0
                text43                              9EF      9EF       10         0
                text42                              A59      A59       16         0
                text41                              93F      93F        6         0
                text40                              97C      97C        D         0
                text39                              973      973        9         0
                text38                              C3E      C3E       3D         0
                text37                              963      963        8         0
                text36                              989      989        D         0
                text35                              945      945        6         0
                text34                              ACD      ACD       1E         0
                text33                              9B1      9B1        E         0
                text32                              94B      94B        6         0
                text31                              AEB      AEB       1E         0
                text30                              951      951        6         0
                text29                              A6F      A6F       16         0
                text28                              B27      B27       1F         0
                text27                              918      918        3         0
                text26                              92D      92D        4         0
                text25                              91B      91B        3         0
                text24                              91E      91E        3         0
                text23                              921      921        3         0
                text22                              931      931        4         0
                text21                              924      924        3         0
                text20                              935      935        4         0
                text19                              AB5      AB5       18         0
                text18                              C7B      C7B       42         0
                text17                              9FF      9FF       10         0
                text16                              996      996        D         0
                text15                              CBD      CBD       5E         0
                text14                              7E5      7E5       19         0
                text13                              A0F      A0F       10         0
                text12                              C09      C09       35         0
                text11                              6E1      6E1      104         0
                text10                              B66      B66       24         0
                text9                               DE2      DE2       B6         0
                text8                               E98      E98      168         0
                text7                               927      927        3         0
                text6                               92A      92A        3         0
                text5                                77       77      30F         0
                text4                               B46      B46       20         0
                text3                               B09      B09       1E         0
                text2                               D1B      D1B       5E         0
                text1                               558      558      189         0
                maintext                            386      386      1D2         0
                clrtext                             957      957        6         0
                inittext                            95D      95D        6         0
                idataBANK0                          96B      96B        8         0

        CLASS   STRCODE        
                stringtext6                        100A     100A        2         0
                stringtext5                        1008     1008        2         0
                stringtext4                        1006     1006        2         0
                stringtext3                        1004     1004        2         0
                stringtext2                        1002     1002        2         0
                stringtext1                        1000     1000        2         0

        CLASS   STRING         

        CLASS   CONST          
                swtext2                             818      818       18         0
                swtext1                             800      800       18         0

        CLASS   ENTRY          

        CLASS   COMMON         
                cstackCOMMON                         70       70        6         1
                bssCOMMON                            76       76        4         1

        CLASS   BANK0          
                cstackBANK0                          20       20       25         1
                dataBANK0                            65       65        8         1
                bssBANK0                             45       45       14         1
                nvBANK0                              59       59        C         1

        CLASS   BANK1          
                cstackBANK1                          A0       A0        7         1

        CLASS   BANK2          

        CLASS   BANK3          

        CLASS   BANK4          

        CLASS   BANK5          

        CLASS   BANK6          

        CLASS   BANK7          

        CLASS   BANK8          

        CLASS   BANK9          

        CLASS   BANK10         

        CLASS   BANK11         

        CLASS   BANK12         

        CLASS   BIGRAM         

        CLASS   RAM            

        CLASS   ABS1           
                abs_s1                               7E       7E        2         1

        CLASS   SFR0           

        CLASS   SFR1           

        CLASS   SFR2           

        CLASS   SFR3           

        CLASS   SFR4           

        CLASS   SFR5           

        CLASS   SFR6           

        CLASS   SFR7           

        CLASS   SFR8           

        CLASS   SFR9           

        CLASS   SFR10          

        CLASS   SFR11          

        CLASS   SFR12          

        CLASS   SFR13          

        CLASS   SFR14          

        CLASS   SFR15          

        CLASS   SFR16          

        CLASS   SFR17          

        CLASS   SFR18          

        CLASS   SFR19          

        CLASS   SFR20          

        CLASS   SFR21          

        CLASS   SFR22          

        CLASS   SFR23          

        CLASS   SFR24          

        CLASS   SFR25          

        CLASS   SFR26          

        CLASS   SFR27          

        CLASS   SFR28          

        CLASS   SFR29          

        CLASS   SFR30          

        CLASS   SFR31          

        CLASS   CONFIG         
                config                             8007     8007        5         0

        CLASS   IDLOC          

        CLASS   EEDATA         

        CLASS   BANK31         

        CLASS   BANK30         

        CLASS   BANK29         

        CLASS   BANK28         

        CLASS   BANK27         

        CLASS   BANK26         

        CLASS   BANK25         

        CLASS   BANK24         

        CLASS   BANK23         

        CLASS   BANK22         

        CLASS   BANK21         

        CLASS   BANK20         

        CLASS   BANK19         

        CLASS   BANK18         

        CLASS   BANK17         

        CLASS   BANK16         

        CLASS   BANK15         

        CLASS   BANK14         

        CLASS   BANK13         



SEGMENTS        Name                           Load    Length   Top    Selector   Space  Class     Delta

                reset_vec                      000000  000003  000003         0       0  CODE        2
                text55                         000003  000001  000004         6       0  CODE        2
                intentry                       000004  0007FC  000800         8       0  CODE        2
                cstackBANK0                    000020  00004D  00006D        20       1  BANK0       1
                cstackCOMMON                   000070  00000A  00007A        70       1  COMMON      1
                cstackBANK1                    0000A0  000007  0000A7        A0       1  BANK1       1
                swtext1                        000800  000030  000830      1000       0  CONST       2
                text51                         000915  000003  000918      122A       0  CODE        2
                text27                         000918  000003  00091B      1230       0  CODE        2
                text25                         00091B  000003  00091E      1236       0  CODE        2
                text24                         00091E  000003  000921      123C       0  CODE        2
                text23                         000921  000003  000924      1242       0  CODE        2
                text21                         000924  000003  000927      1248       0  CODE        2
                text7                          000927  000003  00092A      124E       0  CODE        2
                text6                          00092A  000003  00092D      1254       0  CODE        2
                text26                         00092D  000004  000931      125A       0  CODE        2
                text22                         000931  000004  000935      1262       0  CODE        2
                text20                         000935  000004  000939      126A       0  CODE        2
                text58                         000939  000006  00093F      1272       0  CODE        2
                text41                         00093F  000006  000945      127E       0  CODE        2
                text35                         000945  000006  00094B      128A       0  CODE        2
                text32                         00094B  000006  000951      1296       0  CODE        2
                text30                         000951  000006  000957      12A2       0  CODE        2
                clrtext                        000957  000006  00095D      12AE       0  CODE        2
                inittext                       00095D  000006  000963      12BA       0  CODE        2
                text37                         000963  000008  00096B      12C6       0  CODE        2
                idataBANK0                     00096B  000008  000973      12D6       0  CODE        2
                text39                         000973  000009  00097C      12E6       0  CODE        2
                text40                         00097C  00000D  000989      12F8       0  CODE        2
                text36                         000989  00000D  000996      1312       0  CODE        2
                text16                         000996  00000D  0009A3      132C       0  CODE        2
                text59                         0009A3  00000E  0009B1      1346       0  CODE        2
                text33                         0009B1  00000E  0009BF      1362       0  CODE        2
                text62                         0009BF  000010  0009CF      137E       0  CODE        2
                text52                         0009CF  000010  0009DF      139E       0  CODE        2
                text45                         0009DF  000010  0009EF      13BE       0  CODE        2
                text43                         0009EF  000010  0009FF      13DE       0  CODE        2
                text17                         0009FF  000010  000A0F      13FE       0  CODE        2
                text13                         000A0F  000010  000A1F      141E       0  CODE        2
                text57                         000A1F  000012  000A31      143E       0  CODE        2
                text53                         000A31  000012  000A43      1462       0  CODE        2
                text63                         000A43  000016  000A59      1486       0  CODE        2
                text42                         000A59  000016  000A6F      14B2       0  CODE        2
                text29                         000A6F  000016  000A85      14DE       0  CODE        2
                text54                         000A85  000018  000A9D      150A       0  CODE        2
                text48                         000A9D  000018  000AB5      153A       0  CODE        2
                text19                         000AB5  000018  000ACD      156A       0  CODE        2
                text34                         000ACD  00001E  000AEB      159A       0  CODE        2
                text31                         000AEB  00001E  000B09      15D6       0  CODE        2
                text3                          000B09  00001E  000B27      1612       0  CODE        2
                text28                         000B27  00001F  000B46      164E       0  CODE        2
                text4                          000B46  000020  000B66      168C       0  CODE        2
                text10                         000B66  000024  000B8A      16CC       0  CODE        2
                text61                         000B8A  000027  000BB1      1714       0  CODE        2
                text56                         000BB1  00002C  000BDD      1762       0  CODE        2
                text50                         000BDD  00002C  000C09      17BA       0  CODE        2
                text12                         000C09  000035  000C3E      1812       0  CODE        2
                text38                         000C3E  00003D  000C7B      187C       0  CODE        2
                text18                         000C7B  000042  000CBD      18F6       0  CODE        2
                text15                         000CBD  00005E  000D1B      197A       0  CODE        2
                text2                          000D1B  00005E  000D79      1A36       0  CODE        2
                text46                         000D79  000069  000DE2      1AF2       0  CODE        2
                text9                          000DE2  0000B6  000E98      1BC4       0  CODE        2
                text8                          000E98  000168  001000      1D30       0  CODE        2
                stringtext1                    001000  00000C  00100C      2000       0  STRCODE     2
                config                         008007  000005  00800C     1000E       0  CONFIG      2


UNUSED ADDRESS RANGES

        Name                Unused          Largest block    Delta
        BANK0            0006D-0006F               3           1
        BANK1            000A7-000EF              49           1
        BANK10           00520-0056F              50           1
        BANK11           005A0-005EF              50           1
        BANK12           00620-0064F              30           1
        BANK2            00120-0016F              50           1
        BANK3            001A0-001EF              50           1
        BANK4            00220-0026F              50           1
        BANK5            002A0-002EF              50           1
        BANK6            00320-0036F              50           1
        BANK7            003A0-003EF              50           1
        BANK8            00420-0046F              50           1
        BANK9            004A0-004EF              50           1
        BIGRAM           02000-023EF             3F0           1
        CODE             00830-00914              E5           2
                         0100C-01FFF             7F4
        COMMON           0007A-0007D               4           1
        CONST            00830-00914              D0           2
                         0100C-01FFF             100
        EEDATA           0F000-0F0FF             100           2
        ENTRY            00830-00914              D0           2
                         0100C-01FFF             100
        IDLOC            08000-08003               4           2
        RAM              0006D-0006F               3           1
                         000A7-000EF              49
                         00120-0016F              50
                         001A0-001EF              50
                         00220-0026F              50
                         002A0-002EF              50
                         00320-0036F              50
                         003A0-003EF              50
                         00420-0046F              50
                         004A0-004EF              50
                         00520-0056F              50
                         005A0-005EF              50
                         00620-0064F              30
        SFR0             00000-0001F              20           1
        SFR1             00080-0009F              20           1
        SFR10            00500-0051F              20           1
        SFR11            00580-0059F              20           1
        SFR12            00600-0061F              20           1
        SFR13            00680-006EF              70           1
        SFR14            00700-0076F              70           1
        SFR15            00780-007EF              70           1
        SFR16            00800-0086F              70           1
        SFR17            00880-008EF              70           1
        SFR18            00900-0096F              70           1
        SFR19            00980-009EF              70           1
        SFR2             00100-0011F              20           1
        SFR20            00A00-00A6F              70           1
        SFR21            00A80-00AEF              70           1
        SFR22            00B00-00B6F              70           1
        SFR23            00B80-00BEF              70           1
        SFR24            00C00-00C6F              70           1
        SFR25            00C80-00CEF              70           1
        SFR26            00D00-00D6F              70           1
        SFR27            00D80-00DEF              70           1
        SFR28            00E00-00E6F              70           1
        SFR29            00E80-00EEF              70           1
        SFR3             00180-0019F              20           1
        SFR30            00F00-00F6F              70           1
        SFR31            00F80-00FEF              70           1
        SFR4             00200-0021F              20           1
        SFR5             00280-0029F              20           1
        SFR6             00300-0031F              20           1
        SFR7             00380-0039F              20           1
        SFR8             00400-0041F              20           1
        SFR9             00480-0049F              20           1
        STACK            02057-023EF             399           1
        STRCODE          00830-00914              E5           2
                         0100C-01FFF             FF4
        STRING           00830-00914              D0           2
                         0100C-01FFF             100

                                  Symbol Table

?_ADCC_GetSingleConversion                cstackBANK0  00020
?___awmod                                 cstackBANK0  00020
?_get_luminosity                          cstackBANK0  00023
?_incrementor                             cstackBANK0  00027
ADCC_GetSingleConversion@channel          cstackCOMMON 00074
DATAEE_ReadByte@bAdd                      cstackCOMMON 00074
DATAEE_WriteByte@GIEBitValue              cstackCOMMON 00074
DATAEE_WriteByte@bAdd                     cstackBANK0  00020
DATAEE_WriteByte@bData                    cstackBANK0  00022
INT_SetInterruptHandler@InterruptHandler  cstackCOMMON 00074
PWM6_LoadDutyValue@dutyValue              cstackCOMMON 00074
TMR1_SetInterruptHandler@InterruptHandler cstackCOMMON 00074
TMR1_WriteTimer@timerVal                  cstackCOMMON 00070
TMR3_SetInterruptHandler@InterruptHandler cstackCOMMON 00074
TMR3_WriteTimer@timerVal                  cstackCOMMON 00070
TMR4_SetInterruptHandler@InterruptHandler cstackCOMMON 00074
WriteI2C@data_out                         cstackCOMMON 00075
_ADACCH                                   (abs)        00091
_ADACCL                                   (abs)        00090
_ADACQ                                    (abs)        0009D
_ADACT                                    (abs)        00099
_ADCAP                                    (abs)        0009B
_ADCC_GetSingleConversion                 text19       00AB5
_ADCC_Initialize                          text42       00A59
_ADCLK                                    (abs)        00098
_ADCNT                                    (abs)        0010C
_ADCON0                                   (abs)        00093
_ADCON0bits                               (abs)        00093
_ADCON1                                   (abs)        00094
_ADCON1bits                               (abs)        00094
_ADCON2                                   (abs)        00095
_ADCON2bits                               (abs)        00095
_ADCON3                                   (abs)        00096
_ADCON3bits                               (abs)        00096
_ADERRH                                   (abs)        00117
_ADERRL                                   (abs)        00116
_ADFLTRH                                  (abs)        00115
_ADFLTRL                                  (abs)        00114
_ADLTHH                                   (abs)        0010F
_ADLTHL                                   (abs)        0010E
_ADPCH                                    (abs)        0009E
_ADPRE                                    (abs)        0009C
_ADPREVH                                  (abs)        0008F
_ADPREVL                                  (abs)        0008E
_ADREF                                    (abs)        0009A
_ADRESH                                   (abs)        0008D
_ADRESL                                   (abs)        0008C
_ADRPT                                    (abs)        0010D
_ADSTAT                                   (abs)        00097
_ADSTATbits                               (abs)        00097
_ADSTPTH                                  (abs)        00113
_ADSTPTL                                  (abs)        00112
_ADUTHH                                   (abs)        00111
_ADUTHL                                   (abs)        00110
_ALAF                                     dataBANK0    0006B
_ANSELA                                   (abs)        00F38
_ANSELB                                   (abs)        00F43
_ANSELC                                   (abs)        00F4E
_ANSELD                                   (abs)        00F59
_ANSELE                                   (abs)        00F64
_CCPTMRS1bits                             (abs)        0021F
_DATAEE_ReadByte                          text16       00996
_DATAEE_WriteByte                         text10       00B66
_EXT_INT_Initialize                       text40       0097C
_INTCONbits                               (abs)        0000B
_INTERRUPT_InterruptManager               intentry     00004
_INTPPS                                   (abs)        00E90
_INT_CallBack                             text59       009A3
_INT_DefaultInterruptHandler              text60       00002
_INT_ISR                                  text58       00939
_INT_InterruptHandler                     nvBANK0      0005F
_INT_SetInterruptHandler                  text41       0093F
_LATA                                     (abs)        00016
_LATAbits                                 (abs)        00016
_LATB                                     (abs)        00017
_LATC                                     (abs)        00018
_LATD                                     (abs)        00019
_LATE                                     (abs)        0001A
_LED_blink_function                       text46       00D79
_LED_to_blink                             bssCOMMON    00078
_LumThreshold                             dataBANK0    00069
_NVMADRH                                  (abs)        0081B
_NVMADRL                                  (abs)        0081A
_NVMCON1bits                              (abs)        0081E
_NVMCON2                                  (abs)        0081F
_NVMDATH                                  (abs)        0081D
_NVMDATL                                  (abs)        0081C
_ODCONA                                   (abs)        00F3A
_ODCONB                                   (abs)        00F45
_ODCONC                                   (abs)        00F50
_ODCOND                                   (abs)        00F5B
_ODCONE                                   (abs)        00F66
_OSCCON1                                  (abs)        0088D
_OSCCON3                                  (abs)        0088F
_OSCEN                                    (abs)        00891
_OSCFRQ                                   (abs)        00893
_OSCILLATOR_Initialize                    text39       00973
_OSCTUNE                                  (abs)        00892
_PIE0bits                                 (abs)        00716
_PIE3bits                                 (abs)        00719
_PIE4bits                                 (abs)        0071A
_PIN_MANAGER_Initialize                   text38       00C3E
_PIR0bits                                 (abs)        0070C
_PIR3bits                                 (abs)        0070F
_PIR4bits                                 (abs)        00710
_PMD0                                     (abs)        00796
_PMD1                                     (abs)        00797
_PMD2                                     (abs)        00798
_PMD3                                     (abs)        00799
_PMD4                                     (abs)        0079A
_PMD5                                     (abs)        0079B
_PMD_Initialize                           text37       00963
_PMON                                     stringtext6  0100A
_PORTAbits                                (abs)        0000C
_PORTCbits                                (abs)        0000E
_PPSLOCK                                  (abs)        00E8F
_PPSLOCKbits                              (abs)        00E8F
_PR2                                      (abs)        0028D
_PR4                                      (abs)        00293
_PWM6CON                                  (abs)        0038E
_PWM6DCH                                  (abs)        0038D
_PWM6DCL                                  (abs)        0038C
_PWM6_Initialize                          text36       00989
_PWM6_LoadDutyValue                       text14       007E5
_PWM_Enable                               text43       009EF
_RA6PPS                                   (abs)        00F16
_RC3PPS                                   (abs)        00F23
_RC4PPS                                   (abs)        00F24
_ReadI2C                                  text3        00B09
_SLRCONA                                  (abs)        00F3B
_SLRCONB                                  (abs)        00F46
_SLRCONC                                  (abs)        00F51
_SLRCOND                                  (abs)        00F5C
_SLRCONE                                  (abs)        00F67
_SSP1ADD                                  (abs)        0018D
_SSP1BUF                                  (abs)        0018C
_SSP1CLKPPS                               (abs)        00EC5
_SSP1CON1                                 (abs)        00190
_SSP1CON1bits                             (abs)        00190
_SSP1CON2                                 (abs)        00191
_SSP1CON2bits                             (abs)        00191
_SSP1DATPPS                               (abs)        00EC6
_SSP1MSK                                  (abs)        0018E
_SSP1STAT                                 (abs)        0018F
_SSP1STATbits                             (abs)        0018F
_SYSTEM_Initialize                        text28       00B27
_T1CLK                                    (abs)        00211
_T1CON                                    (abs)        0020E
_T1CONbits                                (abs)        0020E
_T1GATE                                   (abs)        00210
_T1GCON                                   (abs)        0020F
_T1GCONbits                               (abs)        0020F
_T2CLKCON                                 (abs)        00290
_T2CON                                    (abs)        0028E
_T2CONbits                                (abs)        0028E
_T2HLT                                    (abs)        0028F
_T2HLTbits                                (abs)        0028F
_T2PR                                     (abs)        0028D
_T2RST                                    (abs)        00291
_T2RSTbits                                (abs)        00291
_T2TMR                                    (abs)        0028C
_T3CLK                                    (abs)        00217
_T3CON                                    (abs)        00214
_T3CONbits                                (abs)        00214
_T3GATE                                   (abs)        00216
_T3GCON                                   (abs)        00215
_T3GCONbits                               (abs)        00215
_T4CLKCON                                 (abs)        00296
_T4CON                                    (abs)        00294
_T4CONbits                                (abs)        00294
_T4HLT                                    (abs)        00295
_T4HLTbits                                (abs)        00295
_T4PR                                     (abs)        00293
_T4RST                                    (abs)        00297
_T4RSTbits                                (abs)        00297
_T4TMR                                    (abs)        00292
_TMR1H                                    (abs)        0020D
_TMR1L                                    (abs)        0020C
_TMR1_DefaultInterruptHandler             text55       00003
_TMR1_ISR                                 text54       00A85
_TMR1_Initialize                          text34       00ACD
_TMR1_InterruptHandler                    nvBANK0      00061
_TMR1_SetInterruptHandler                 text35       00945
_TMR1_StartTimer                          text7        00927
_TMR1_StopTimer                           text6        0092A
_TMR1_WriteTimer                          text57       00A1F
_TMR2                                     (abs)        0028C
_TMR2_Initialize                          text33       009B1
_TMR2_Start                               text27       00918
_TMR2_StartTimer                          text26       0092D
_TMR3H                                    (abs)        00213
_TMR3L                                    (abs)        00212
_TMR3_DefaultInterruptHandler             text49       007FF
_TMR3_ISR                                 text48       00A9D
_TMR3_Initialize                          text31       00AEB
_TMR3_InterruptHandler                    nvBANK0      0005B
_TMR3_SetInterruptHandler                 text32       0094B
_TMR3_StartTimer                          text25       0091B
_TMR3_StopTimer                           text24       0091E
_TMR3_WriteTimer                          text53       00A31
_TMR4                                     (abs)        00292
_TMR4_DefaultInterruptHandler             text47       007FE
_TMR4_ISR                                 text45       009DF
_TMR4_Initialize                          text29       00A6F
_TMR4_InterruptHandler                    nvBANK0      00059
_TMR4_SetInterruptHandler                 text30       00951
_TMR4_Start                               text23       00921
_TMR4_StartTimer                          text22       00931
_TMR4_Stop                                text21       00924
_TMR4_StopTimer                           text20       00935
_TRISA                                    (abs)        00011
_TRISB                                    (abs)        00012
_TRISC                                    (abs)        00013
_TRISCbits                                (abs)        00013
_TRISD                                    (abs)        00014
_TRISE                                    (abs)        00015
_TempThreshold                            dataBANK0    00067
_WDTCON0bits                              (abs)        0080C
_WPUA                                     (abs)        00F39
_WPUB                                     (abs)        00F44
_WPUC                                     (abs)        00F4F
_WPUC3                                    (abs)        07A7B
_WPUC4                                    (abs)        07A7C
_WPUD                                     (abs)        00F5A
_WPUE                                     (abs)        00F65
_WriteI2C                                 text2        00D1B
__CFG_BOREN$ON                            (abs)        00000
__CFG_BORV$LO                             (abs)        00000
__CFG_CLKOUTEN$OFF                        (abs)        00000
__CFG_CP$OFF                              (abs)        00000
__CFG_CPD$OFF                             (abs)        00000
__CFG_CSWEN$ON                            (abs)        00000
__CFG_DEBUG$OFF                           (abs)        00000
__CFG_FCMEN$ON                            (abs)        00000
__CFG_FEXTOSC$OFF                         (abs)        00000
__CFG_LPBOREN$OFF                         (abs)        00000
__CFG_LVP$ON                              (abs)        00000
__CFG_MCLRE$ON                            (abs)        00000
__CFG_PPS1WAY$ON                          (abs)        00000
__CFG_PWRTE$OFF                           (abs)        00000
__CFG_RSTOSC$HFINT1                       (abs)        00000
__CFG_SCANE$available                     (abs)        00000
__CFG_STVREN$ON                           (abs)        00000
__CFG_WDTCCS$SC                           (abs)        00000
__CFG_WDTCPS$WDTCPS_31                    (abs)        00000
__CFG_WDTCWS$WDTCWS_7                     (abs)        00000
__CFG_WDTE$OFF                            (abs)        00000
__CFG_WRT$OFF                             (abs)        00000
__CFG_ZCD$OFF                             (abs)        00000
__Habs1                                   abs1         00000
__Hbank0                                  bank0        00000
__Hbank1                                  bank1        00000
__Hbank10                                 bank10       00000
__Hbank11                                 bank11       00000
__Hbank12                                 bank12       00000
__Hbank13                                 bank13       00000
__Hbank14                                 bank14       00000
__Hbank15                                 bank15       00000
__Hbank16                                 bank16       00000
__Hbank17                                 bank17       00000
__Hbank18                                 bank18       00000
__Hbank19                                 bank19       00000
__Hbank2                                  bank2        00000
__Hbank20                                 bank20       00000
__Hbank21                                 bank21       00000
__Hbank22                                 bank22       00000
__Hbank23                                 bank23       00000
__Hbank24                                 bank24       00000
__Hbank25                                 bank25       00000
__Hbank26                                 bank26       00000
__Hbank27                                 bank27       00000
__Hbank28                                 bank28       00000
__Hbank29                                 bank29       00000
__Hbank3                                  bank3        00000
__Hbank30                                 bank30       00000
__Hbank31                                 bank31       00000
__Hbank4                                  bank4        00000
__Hbank5                                  bank5        00000
__Hbank6                                  bank6        00000
__Hbank7                                  bank7        00000
__Hbank8                                  bank8        00000
__Hbank9                                  bank9        00000
__Hbigram                                 bigram       00000
__HbssBANK0                               bssBANK0     00000
__HbssCOMMON                              bssCOMMON    00000
__Hcinit                                  cinit        00077
__Hclrtext                                clrtext      00000
__Hcode                                   code         00000
__Hcommon                                 common       00000
__Hconfig                                 config       0800C
__HcstackBANK0                            cstackBANK0  00000
__HcstackBANK1                            cstackBANK1  00000
__HcstackCOMMON                           cstackCOMMON 00000
__HdataBANK0                              dataBANK0    00000
__Heeprom_data                            eeprom_data  00000
__Hend_init                               end_init     0005B
__Hfunctab                                functab      00000
__HidataBANK0                             idataBANK0   00000
__Hidloc                                  idloc        00000
__Hinit                                   init         00059
__Hinittext                               inittext     00000
__Hintentry                               intentry     00059
__Hmaintext                               maintext     00000
__HnvBANK0                                nvBANK0      00000
__Hpowerup                                powerup      00000
__Hram                                    ram          00000
__Hreset_vec                              reset_vec    00002
__Hsfr0                                   sfr0         00000
__Hsfr1                                   sfr1         00000
__Hsfr10                                  sfr10        00000
__Hsfr11                                  sfr11        00000
__Hsfr12                                  sfr12        00000
__Hsfr13                                  sfr13        00000
__Hsfr14                                  sfr14        00000
__Hsfr15                                  sfr15        00000
__Hsfr16                                  sfr16        00000
__Hsfr17                                  sfr17        00000
__Hsfr18                                  sfr18        00000
__Hsfr19                                  sfr19        00000
__Hsfr2                                   sfr2         00000
__Hsfr20                                  sfr20        00000
__Hsfr21                                  sfr21        00000
__Hsfr22                                  sfr22        00000
__Hsfr23                                  sfr23        00000
__Hsfr24                                  sfr24        00000
__Hsfr25                                  sfr25        00000
__Hsfr26                                  sfr26        00000
__Hsfr27                                  sfr27        00000
__Hsfr28                                  sfr28        00000
__Hsfr29                                  sfr29        00000
__Hsfr3                                   sfr3         00000
__Hsfr30                                  sfr30        00000
__Hsfr31                                  sfr31        00000
__Hsfr4                                   sfr4         00000
__Hsfr5                                   sfr5         00000
__Hsfr6                                   sfr6         00000
__Hsfr7                                   sfr7         00000
__Hsfr8                                   sfr8         00000
__Hsfr9                                   sfr9         00000
__Hspace_0                                (abs)        0800C
__Hspace_1                                (abs)        000A7
__Hspace_2                                (abs)        00000
__Hspace_3                                (abs)        00000
__Hstack                                  stack        00000
__Hstrings                                strings      00000
__Hstringtext1                            stringtext1  00000
__Hstringtext2                            stringtext2  00000
__Hstringtext3                            stringtext3  00000
__Hstringtext4                            stringtext4  00000
__Hstringtext5                            stringtext5  00000
__Hstringtext6                            stringtext6  00000
__Htext                                   text         00000
__Labs1                                   abs1         00000
__Lbank0                                  bank0        00000
__Lbank1                                  bank1        00000
__Lbank10                                 bank10       00000
__Lbank11                                 bank11       00000
__Lbank12                                 bank12       00000
__Lbank13                                 bank13       00000
__Lbank14                                 bank14       00000
__Lbank15                                 bank15       00000
__Lbank16                                 bank16       00000
__Lbank17                                 bank17       00000
__Lbank18                                 bank18       00000
__Lbank19                                 bank19       00000
__Lbank2                                  bank2        00000
__Lbank20                                 bank20       00000
__Lbank21                                 bank21       00000
__Lbank22                                 bank22       00000
__Lbank23                                 bank23       00000
__Lbank24                                 bank24       00000
__Lbank25                                 bank25       00000
__Lbank26                                 bank26       00000
__Lbank27                                 bank27       00000
__Lbank28                                 bank28       00000
__Lbank29                                 bank29       00000
__Lbank3                                  bank3        00000
__Lbank30                                 bank30       00000
__Lbank31                                 bank31       00000
__Lbank4                                  bank4        00000
__Lbank5                                  bank5        00000
__Lbank6                                  bank6        00000
__Lbank7                                  bank7        00000
__Lbank8                                  bank8        00000
__Lbank9                                  bank9        00000
__Lbigram                                 bigram       00000
__LbssBANK0                               bssBANK0     00000
__LbssCOMMON                              bssCOMMON    00000
__Lcinit                                  cinit        0005B
__Lclrtext                                clrtext      00000
__Lcode                                   code         00000
__Lcommon                                 common       00000
__Lconfig                                 config       08007
__LcstackBANK0                            cstackBANK0  00000
__LcstackBANK1                            cstackBANK1  00000
__LcstackCOMMON                           cstackCOMMON 00000
__LdataBANK0                              dataBANK0    00000
__Leeprom_data                            eeprom_data  00000
__Lend_init                               end_init     00059
__Lfunctab                                functab      00000
__LidataBANK0                             idataBANK0   00000
__Lidloc                                  idloc        00000
__Linit                                   init         00059
__Linittext                               inittext     00000
__Lintentry                               intentry     00004
__Lmaintext                               maintext     00000
__LnvBANK0                                nvBANK0      00000
__Lpowerup                                powerup      00000
__Lram                                    ram          00000
__Lreset_vec                              reset_vec    00000
__Lsfr0                                   sfr0         00000
__Lsfr1                                   sfr1         00000
__Lsfr10                                  sfr10        00000
__Lsfr11                                  sfr11        00000
__Lsfr12                                  sfr12        00000
__Lsfr13                                  sfr13        00000
__Lsfr14                                  sfr14        00000
__Lsfr15                                  sfr15        00000
__Lsfr16                                  sfr16        00000
__Lsfr17                                  sfr17        00000
__Lsfr18                                  sfr18        00000
__Lsfr19                                  sfr19        00000
__Lsfr2                                   sfr2         00000
__Lsfr20                                  sfr20        00000
__Lsfr21                                  sfr21        00000
__Lsfr22                                  sfr22        00000
__Lsfr23                                  sfr23        00000
__Lsfr24                                  sfr24        00000
__Lsfr25                                  sfr25        00000
__Lsfr26                                  sfr26        00000
__Lsfr27                                  sfr27        00000
__Lsfr28                                  sfr28        00000
__Lsfr29                                  sfr29        00000
__Lsfr3                                   sfr3         00000
__Lsfr30                                  sfr30        00000
__Lsfr31                                  sfr31        00000
__Lsfr4                                   sfr4         00000
__Lsfr5                                   sfr5         00000
__Lsfr6                                   sfr6         00000
__Lsfr7                                   sfr7         00000
__Lsfr8                                   sfr8         00000
__Lsfr9                                   sfr9         00000
__Lspace_0                                (abs)        00000
__Lspace_1                                (abs)        00000
__Lspace_2                                (abs)        00000
__Lspace_3                                (abs)        00000
__Lstack                                  stack        00000
__Lstrings                                strings      00000
__Lstringtext1                            stringtext1  00000
__Lstringtext2                            stringtext2  00000
__Lstringtext3                            stringtext3  00000
__Lstringtext4                            stringtext4  00000
__Lstringtext5                            stringtext5  00000
__Lstringtext6                            stringtext6  00000
__Ltext                                   text         00000
__S0                                      (abs)        0800C
__S1                                      (abs)        000A7
__S2                                      (abs)        00000
__S3                                      (abs)        00000
___awmod                                  text15       00CBD
___awmod@counter                          cstackBANK0  00025
___awmod@dividend                         cstackBANK0  00022
___awmod@divisor                          cstackBANK0  00020
___awmod@sign                             cstackBANK0  00026
___int_sp                                 stack        00000
___latbits                                (abs)        00002
___sp                                     stack        00000
__end_of_ADCC_GetSingleConversion         text19       00ACD
__end_of_ADCC_Initialize                  text42       00A6F
__end_of_DATAEE_ReadByte                  text16       009A3
__end_of_DATAEE_WriteByte                 text10       00B8A
__end_of_EXT_INT_Initialize               text40       00989
__end_of_INTERRUPT_InterruptManager       intentry     00059
__end_of_INT_CallBack                     text59       009B1
__end_of_INT_DefaultInterruptHandler      text60       00003
__end_of_INT_ISR                          text58       0093F
__end_of_INT_SetInterruptHandler          text41       00945
__end_of_LED_blink_function               text46       00DE2
__end_of_OSCILLATOR_Initialize            text39       0097C
__end_of_PIN_MANAGER_Initialize           text38       00C7B
__end_of_PMD_Initialize                   text37       0096B
__end_of_PMON                             stringtext6  0100C
__end_of_PWM6_Initialize                  text36       00996
__end_of_PWM6_LoadDutyValue               text14       007FE
__end_of_PWM_Enable                       text43       009FF
__end_of_ReadI2C                          text3        00B27
__end_of_SYSTEM_Initialize                text28       00B46
__end_of_TALA                             stringtext5  0100A
__end_of_TMR1_DefaultInterruptHandler     text55       00004
__end_of_TMR1_ISR                         text54       00A9D
__end_of_TMR1_Initialize                  text34       00AEB
__end_of_TMR1_SetInterruptHandler         text35       0094B
__end_of_TMR1_StartTimer                  text7        0092A
__end_of_TMR1_StopTimer                   text6        0092D
__end_of_TMR1_WriteTimer                  text57       00A31
__end_of_TMR2_Initialize                  text33       009BF
__end_of_TMR2_Start                       text27       0091B
__end_of_TMR2_StartTimer                  text26       00931
__end_of_TMR3_DefaultInterruptHandler     text49       00800
__end_of_TMR3_ISR                         text48       00AB5
__end_of_TMR3_Initialize                  text31       00B09
__end_of_TMR3_SetInterruptHandler         text32       00951
__end_of_TMR3_StartTimer                  text25       0091E
__end_of_TMR3_StopTimer                   text24       00921
__end_of_TMR3_WriteTimer                  text53       00A43
__end_of_TMR4_DefaultInterruptHandler     text47       007FF
__end_of_TMR4_ISR                         text45       009EF
__end_of_TMR4_Initialize                  text29       00A85
__end_of_TMR4_SetInterruptHandler         text30       00957
__end_of_TMR4_Start                       text23       00924
__end_of_TMR4_StartTimer                  text22       00935
__end_of_TMR4_Stop                        text21       00927
__end_of_TMR4_StopTimer                   text20       00939
__end_of_WriteI2C                         text2        00D79
__end_of___awmod                          text15       00D1B
__end_of__initialization                  cinit        00073
__end_of_change_PWM                       text50       00C09
__end_of_changeleds                       text56       00BDD
__end_of_clearLeds                        text13       00A1F
__end_of_get_luminosity                   text18       00CBD
__end_of_i2c1_driver_open                 text17       00A0F
__end_of_incrementor                      text9        00E98
__end_of_main                             maintext     00558
__end_of_max_hour                         stringtext4  01008
__end_of_max_lum                          stringtext1  01002
__end_of_max_min                          stringtext3  01006
__end_of_max_temp                         stringtext2  01004
__end_of_s1Pressed                        text11       007E5
__end_of_s1PressedInterruptHandler        text61       00BB1
__end_of_s2Pressed                        text8        01000
__end_of_sensor_timer                     text5        00386
__end_of_setLedLuminosity                 text4        00B66
__end_of_tsttc                            text1        006E1
__end_of_update_lights                    text12       00C3E
__end_ofi1_PWM6_LoadDutyValue             text63       00A59
__end_ofi1_PWM_Enable                     text52       009DF
__end_ofi1_TMR3_StopTimer                 text51       00918
__end_ofi1_clearLeds                      text62       009CF
__initialization                          cinit        0005B
__pbssBANK0                               bssBANK0     00045
__pbssCOMMON                              bssCOMMON    00076
__pcstackBANK0                            cstackBANK0  00020
__pcstackBANK1                            cstackBANK1  000A0
__pcstackCOMMON                           cstackCOMMON 00070
__pdataBANK0                              dataBANK0    00065
__pidataBANK0                             idataBANK0   0096B
__pintentry                               intentry     00004
__pmaintext                               maintext     00386
__pnvBANK0                                nvBANK0      00059
__pstringtext1                            stringtext1  01000
__pstringtext2                            stringtext2  01002
__pstringtext3                            stringtext3  01004
__pstringtext4                            stringtext4  01006
__pstringtext5                            stringtext5  01008
__pstringtext6                            stringtext6  0100A
__pswtext1                                swtext1      00800
__pswtext2                                swtext2      00818
__ptext1                                  text1        00558
__ptext10                                 text10       00B66
__ptext11                                 text11       006E1
__ptext12                                 text12       00C09
__ptext13                                 text13       00A0F
__ptext14                                 text14       007E5
__ptext15                                 text15       00CBD
__ptext16                                 text16       00996
__ptext17                                 text17       009FF
__ptext18                                 text18       00C7B
__ptext19                                 text19       00AB5
__ptext2                                  text2        00D1B
__ptext20                                 text20       00935
__ptext21                                 text21       00924
__ptext22                                 text22       00931
__ptext23                                 text23       00921
__ptext24                                 text24       0091E
__ptext25                                 text25       0091B
__ptext26                                 text26       0092D
__ptext27                                 text27       00918
__ptext28                                 text28       00B27
__ptext29                                 text29       00A6F
__ptext3                                  text3        00B09
__ptext30                                 text30       00951
__ptext31                                 text31       00AEB
__ptext32                                 text32       0094B
__ptext33                                 text33       009B1
__ptext34                                 text34       00ACD
__ptext35                                 text35       00945
__ptext36                                 text36       00989
__ptext37                                 text37       00963
__ptext38                                 text38       00C3E
__ptext39                                 text39       00973
__ptext4                                  text4        00B46
__ptext40                                 text40       0097C
__ptext41                                 text41       0093F
__ptext42                                 text42       00A59
__ptext43                                 text43       009EF
__ptext45                                 text45       009DF
__ptext46                                 text46       00D79
__ptext47                                 text47       007FE
__ptext48                                 text48       00A9D
__ptext49                                 text49       007FF
__ptext5                                  text5        00077
__ptext50                                 text50       00BDD
__ptext51                                 text51       00915
__ptext52                                 text52       009CF
__ptext53                                 text53       00A31
__ptext54                                 text54       00A85
__ptext55                                 text55       00003
__ptext56                                 text56       00BB1
__ptext57                                 text57       00A1F
__ptext58                                 text58       00939
__ptext59                                 text59       009A3
__ptext6                                  text6        0092A
__ptext60                                 text60       00002
__ptext61                                 text61       00B8A
__ptext62                                 text62       009BF
__ptext63                                 text63       00A43
__ptext7                                  text7        00927
__ptext8                                  text8        00E98
__ptext9                                  text9        00DE2
__size_of_ADCC_GetSingleConversion        (abs)        00000
__size_of_ADCC_Initialize                 (abs)        00000
__size_of_DATAEE_ReadByte                 (abs)        00000
__size_of_DATAEE_WriteByte                (abs)        00000
__size_of_EXT_INT_Initialize              (abs)        00000
__size_of_INTERRUPT_InterruptManager      (abs)        00000
__size_of_INT_CallBack                    (abs)        00000
__size_of_INT_DefaultInterruptHandler     (abs)        00000
__size_of_INT_ISR                         (abs)        00000
__size_of_INT_SetInterruptHandler         (abs)        00000
__size_of_LED_blink_function              (abs)        00000
__size_of_OSCILLATOR_Initialize           (abs)        00000
__size_of_PIN_MANAGER_Initialize          (abs)        00000
__size_of_PMD_Initialize                  (abs)        00000
__size_of_PWM6_Initialize                 (abs)        00000
__size_of_PWM6_LoadDutyValue              (abs)        00000
__size_of_PWM_Enable                      (abs)        00000
__size_of_ReadI2C                         (abs)        00000
__size_of_SYSTEM_Initialize               (abs)        00000
__size_of_TMR1_DefaultInterruptHandler    (abs)        00000
__size_of_TMR1_ISR                        (abs)        00000
__size_of_TMR1_Initialize                 (abs)        00000
__size_of_TMR1_SetInterruptHandler        (abs)        00000
__size_of_TMR1_StartTimer                 (abs)        00000
__size_of_TMR1_StopTimer                  (abs)        00000
__size_of_TMR1_WriteTimer                 (abs)        00000
__size_of_TMR2_Initialize                 (abs)        00000
__size_of_TMR2_Start                      (abs)        00000
__size_of_TMR2_StartTimer                 (abs)        00000
__size_of_TMR3_DefaultInterruptHandler    (abs)        00000
__size_of_TMR3_ISR                        (abs)        00000
__size_of_TMR3_Initialize                 (abs)        00000
__size_of_TMR3_SetInterruptHandler        (abs)        00000
__size_of_TMR3_StartTimer                 (abs)        00000
__size_of_TMR3_StopTimer                  (abs)        00000
__size_of_TMR3_WriteTimer                 (abs)        00000
__size_of_TMR4_DefaultInterruptHandler    (abs)        00000
__size_of_TMR4_ISR                        (abs)        00000
__size_of_TMR4_Initialize                 (abs)        00000
__size_of_TMR4_SetInterruptHandler        (abs)        00000
__size_of_TMR4_Start                      (abs)        00000
__size_of_TMR4_StartTimer                 (abs)        00000
__size_of_TMR4_Stop                       (abs)        00000
__size_of_TMR4_StopTimer                  (abs)        00000
__size_of_WriteI2C                        (abs)        00000
__size_of___awmod                         (abs)        00000
__size_of_change_PWM                      (abs)        00000
__size_of_changeleds                      (abs)        00000
__size_of_clearLeds                       (abs)        00000
__size_of_get_luminosity                  (abs)        00000
__size_of_i2c1_driver_open                (abs)        00000
__size_of_incrementor                     (abs)        00000
__size_of_main                            (abs)        00000
__size_of_s1Pressed                       (abs)        00000
__size_of_s1PressedInterruptHandler       (abs)        00000
__size_of_s2Pressed                       (abs)        00000
__size_of_sensor_timer                    (abs)        00000
__size_of_setLedLuminosity                (abs)        00000
__size_of_tsttc                           (abs)        00000
__size_of_update_lights                   (abs)        00000
__size_ofi1_PWM6_LoadDutyValue            (abs)        00000
__size_ofi1_PWM_Enable                    (abs)        00000
__size_ofi1_TMR3_StopTimer                (abs)        00000
__size_ofi1_clearLeds                     (abs)        00000
_adcResult                                bssBANK0     00049
_alarm                                    bssBANK0     0004D
_blink                                    bssBANK0     00045
_change_PWM                               text50       00BDD
_changeleds                               text56       00BB1
_clearLeds                                text13       00A0F
_control_alarm                            bssBANK0     0004B
_get_luminosity                           text18       00C7B
_hrs                                      bssBANK0     00053
_i2c1_driver_busCollisionISR              bssBANK0     00057
_i2c1_driver_i2cISR                       bssBANK0     00055
_i2c1_driver_open                         text17       009FF
_incrementor                              text9        00DE2
_main                                     maintext     00386
_max_hour                                 stringtext4  01006
_max_lum                                  stringtext1  01000
_max_min                                  stringtext3  01004
_max_temp                                 stringtext2  01002
_mins                                     bssBANK0     00051
_mode_s                                   dataBANK0    00065
_pwm_value                                bssCOMMON    00076
_s1Pressed                                text11       006E1
_s1PressedInterruptHandler                text61       00B8A
_s1_pressed                               bssBANK0     00047
_s2Pressed                                text8        00E98
_secs                                     bssBANK0     0004F
_sensor_timer                             text5        00077
_setLedLuminosity                         text4        00B46
_timer1ReloadVal                          nvBANK0      00063
_timer3ReloadVal                          nvBANK0      0005D
_tsttc                                    text1        00558
_update_lights                            text12       00C09
btemp                                     (abs)        0007E
clear_ram0                                clrtext      00957
end_of_initialization                     cinit        00073
get_luminosity@lum                        cstackBANK0  00025
i1PWM6_LoadDutyValue@dutyValue            cstackCOMMON 00070
i1_PWM6_LoadDutyValue                     text63       00A43
i1_PWM_Enable                             text52       009CF
i1_TMR3_StopTimer                         text51       00915
i1_clearLeds                              text62       009BF
incrementor@decimal                       cstackBANK0  00029
incrementor@mode                          cstackBANK0  0002B
incrementor@remainder                     cstackBANK0  00030
incrementor@t_addr                        cstackBANK0  00027
incrementor@top_val                       cstackBANK0  0002E
init_ram                                  inittext     0095D
int$flags                                 (abs)        0007E
intlevel0                                 functab      00000
intlevel1                                 functab      00000
intlevel2                                 functab      00000
intlevel3                                 functab      00000
intlevel4                                 functab      00000
intlevel5                                 functab      00000
main@c                                    cstackBANK1  000A0
main@luminosity                           cstackBANK1  000A5
main@previous                             cstackBANK1  000A3
main@temperature                          cstackBANK1  000A1
reset_vec                                 reset_vec    00000
s1Pressed@remainder                       cstackBANK0  00029
s2Pressed@remainder                       cstackBANK0  00034
sensor_timer@lastLumEntry                 cstackBANK0  00031
sensor_timer@lastRegSaved                 cstackBANK0  00041
sensor_timer@lastTempEntry                cstackBANK0  00033
sensor_timer@localHour                    cstackBANK0  0003B
sensor_timer@localMin                     cstackBANK0  0003D
sensor_timer@localSec                     cstackBANK0  00039
sensor_timer@lum                          cstackBANK0  00023
sensor_timer@maxLum                       cstackBANK0  0002B
sensor_timer@maxTemp                      cstackBANK0  00029
sensor_timer@minLum                       cstackBANK0  0002F
sensor_timer@minTemp                      cstackBANK0  0002D
sensor_timer@newRegIndex                  cstackBANK0  00035
sensor_timer@numRegsSaved                 cstackBANK0  0003F
sensor_timer@temp                         cstackBANK0  00025
sensor_timer@updateNumRegsSaved           cstackBANK0  00037
setLedLuminosity@lum                      cstackCOMMON 00074
stackhi                                   (abs)        023EF
stacklo                                   (abs)        02057
start                                     init         00059
start_initialization                      cinit        0005B
tsttc@value                               cstackBANK0  00021
update_lights@number                      cstackBANK0  00022
wtemp0                                    (abs)        0007E


FUNCTION INFORMATION:

 *************** function _main *****************
[...]
Total ram usage:        0 bytes
 Hardware stack levels used:    1
 This function calls:
		Nothing
 This function is called by:
		_change_PWM
 This function uses a non-reentrant model


 *************** function _TMR3_WriteTimer *****************
 Defined at:
		line 127 in file "mcc_generated_files/tmr3.c"
 Parameters:    Size  Location     Type
  timerVal        2    0[COMMON] unsigned short 
 Auto vars:     Size  Location     Type
		None
 Return value:  Size  Location     Type
                  1    wreg      void 
 Registers used:
		wreg, status,2
 Tracked objects:
		On entry : 
		On exit  : 
		Unchanged: 
 Data sizes:     COMMON   BANK0   BANK1   BANK2   BANK3   BANK4   BANK5   BANK6   BANK7   BANK8   BANK9  BANK10  BANK11  BANK12
      Params:         2       0       0       0       0       0       0       0       0       0       0       0       0       0
      Locals:         0       0       0       0       0       0       0       0       0       0       0       0       0       0
      Temps:          0       0       0       0       0       0       0       0       0       0       0       0       0       0
      Totals:         2       0       0       0       0       0       0       0       0       0       0       0       0       0
Total ram usage:        2 bytes
 Hardware stack levels used:    1
 This function calls:
		Nothing
 This function is called by:
		_TMR3_ISR
		_TMR3_Reload
 This function uses a non-reentrant model


 *************** function _TMR1_ISR *****************
 Defined at:
		line 164 in file "mcc_generated_files/tmr1.c"
 Parameters:    Size  Location     Type
		None
 Auto vars:     Size  Location     Type
		None
 Return value:  Size  Location     Type
                  1    wreg      void 
 Registers used:
		wreg, status,2, status,0, pclath, cstack
 Tracked objects:
		On entry : 
		On exit  : 
		Unchanged: 
 Data sizes:     COMMON   BANK0   BANK1   BANK2   BANK3   BANK4   BANK5   BANK6   BANK7   BANK8   BANK9  BANK10  BANK11  BANK12
      Params:         0       0       0       0       0       0       0       0       0       0       0       0       0       0
      Locals:         0       0       0       0       0       0       0       0       0       0       0       0       0       0
      Temps:          0       0       0       0       0       0       0       0       0       0       0       0       0       0
      Totals:         0       0       0       0       0       0       0       0       0       0       0       0       0       0
Total ram usage:        0 bytes
 Hardware stack levels used:    1
 Hardware stack levels required when called:    1
 This function calls:
		Absolute function
		_TMR1_DefaultInterruptHandler
		_TMR1_WriteTimer
		_changeleds
 This function is called by:
		_INTERRUPT_InterruptManager
 This function uses a non-reentrant model


 *************** function _TMR1_DefaultInterruptHandler *****************
 Defined at:
		line 182 in file "mcc_generated_files/tmr1.c"
 Parameters:    Size  Location     Type
		None
 Auto vars:     Size  Location     Type
		None
 Return value:  Size  Location     Type
                  1    wreg      void 
 Registers used:
		None
 Tracked objects:
		On entry : 
		On exit  : 
		Unchanged: 
 Data sizes:     COMMON   BANK0   BANK1   BANK2   BANK3   BANK4   BANK5   BANK6   BANK7   BANK8   BANK9  BANK10  BANK11  BANK12
      Params:         0       0       0       0       0       0       0       0       0       0       0       0       0       0
      Locals:         0       0       0       0       0       0       0       0       0       0       0       0       0       0
      Temps:          0       0       0       0       0       0       0       0       0       0       0       0       0       0
      Totals:         0       0       0       0       0       0       0       0       0       0       0       0       0       0
Total ram usage:        0 bytes
 Hardware stack levels used:    1
 This function calls:
		Nothing
 This function is called by:
		_TMR1_Initialize
		_TMR1_ISR
 This function uses a non-reentrant model


 *************** function _changeleds *****************
 Defined at:
		line 8 in file "interruptions.c"
 Parameters:    Size  Location     Type
		None
 Auto vars:     Size  Location     Type
		None
 Return value:  Size  Location     Type
                  1    wreg      void 
 Registers used:
		wreg, status,2, status,0
 Tracked objects:
		On entry : 
		On exit  : 
		Unchanged: 
 Data sizes:     COMMON   BANK0   BANK1   BANK2   BANK3   BANK4   BANK5   BANK6   BANK7   BANK8   BANK9  BANK10  BANK11  BANK12
      Params:         0       0       0       0       0       0       0       0       0       0       0       0       0       0
      Locals:         0       0       0       0       0       0       0       0       0       0       0       0       0       0
      Temps:          0       0       0       0       0       0       0       0       0       0       0       0       0       0
      Totals:         0       0       0       0       0       0       0       0       0       0       0       0       0       0
Total ram usage:        0 bytes
 Hardware stack levels used:    1
 This function calls:
		Nothing
 This function is called by:
		_main
		_TMR1_ISR
 This function uses a non-reentrant model


 *************** function _TMR1_WriteTimer *****************
 Defined at:
		line 127 in file "mcc_generated_files/tmr1.c"
 Parameters:    Size  Location     Type
  timerVal        2    0[COMMON] unsigned short 
 Auto vars:     Size  Location     Type
		None
 Return value:  Size  Location     Type
                  1    wreg      void 
 Registers used:
		wreg, status,2
 Tracked objects:
		On entry : 
		On exit  : 
		Unchanged: 
 Data sizes:     COMMON   BANK0   BANK1   BANK2   BANK3   BANK4   BANK5   BANK6   BANK7   BANK8   BANK9  BANK10  BANK11  BANK12
      Params:         2       0       0       0       0       0       0       0       0       0       0       0       0       0
      Locals:         0       0       0       0       0       0       0       0       0       0       0       0       0       0
      Temps:          0       0       0       0       0       0       0       0       0       0       0       0       0       0
      Totals:         2       0       0       0       0       0       0       0       0       0       0       0       0       0
Total ram usage:        2 bytes
 Hardware stack levels used:    1
 This function calls:
		Nothing
 This function is called by:
		_TMR1_ISR
		_TMR1_Reload
 This function uses a non-reentrant model


 *************** function _INT_ISR *****************
 Defined at:
		line 32 in file "mcc_generated_files/ext_int.c"
 Parameters:    Size  Location     Type
		None
 Auto vars:     Size  Location     Type
		None
 Return value:  Size  Location     Type
                  1    wreg      void 
 Registers used:
		wreg, status,2, status,0, pclath, cstack
 Tracked objects:
		On entry : 
		On exit  : 
		Unchanged: 
 Data sizes:     COMMON   BANK0   BANK1   BANK2   BANK3   BANK4   BANK5   BANK6   BANK7   BANK8   BANK9  BANK10  BANK11  BANK12
      Params:         0       0       0       0       0       0       0       0       0       0       0       0       0       0
      Locals:         0       0       0       0       0       0       0       0       0       0       0       0       0       0
      Temps:          0       0       0       0       0       0       0       0       0       0       0       0       0       0
      Totals:         0       0       0       0       0       0       0       0       0       0       0       0       0       0
Total ram usage:        0 bytes
 Hardware stack levels used:    1
 Hardware stack levels required when called:    4
 This function calls:
		_INT_CallBack
 This function is called by:
		_INTERRUPT_InterruptManager
 This function uses a non-reentrant model


 *************** function _INT_CallBack *****************
 Defined at:
		line 41 in file "mcc_generated_files/ext_int.c"
 Parameters:    Size  Location     Type
		None
 Auto vars:     Size  Location     Type
		None
 Return value:  Size  Location     Type
                  1    wreg      void 
 Registers used:
		wreg, status,2, status,0, pclath, cstack
 Tracked objects:
		On entry : 
		On exit  : 
		Unchanged: 
 Data sizes:     COMMON   BANK0   BANK1   BANK2   BANK3   BANK4   BANK5   BANK6   BANK7   BANK8   BANK9  BANK10  BANK11  BANK12
      Params:         0       0       0       0       0       0       0       0       0       0       0       0       0       0
      Locals:         0       0       0       0       0       0       0       0       0       0       0       0       0       0
      Temps:          0       0       0       0       0       0       0       0       0       0       0       0       0       0
      Totals:         0       0       0       0       0       0       0       0       0       0       0       0       0       0
Total ram usage:        0 bytes
 Hardware stack levels used:    1
 Hardware stack levels required when called:    3
 This function calls:
		Absolute function
		_INT_DefaultInterruptHandler
		_s1PressedInterruptHandler
 This function is called by:
		_INT_ISR
 This function uses a non-reentrant model


 *************** function _INT_DefaultInterruptHandler *****************
 Defined at:
		line 54 in file "mcc_generated_files/ext_int.c"
 Parameters:    Size  Location     Type
		None
 Auto vars:     Size  Location     Type
		None
 Return value:  Size  Location     Type
                  1    wreg      void 
 Registers used:
		None
 Tracked objects:
		On entry : 
		On exit  : 
		Unchanged: 
 Data sizes:     COMMON   BANK0   BANK1   BANK2   BANK3   BANK4   BANK5   BANK6   BANK7   BANK8   BANK9  BANK10  BANK11  BANK12
      Params:         0       0       0       0       0       0       0       0       0       0       0       0       0       0
      Locals:         0       0       0       0       0       0       0       0       0       0       0       0       0       0
      Temps:          0       0       0       0       0       0       0       0       0       0       0       0       0       0
      Totals:         0       0       0       0       0       0       0       0       0       0       0       0       0       0
Total ram usage:        0 bytes
 Hardware stack levels used:    1
 This function calls:
		Nothing
 This function is called by:
		_EXT_INT_Initialize
		_INT_CallBack
 This function uses a non-reentrant model


 *************** function _s1PressedInterruptHandler *****************
 Defined at:
		line 30 in file "interruptions.c"
 Parameters:    Size  Location     Type
		None
 Auto vars:     Size  Location     Type
		None
 Return value:  Size  Location     Type
                  1    wreg      void 
 Registers used:
		wreg, status,2, status,0, pclath, cstack
 Tracked objects:
		On entry : 
		On exit  : 
		Unchanged: 
 Data sizes:     COMMON   BANK0   BANK1   BANK2   BANK3   BANK4   BANK5   BANK6   BANK7   BANK8   BANK9  BANK10  BANK11  BANK12
      Params:         0       0       0       0       0       0       0       0       0       0       0       0       0       0
      Locals:         0       0       0       0       0       0       0       0       0       0       0       0       0       0
      Temps:          0       0       0       0       0       0       0       0       0       0       0       0       0       0
      Totals:         0       0       0       0       0       0       0       0       0       0       0       0       0       0
Total ram usage:        0 bytes
 Hardware stack levels used:    1
 Hardware stack levels required when called:    2
 This function calls:
		i1_clearLeds
 This function is called by:
		_main
		_INT_CallBack
 This function uses a non-reentrant model


 *************** function i1_clearLeds *****************
 Defined at:
		line 229 in file "Set_clock_thresholds.c"
 Parameters:    Size  Location     Type
		None
 Auto vars:     Size  Location     Type
		None
 Return value:  Size  Location     Type
                  1    wreg      void 
 Registers used:
		wreg, status,2, status,0, pclath, cstack
 Tracked objects:
		On entry : 
		On exit  : 
		Unchanged: 
 Data sizes:     COMMON   BANK0   BANK1   BANK2   BANK3   BANK4   BANK5   BANK6   BANK7   BANK8   BANK9  BANK10  BANK11  BANK12
      Params:         0       0       0       0       0       0       0       0       0       0       0       0       0       0
      Locals:         0       0       0       0       0       0       0       0       0       0       0       0       0       0
      Temps:          0       0       0       0       0       0       0       0       0       0       0       0       0       0
      Totals:         0       0       0       0       0       0       0       0       0       0       0       0       0       0
Total ram usage:        0 bytes
 Hardware stack levels used:    1
 Hardware stack levels required when called:    1
 This function calls:
		i1_PWM6_LoadDutyValue
 This function is called by:
		_s1PressedInterruptHandler
 This function uses a non-reentrant model


 *************** function i1_PWM6_LoadDutyValue *****************
 Defined at:
		line 74 in file "mcc_generated_files/pwm6.c"
 Parameters:    Size  Location     Type
  dutyValue       2    0[COMMON] unsigned short 
 Auto vars:     Size  Location     Type
		None
 Return value:  Size  Location     Type
                  1    wreg      void 
 Registers used:
		wreg, status,2, status,0
 Tracked objects:
		On entry : 
		On exit  : 
		Unchanged: 
 Data sizes:     COMMON   BANK0   BANK1   BANK2   BANK3   BANK4   BANK5   BANK6   BANK7   BANK8   BANK9  BANK10  BANK11  BANK12
      Params:         2       0       0       0       0       0       0       0       0       0       0       0       0       0
      Locals:         0       0       0       0       0       0       0       0       0       0       0       0       0       0
      Temps:          2       0       0       0       0       0       0       0       0       0       0       0       0       0
      Totals:         4       0       0       0       0       0       0       0       0       0       0       0       0       0
Total ram usage:        4 bytes
 Hardware stack levels used:    1
 This function calls:
		Nothing
 This function is called by:
		_LED_blink_function
		_change_PWM
		i1_clearLeds
 This function uses a non-reentrant model



MODULE INFORMATION

Module		Function		Class		Link	Load	Size
Set_clock_thresholds.c
		_incrementor   		CODE           	0DE2	0000	183
		_clearLeds     		CODE           	0A0F	0000	17
		_update_lights 		CODE           	0C09	0000	54
		_s1Pressed     		CODE           	06E1	0000	261
		_s2Pressed     		CODE           	0E98	0000	361

Set_clock_thresholds.c estimated size: 876

mcc_generated_files/pwm6.c
		_PWM6_LoadDutyValue		CODE           	07E5	0000	26
		_PWM6_Initialize		CODE           	0989	0000	14

mcc_generated_files/pwm6.c estimated size: 40

mcc_generated_files/tmr4.c
		_TMR4_ISR      		CODE           	09DF	0000	17
		_TMR4_Initialize		CODE           	0A6F	0000	23
		_TMR4_Stop     		CODE           	0924	0000	4
		_TMR4_Start    		CODE           	0921	0000	4
		_TMR4_SetInterruptHandler		CODE           	0951	0000	7
		_TMR4_StopTimer		CODE           	0935	0000	5
		_TMR4_DefaultInterruptHandler		CODE           	07FE	0000	2
		_TMR4_StartTimer		CODE           	0931	0000	5

mcc_generated_files/tmr4.c estimated size: 67

mcc_generated_files/tmr2.c
		_TMR2_Initialize		CODE           	09B1	0000	15
		_TMR2_Start    		CODE           	0918	0000	4
		_TMR2_StartTimer		CODE           	092D	0000	5

mcc_generated_files/tmr2.c estimated size: 24

mcc_generated_files/interrupt_manager.c
		_INTERRUPT_InterruptManager		CODE           	0004	0000	86

mcc_generated_files/interrupt_manager.c estimated size: 86

C:\Program Files (x86)\Microchip\xc8\v2.00\pic\sources\c99\common\awmod.c
		___awmod       		CODE           	0CBD	0000	95

C:\Program Files (x86)\Microchip\xc8\v2.00\pic\sources\c99\common\awmod.c estimated size: 95

i2c.c
		_ReadI2C       		CODE           	0B09	0000	31
		_tsttc         		CODE           	0558	0000	394
		_WriteI2C      		CODE           	0D1B	0000	95

i2c.c estimated size: 520

mcc_generated_files/pin_manager.c
		_PIN_MANAGER_Initialize		CODE           	0C3E	0000	62

mcc_generated_files/pin_manager.c estimated size: 62

pwmAlarm.c
		_PWM_Enable    		CODE           	09EF	0000	17
		_change_PWM    		CODE           	0BDD	0000	45

pwmAlarm.c estimated size: 62

measureAndSaveFunctions.c
		_setLedLuminosity		CODE           	0B46	0000	33
		_get_luminosity		CODE           	0C7B	0000	67
		_sensor_timer  		CODE           	0077	0000	784

measureAndSaveFunctions.c estimated size: 884

mcc_generated_files/ext_int.c
		_INT_DefaultInterruptHandler		CODE           	0002	0000	2
		_EXT_INT_Initialize		CODE           	097C	0000	14
		_INT_SetInterruptHandler		CODE           	093F	0000	7
		_INT_CallBack  		CODE           	09A3	0000	15
		_INT_ISR       		CODE           	0939	0000	7

mcc_generated_files/ext_int.c estimated size: 45

shared
		i1_PWM_Enable  		CODE           	09CF	0000	17
		i1_TMR3_StopTimer		CODE           	0915	0000	4
		_max_min       		STRCODE        	1004	0000	3
		_max_hour      		STRCODE        	1006	0000	3
		_TALA          		STRCODE        	0000	0000	0
		_max_temp      		STRCODE        	1002	0000	3
		i1_clearLeds   		CODE           	09BF	0000	17
		_max_lum       		STRCODE        	1000	0000	3
		__initialization		CODE           	005B	0000	25
		_PMON          		STRCODE        	100A	0000	3
		i1_PWM6_LoadDutyValue		CODE           	0A43	0000	23

shared estimated size: 101

mcc_generated_files/mcc.c
		_PMD_Initialize		CODE           	0963	0000	9
		_OSCILLATOR_Initialize		CODE           	0973	0000	10
		_SYSTEM_Initialize		CODE           	0B27	0000	32

mcc_generated_files/mcc.c estimated size: 51

mcc_generated_files/tmr3.c
		_TMR3_ISR      		CODE           	0A9D	0000	25
		_TMR3_Initialize		CODE           	0AEB	0000	31
		_TMR3_SetInterruptHandler		CODE           	094B	0000	7
		_TMR3_StopTimer		CODE           	091E	0000	4
		_TMR3_DefaultInterruptHandler		CODE           	07FF	0000	2
		_TMR3_WriteTimer		CODE           	0A31	0000	19
		_TMR3_StartTimer		CODE           	091B	0000	4

mcc_generated_files/tmr3.c estimated size: 92

interruptions.c
		_LED_blink_function		CODE           	0D79	0000	106
		_s1PressedInterruptHandler		CODE           	0B8A	0000	40
		_changeleds    		CODE           	0BB1	0000	45

interruptions.c estimated size: 191

mcc_generated_files/tmr1.c
		_TMR1_Initialize		CODE           	0ACD	0000	31
		_TMR1_SetInterruptHandler		CODE           	0945	0000	7
		_TMR1_StopTimer		CODE           	092A	0000	4
		_TMR1_DefaultInterruptHandler		CODE           	0003	0000	2
		_TMR1_WriteTimer		CODE           	0A1F	0000	19
		_TMR1_StartTimer		CODE           	0927	0000	4
		_TMR1_ISR      		CODE           	0A85	0000	25

mcc_generated_files/tmr1.c estimated size: 92

mcc_generated_files/memory.c
		_DATAEE_WriteByte		CODE           	0B66	0000	37
		_DATAEE_ReadByte		CODE           	0996	0000	14

mcc_generated_files/memory.c estimated size: 51

mcc_generated_files/i2c1_driver.c
		_i2c1_driver_open		CODE           	09FF	0000	17

mcc_generated_files/i2c1_driver.c estimated size: 17

mcc_generated_files/adcc.c
		_ADCC_GetSingleConversion		CODE           	0AB5	0000	25
		_ADCC_Initialize		CODE           	0A59	0000	23

mcc_generated_files/adcc.c estimated size: 48

main.c
		_main          		CODE           	0386	0000	467

main.c estimated size: 467

