Microchip MPLAB XC8 Compiler V2.00 ()

Linker command line:

-W-3 --edf=C:\Program Files (x86)\Microchip\xc8\v2.00\pic\dat\en_msgs.txt \
  -cs -h+dist/default/production\SCE_Project.production.sym \
  --cmf=dist/default/production\SCE_Project.production.cmf -z -Q16F18875 \
  -oC:\Users\Rui\AppData\Local\Temp\s9u0.2 --defsym=__MPLAB_BUILD=1 \
  -Mdist/default/production/SCE_Project.production.map -E1 -ver=XC8 \
  --acfsm=1493 -ASTACK=02057h-023efh -pstack=STACK -ACODE=00h-07FFhx4 \
  -ASTRCODE=00h-01FFFh -ASTRING=00h-0FFhx32 -ACONST=00h-0FFhx32 \
  -AENTRY=00h-0FFhx32 -ACOMMON=070h-07Fh -ABANK0=020h-06Fh \
  -ABANK1=0A0h-0EFh -ABANK2=0120h-016Fh -ABANK3=01A0h-01EFh \
  -ABANK4=0220h-026Fh -ABANK5=02A0h-02EFh -ABANK6=0320h-036Fh \
  -ABANK7=03A0h-03EFh -ABANK8=0420h-046Fh -ABANK9=04A0h-04EFh \
  -ABANK10=0520h-056Fh -ABANK11=05A0h-05EFh -ABANK12=0620h-064Fh \
  -ABIGRAM=02000h-023EFh \
  -ARAM=020h-06Fh,0A0h-0EFh,0120h-016Fh,01A0h-01EFh,0220h-026Fh,02A0h-02EFh,0320h-036Fh,03A0h-03EFh,0420h-046Fh,04A0h-04EFh,0520h-056Fh,05A0h-05EFh,0620h-064Fh \
  -AABS1=020h-07Fh,0A0h-0EFh,0120h-016Fh,01A0h-01EFh,0220h-026Fh,02A0h-02EFh,0320h-036Fh,03A0h-03EFh,0420h-046Fh,04A0h-04EFh,0520h-056Fh,05A0h-05EFh,0620h-064Fh \
  -ASFR0=00h-01Fh -ASFR1=080h-09Fh -ASFR2=0100h-011Fh -ASFR3=0180h-019Fh \
  -ASFR4=0200h-021Fh -ASFR5=0280h-029Fh -ASFR6=0300h-031Fh \
  -ASFR7=0380h-039Fh -ASFR8=0400h-041Fh -ASFR9=0480h-049Fh \
  -ASFR10=0500h-051Fh -ASFR11=0580h-059Fh -ASFR12=0600h-061Fh \
  -ASFR13=0680h-06EFh -ASFR14=0700h-076Fh -ASFR15=0780h-07EFh \
  -ASFR16=0800h-086Fh -ASFR17=0880h-08EFh -ASFR18=0900h-096Fh \
  -ASFR19=0980h-09EFh -ASFR20=0A00h-0A6Fh -ASFR21=0A80h-0AEFh \
  -ASFR22=0B00h-0B6Fh -ASFR23=0B80h-0BEFh -ASFR24=0C00h-0C6Fh \
  -ASFR25=0C80h-0CEFh -ASFR26=0D00h-0D6Fh -ASFR27=0D80h-0DEFh \
  -ASFR28=0E00h-0E6Fh -ASFR29=0E80h-0EEFh -ASFR30=0F00h-0F6Fh \
  -ASFR31=0F80h-0FEFh -preset_vec=00h,intentry=04h,init,end_init \
  -ppowerup=CODE -pcinit=CODE -pfunctab=ENTRY -ACONFIG=08007h-0800Bh \
  -pconfig=CONFIG -DCONFIG=2 -AIDLOC=08000h-08003h -pidloc=IDLOC -DIDLOC=2 \
  -AEEDATA=00h-0FFh/0F000h -peeprom_data=EEDATA -DEEDATA=2 -DCODE=2 \
  -DSTRCODE=2 -DSTRING=2 -DCONST=2 -DENTRY=2 -k \
  C:\Users\Rui\AppData\Local\Temp\s9u0.o \
  dist/default/production\SCE_Project.production.o 

Object code version is 3.11

Machine type is 16F18875



                Name                               Link     Load   Length Selector   Space Scale
C:\Users\Rui\AppData\Local\Temp\s9u0.o
                end_init                             59       59        2        8       0
                reset_vec                             0        0        2        0       0
                config                             8007     8007        5    1000E       0
dist/default/production\SCE_Project.production.o
                cinit                                5B       5B       1C        8       0
                intentry                              4        4       55        8       0
                text67                              8C0      8C0       16     1180       0
                text66                              83C      83C       10     1078       0
                text65                              A9B      A9B       2E     1536       0
                text64                             176C     176C        1     2ED8       0
                text63                             17E4     17E4        E     2FC8       0
                text62                             178B     178B        6     2F16       0
                text61                              89C      89C       12     1138       0
                text60                              A43      A43       2C     1486       0
                text59                             176D     176D        1     2EDA       0
                text58                              902      902       18     1204       0
                text57                              8AE      8AE       12     115C       0
                text56                              84C      84C       10     1098       0
                text55                             176E     176E        3     2EDC       0
                text54                              A6F      A6F       2C     14DE       0
                text53                                2        2        1        0       0
                text52                              91A      91A       18     1234       0
                text51                                3        3        1        6       0
                text50                              C39      C39       69     1872       0
                text49                              85C      85C       10     10B8       0
                text47                              86C      86C       10     10D8       0
                text46                              8D6      8D6       16     11AC       0
                text45                             1791     1791        6     2F22       0
                text44                             17BD     17BD        D     2F7A       0
                text43                              7F4      7F4        9        8       0
                text42                              AFE      AFE       3D     15FC       0
                text41                             17B5     17B5        8     2F6A       0
                text40                             17CA     17CA        D     2F94       0
                text39                             1797     1797        6     2F2E       0
                text38                              963      963       1E     12C6       0
                text37                             17F2     17F2        E     2FE4       0
                text36                             179D     179D        6     2F3A       0
                text35                              981      981       1E     1302       0
                text34                             17A3     17A3        6     2F46       0
                text33                              8EC      8EC       16     11D8       0
                text32                              9BD      9BD       1F     137A       0
                text31                             1771     1771        3     2EE2       0
                text30                             1774     1774        3     2EE8       0
                text29                             1783     1783        4     2F06       0
                text28                             1777     1777        3     2EEE       0
                text27                             1787     1787        4     2F0E       0
                text26                             17D7     17D7        D     2FAE       0
                text25                              94A      94A       19     1294       0
                text24                             177A     177A        3     2EF4       0
                text23                              830      830        4     1060       0
                text22                             177D     177D        3     2EFA       0
                text21                              D7A      D7A       77     1AF4       0
                text20                              D0C      D0C       6E     1A18       0
                text19                              932      932       18     1264       0
                text18                              B3B      B3B       42     1676       0
                text17                              87C      87C       10     10F8       0
                text16                              B7D      B7D       5E     16FA       0
                text15                              88C      88C       10     1118       0
                text14                              AC9      AC9       35     1592       0
                swtext2                             818      818       18     1000       0
                text13                              DF1      DF1      104     1BE2       0
                text12                              A1F      A1F       24     143E       0
                text11                              CA2      CA2       6A     1944       0
                text10                              9FC      9FC       23     13F8       0
                text9                               EF5      EF5      10B     1DEA       0
                swtext1                             800      800       18     1000       0
                text8                               50F      50F      173        8       0
                text7                              1780     1780        3     2F00       0
                text6                               7FD      7FD        3        8       0
                text5                                77       77      30F        8       0
                text4                               9DC      9DC       20     13B8       0
                text3                               99F      99F       1E     133E       0
                text2                               BDB      BDB       5E     17B6       0
                text1                               386      386      189        8       0
                maintext                            682      682      172        8       0
                cstackBANK0                          20       20       25       20       1
                cstackCOMMON                         70       70        6       70       1
                cstackBANK1                          A0       A0        7       A0       1
                clrtext                            17A9     17A9        6     2F52       0
                inittext                           17AF     17AF        6     2F5E       0
                dataBANK0                            65       65        8       20       1
                bssBANK0                             45       45       14       20       1
                bssCOMMON                            76       76        4       70       1
                nvBANK0                              59       59        C       20       1
                stringtext6                        180A     180A        2     3000       0
                stringtext5                        1808     1808        2     3000       0
                stringtext4                        1806     1806        2     3000       0
                stringtext3                        1804     1804        2     3000       0
                stringtext2                        1802     1802        2     3000       0
                stringtext1                        1800     1800        2     3000       0
                idataBANK0                          834      834        8     1068       0

TOTAL           Name                               Link     Load   Length     Space
        CLASS   STACK          

        CLASS   CODE           
                end_init                             59       59        2         0
                cinit                                5B       5B       1C         0
                intentry                              4        4       55         0
                reset_vec                             0        0        2         0
                text67                              8C0      8C0       16         0
                text66                              83C      83C       10         0
                text65                              A9B      A9B       2E         0
                text64                             176C     176C        1         0
                text63                             17E4     17E4        E         0
                text62                             178B     178B        6         0
                text61                              89C      89C       12         0
                text60                              A43      A43       2C         0
                text59                             176D     176D        1         0
                text58                              902      902       18         0
                text57                              8AE      8AE       12         0
                text56                              84C      84C       10         0
                text55                             176E     176E        3         0
                text54                              A6F      A6F       2C         0
                text53                                2        2        1         0
                text52                              91A      91A       18         0
                text51                                3        3        1         0
                text50                              C39      C39       69         0
                text49                              85C      85C       10         0
                text47                              86C      86C       10         0
                text46                              8D6      8D6       16         0
                text45                             1791     1791        6         0
                text44                             17BD     17BD        D         0
                text43                              7F4      7F4        9         0
                text42                              AFE      AFE       3D         0
                text41                             17B5     17B5        8         0
                text40                             17CA     17CA        D         0
                text39                             1797     1797        6         0
                text38                              963      963       1E         0
                text37                             17F2     17F2        E         0
                text36                             179D     179D        6         0
                text35                              981      981       1E         0
                text34                             17A3     17A3        6         0
                text33                              8EC      8EC       16         0
                text32                              9BD      9BD       1F         0
                text31                             1771     1771        3         0
                text30                             1774     1774        3         0
                text29                             1783     1783        4         0
                text28                             1777     1777        3         0
                text27                             1787     1787        4         0
                text26                             17D7     17D7        D         0
                text25                              94A      94A       19         0
                text24                             177A     177A        3         0
                text23                              830      830        4         0
                text22                             177D     177D        3         0
                text21                              D7A      D7A       77         0
                text20                              D0C      D0C       6E         0
                text19                              932      932       18         0
                text18                              B3B      B3B       42         0
                text17                              87C      87C       10         0
                text16                              B7D      B7D       5E         0
                text15                              88C      88C       10         0
                text14                              AC9      AC9       35         0
                text13                              DF1      DF1      104         0
                text12                              A1F      A1F       24         0
                text11                              CA2      CA2       6A         0
                text10                              9FC      9FC       23         0
                text9                               EF5      EF5      10B         0
                text8                               50F      50F      173         0
                text7                              1780     1780        3         0
                text6                               7FD      7FD        3         0
                text5                                77       77      30F         0
                text4                               9DC      9DC       20         0
                text3                               99F      99F       1E         0
                text2                               BDB      BDB       5E         0
                text1                               386      386      189         0
                maintext                            682      682      172         0
                clrtext                            17A9     17A9        6         0
                inittext                           17AF     17AF        6         0
                idataBANK0                          834      834        8         0

        CLASS   STRCODE        
                stringtext6                        180A     180A        2         0
                stringtext5                        1808     1808        2         0
                stringtext4                        1806     1806        2         0
                stringtext3                        1804     1804        2         0
                stringtext2                        1802     1802        2         0
                stringtext1                        1800     1800        2         0

        CLASS   STRING         

        CLASS   CONST          
                swtext2                             818      818       18         0
                swtext1                             800      800       18         0

        CLASS   ENTRY          

        CLASS   COMMON         
                cstackCOMMON                         70       70        6         1
                bssCOMMON                            76       76        4         1

        CLASS   BANK0          
                cstackBANK0                          20       20       25         1
                dataBANK0                            65       65        8         1
                bssBANK0                             45       45       14         1
                nvBANK0                              59       59        C         1

        CLASS   BANK1          
                cstackBANK1                          A0       A0        7         1

        CLASS   BANK2          

        CLASS   BANK3          

        CLASS   BANK4          

        CLASS   BANK5          

        CLASS   BANK6          

        CLASS   BANK7          

        CLASS   BANK8          

        CLASS   BANK9          

        CLASS   BANK10         

        CLASS   BANK11         

        CLASS   BANK12         

        CLASS   BIGRAM         

        CLASS   RAM            

        CLASS   ABS1           
                abs_s1                               7E       7E        2         1

        CLASS   SFR0           

        CLASS   SFR1           

        CLASS   SFR2           

        CLASS   SFR3           

        CLASS   SFR4           

        CLASS   SFR5           

        CLASS   SFR6           

        CLASS   SFR7           

        CLASS   SFR8           

        CLASS   SFR9           

        CLASS   SFR10          

        CLASS   SFR11          

        CLASS   SFR12          

        CLASS   SFR13          

        CLASS   SFR14          

        CLASS   SFR15          

        CLASS   SFR16          

        CLASS   SFR17          

        CLASS   SFR18          

        CLASS   SFR19          

        CLASS   SFR20          

        CLASS   SFR21          

        CLASS   SFR22          

        CLASS   SFR23          

        CLASS   SFR24          

        CLASS   SFR25          

        CLASS   SFR26          

        CLASS   SFR27          

        CLASS   SFR28          

        CLASS   SFR29          

        CLASS   SFR30          

        CLASS   SFR31          

        CLASS   CONFIG         
                config                             8007     8007        5         0

        CLASS   IDLOC          

        CLASS   EEDATA         

        CLASS   BANK31         

        CLASS   BANK30         

        CLASS   BANK29         

        CLASS   BANK28         

        CLASS   BANK27         

        CLASS   BANK26         

        CLASS   BANK25         

        CLASS   BANK24         

        CLASS   BANK23         

        CLASS   BANK22         

        CLASS   BANK21         

        CLASS   BANK20         

        CLASS   BANK19         

        CLASS   BANK18         

        CLASS   BANK17         

        CLASS   BANK16         

        CLASS   BANK15         

        CLASS   BANK14         

        CLASS   BANK13         



SEGMENTS        Name                           Load    Length   Top    Selector   Space  Class     Delta

                reset_vec                      000000  000003  000003         0       0  CODE        2
                text51                         000003  000001  000004         6       0  CODE        2
                intentry                       000004  0007FC  000800         8       0  CODE        2
                cstackBANK0                    000020  00004D  00006D        20       1  BANK0       1
                cstackCOMMON                   000070  00000A  00007A        70       1  COMMON      1
                cstackBANK1                    0000A0  000007  0000A7        A0       1  BANK1       1
                swtext1                        000800  000030  000830      1000       0  CONST       2
                text23                         000830  000004  000834      1060       0  CODE        2
                idataBANK0                     000834  000008  00083C      1068       0  CODE        2
                text66                         00083C  000010  00084C      1078       0  CODE        2
                text56                         00084C  000010  00085C      1098       0  CODE        2
                text49                         00085C  000010  00086C      10B8       0  CODE        2
                text47                         00086C  000010  00087C      10D8       0  CODE        2
                text17                         00087C  000010  00088C      10F8       0  CODE        2
                text15                         00088C  000010  00089C      1118       0  CODE        2
                text61                         00089C  000012  0008AE      1138       0  CODE        2
                text57                         0008AE  000012  0008C0      115C       0  CODE        2
                text67                         0008C0  000016  0008D6      1180       0  CODE        2
                text46                         0008D6  000016  0008EC      11AC       0  CODE        2
                text33                         0008EC  000016  000902      11D8       0  CODE        2
                text58                         000902  000018  00091A      1204       0  CODE        2
                text52                         00091A  000018  000932      1234       0  CODE        2
                text19                         000932  000018  00094A      1264       0  CODE        2
                text25                         00094A  000019  000963      1294       0  CODE        2
                text38                         000963  00001E  000981      12C6       0  CODE        2
                text35                         000981  00001E  00099F      1302       0  CODE        2
                text3                          00099F  00001E  0009BD      133E       0  CODE        2
                text32                         0009BD  00001F  0009DC      137A       0  CODE        2
                text4                          0009DC  000020  0009FC      13B8       0  CODE        2
                text10                         0009FC  000023  000A1F      13F8       0  CODE        2
                text12                         000A1F  000024  000A43      143E       0  CODE        2
                text60                         000A43  00002C  000A6F      1486       0  CODE        2
                text54                         000A6F  00002C  000A9B      14DE       0  CODE        2
                text65                         000A9B  00002E  000AC9      1536       0  CODE        2
                text14                         000AC9  000035  000AFE      1592       0  CODE        2
                text42                         000AFE  00003D  000B3B      15FC       0  CODE        2
                text18                         000B3B  000042  000B7D      1676       0  CODE        2
                text16                         000B7D  00005E  000BDB      16FA       0  CODE        2
                text2                          000BDB  00005E  000C39      17B6       0  CODE        2
                text50                         000C39  000069  000CA2      1872       0  CODE        2
                text11                         000CA2  00006A  000D0C      1944       0  CODE        2
                text20                         000D0C  00006E  000D7A      1A18       0  CODE        2
                text21                         000D7A  000077  000DF1      1AF4       0  CODE        2
                text13                         000DF1  000104  000EF5      1BE2       0  CODE        2
                text9                          000EF5  00010B  001000      1DEA       0  CODE        2
                text64                         00176C  000001  00176D      2ED8       0  CODE        2
                text59                         00176D  000001  00176E      2EDA       0  CODE        2
                text55                         00176E  000003  001771      2EDC       0  CODE        2
                text31                         001771  000003  001774      2EE2       0  CODE        2
                text30                         001774  000003  001777      2EE8       0  CODE        2
                text28                         001777  000003  00177A      2EEE       0  CODE        2
                text24                         00177A  000003  00177D      2EF4       0  CODE        2
                text22                         00177D  000003  001780      2EFA       0  CODE        2
                text7                          001780  000003  001783      2F00       0  CODE        2
                text29                         001783  000004  001787      2F06       0  CODE        2
                text27                         001787  000004  00178B      2F0E       0  CODE        2
                text62                         00178B  000006  001791      2F16       0  CODE        2
                text45                         001791  000006  001797      2F22       0  CODE        2
                text39                         001797  000006  00179D      2F2E       0  CODE        2
                text36                         00179D  000006  0017A3      2F3A       0  CODE        2
                text34                         0017A3  000006  0017A9      2F46       0  CODE        2
                clrtext                        0017A9  000006  0017AF      2F52       0  CODE        2
                inittext                       0017AF  000006  0017B5      2F5E       0  CODE        2
                text41                         0017B5  000008  0017BD      2F6A       0  CODE        2
                text44                         0017BD  00000D  0017CA      2F7A       0  CODE        2
                text40                         0017CA  00000D  0017D7      2F94       0  CODE        2
                text26                         0017D7  00000D  0017E4      2FAE       0  CODE        2
                text63                         0017E4  00000E  0017F2      2FC8       0  CODE        2
                text37                         0017F2  00000E  001800      2FE4       0  CODE        2
                stringtext1                    001800  00000C  00180C      3000       0  STRCODE     2
                config                         008007  000005  00800C     1000E       0  CONFIG      2


UNUSED ADDRESS RANGES

        Name                Unused          Largest block    Delta
        BANK0            0006D-0006F               3           1
        BANK1            000A7-000EF              49           1
        BANK10           00520-0056F              50           1
        BANK11           005A0-005EF              50           1
        BANK12           00620-0064F              30           1
        BANK2            00120-0016F              50           1
        BANK3            001A0-001EF              50           1
        BANK4            00220-0026F              50           1
        BANK5            002A0-002EF              50           1
        BANK6            00320-0036F              50           1
        BANK7            003A0-003EF              50           1
        BANK8            00420-0046F              50           1
        BANK9            004A0-004EF              50           1
        BIGRAM           02000-023EF             3F0           1
        CODE             01000-0176B             76C           2
                         0180C-01FFF             7F4
        COMMON           0007A-0007D               4           1
        CONST            01000-0176B             100           2
                         0180C-01FFF             100
        EEDATA           0F000-0F0FF             100           2
        ENTRY            01000-0176B             100           2
                         0180C-01FFF             100
        IDLOC            08000-08003               4           2
        RAM              0006D-0006F               3           1
                         000A7-000EF              49
                         00120-0016F              50
                         001A0-001EF              50
                         00220-0026F              50
                         002A0-002EF              50
                         00320-0036F              50
                         003A0-003EF              50
                         00420-0046F              50
                         004A0-004EF              50
                         00520-0056F              50
                         005A0-005EF              50
                         00620-0064F              30
        SFR0             00000-0001F              20           1
        SFR1             00080-0009F              20           1
        SFR10            00500-0051F              20           1
        SFR11            00580-0059F              20           1
        SFR12            00600-0061F              20           1
        SFR13            00680-006EF              70           1
        SFR14            00700-0076F              70           1
        SFR15            00780-007EF              70           1
        SFR16            00800-0086F              70           1
        SFR17            00880-008EF              70           1
        SFR18            00900-0096F              70           1
        SFR19            00980-009EF              70           1
        SFR2             00100-0011F              20           1
        SFR20            00A00-00A6F              70           1
        SFR21            00A80-00AEF              70           1
        SFR22            00B00-00B6F              70           1
        SFR23            00B80-00BEF              70           1
        SFR24            00C00-00C6F              70           1
        SFR25            00C80-00CEF              70           1
        SFR26            00D00-00D6F              70           1
        SFR27            00D80-00DEF              70           1
        SFR28            00E00-00E6F              70           1
        SFR29            00E80-00EEF              70           1
        SFR3             00180-0019F              20           1
        SFR30            00F00-00F6F              70           1
        SFR31            00F80-00FEF              70           1
        SFR4             00200-0021F              20           1
        SFR5             00280-0029F              20           1
        SFR6             00300-0031F              20           1
        SFR7             00380-0039F              20           1
        SFR8             00400-0041F              20           1
        SFR9             00480-0049F              20           1
        STACK            02057-023EF             399           1
        STRCODE          01000-0176B             76C           2
                         0180C-01FFF             7F4
        STRING           01000-0176B             100           2
                         0180C-01FFF             100

                                  Symbol Table

?_ADCC_GetSingleConversion                cstackBANK0  00020
?___awdiv                                 cstackBANK0  00020
?___awmod                                 cstackBANK0  00020
?___wmul                                  cstackBANK0  00028
?_get_luminosity                          cstackBANK0  00023
?_incrementor                             cstackBANK0  0002E
ADCC_GetSingleConversion@channel          cstackCOMMON 00074
DATAEE_ReadByte@bAdd                      cstackCOMMON 00074
DATAEE_WriteByte@GIEBitValue              cstackCOMMON 00074
DATAEE_WriteByte@bAdd                     cstackBANK0  00020
DATAEE_WriteByte@bData                    cstackBANK0  00022
INT_SetInterruptHandler@InterruptHandler  cstackCOMMON 00074
PWM6_LoadDutyValue@dutyValue              cstackCOMMON 00074
TMR1_SetInterruptHandler@InterruptHandler cstackCOMMON 00074
TMR1_WriteTimer@timerVal                  cstackCOMMON 00070
TMR3_SetInterruptHandler@InterruptHandler cstackCOMMON 00074
TMR3_WriteTimer@timerVal                  cstackCOMMON 00070
TMR4_SetInterruptHandler@InterruptHandler cstackCOMMON 00074
WriteI2C@data_out                         cstackCOMMON 00075
_ADACCH                                   (abs)        00091
_ADACCL                                   (abs)        00090
_ADACQ                                    (abs)        0009D
_ADACT                                    (abs)        00099
_ADCAP                                    (abs)        0009B
_ADCC_GetSingleConversion                 text19       00932
_ADCC_Initialize                          text46       008D6
_ADCLK                                    (abs)        00098
_ADCNT                                    (abs)        0010C
_ADCON0                                   (abs)        00093
_ADCON0bits                               (abs)        00093
_ADCON1                                   (abs)        00094
_ADCON1bits                               (abs)        00094
_ADCON2                                   (abs)        00095
_ADCON2bits                               (abs)        00095
_ADCON3                                   (abs)        00096
_ADCON3bits                               (abs)        00096
_ADERRH                                   (abs)        00117
_ADERRL                                   (abs)        00116
_ADFLTRH                                  (abs)        00115
_ADFLTRL                                  (abs)        00114
_ADLTHH                                   (abs)        0010F
_ADLTHL                                   (abs)        0010E
_ADPCH                                    (abs)        0009E
_ADPRE                                    (abs)        0009C
_ADPREVH                                  (abs)        0008F
_ADPREVL                                  (abs)        0008E
_ADREF                                    (abs)        0009A
_ADRESH                                   (abs)        0008D
_ADRESL                                   (abs)        0008C
_ADRPT                                    (abs)        0010D
_ADSTAT                                   (abs)        00097
_ADSTATbits                               (abs)        00097
_ADSTPTH                                  (abs)        00113
_ADSTPTL                                  (abs)        00112
_ADUTHH                                   (abs)        00111
_ADUTHL                                   (abs)        00110
_ALAF                                     dataBANK0    0006B
_ANSELA                                   (abs)        00F38
_ANSELB                                   (abs)        00F43
_ANSELC                                   (abs)        00F4E
_ANSELD                                   (abs)        00F59
_ANSELE                                   (abs)        00F64
_CCPTMRS1bits                             (abs)        0021F
_DATAEE_ReadByte                          text26       017D7
_DATAEE_WriteByte                         text12       00A1F
_EXT_INT_Initialize                       text44       017BD
_INTCONbits                               (abs)        0000B
_INTERRUPT_InterruptManager               intentry     00004
_INTPPS                                   (abs)        00E90
_INT_CallBack                             text63       017E4
_INT_DefaultInterruptHandler              text64       0176C
_INT_ISR                                  text62       0178B
_INT_InterruptHandler                     nvBANK0      0005F
_INT_SetInterruptHandler                  text45       01791
_LATA                                     (abs)        00016
_LATAbits                                 (abs)        00016
_LATB                                     (abs)        00017
_LATC                                     (abs)        00018
_LATD                                     (abs)        00019
_LATE                                     (abs)        0001A
_LED_blink_function                       text50       00C39
_LED_to_blink                             bssCOMMON    00078
_LumThreshold                             dataBANK0    00069
_NVMADRH                                  (abs)        0081B
_NVMADRL                                  (abs)        0081A
_NVMCON1bits                              (abs)        0081E
_NVMCON2                                  (abs)        0081F
_NVMDATH                                  (abs)        0081D
_NVMDATL                                  (abs)        0081C
_ODCONA                                   (abs)        00F3A
_ODCONB                                   (abs)        00F45
_ODCONC                                   (abs)        00F50
_ODCOND                                   (abs)        00F5B
_ODCONE                                   (abs)        00F66
_OSCCON1                                  (abs)        0088D
_OSCCON3                                  (abs)        0088F
_OSCEN                                    (abs)        00891
_OSCFRQ                                   (abs)        00893
_OSCILLATOR_Initialize                    text43       007F4
_OSCTUNE                                  (abs)        00892
_PIE0bits                                 (abs)        00716
_PIE3bits                                 (abs)        00719
_PIE4bits                                 (abs)        0071A
_PIN_MANAGER_Initialize                   text42       00AFE
_PIR0bits                                 (abs)        0070C
_PIR3bits                                 (abs)        0070F
_PIR4bits                                 (abs)        00710
_PMD0                                     (abs)        00796
_PMD1                                     (abs)        00797
_PMD2                                     (abs)        00798
_PMD3                                     (abs)        00799
_PMD4                                     (abs)        0079A
_PMD5                                     (abs)        0079B
_PMD_Initialize                           text41       017B5
_PMON                                     stringtext6  0180A
_PORTAbits                                (abs)        0000C
_PORTCbits                                (abs)        0000E
_PPSLOCK                                  (abs)        00E8F
_PPSLOCKbits                              (abs)        00E8F
_PR2                                      (abs)        0028D
_PR4                                      (abs)        00293
_PWM6CON                                  (abs)        0038E
_PWM6DCH                                  (abs)        0038D
_PWM6DCL                                  (abs)        0038C
_PWM6_Initialize                          text40       017CA
_PWM6_LoadDutyValue                       text25       0094A
_PWM_Enable                               text47       0086C
_RA6PPS                                   (abs)        00F16
_RC3PPS                                   (abs)        00F23
_RC4PPS                                   (abs)        00F24
_ReadI2C                                  text3        0099F
_SLRCONA                                  (abs)        00F3B
_SLRCONB                                  (abs)        00F46
_SLRCONC                                  (abs)        00F51
_SLRCOND                                  (abs)        00F5C
_SLRCONE                                  (abs)        00F67
_SSP1ADD                                  (abs)        0018D
_SSP1BUF                                  (abs)        0018C
_SSP1CLKPPS                               (abs)        00EC5
_SSP1CON1                                 (abs)        00190
_SSP1CON1bits                             (abs)        00190
_SSP1CON2                                 (abs)        00191
_SSP1CON2bits                             (abs)        00191
_SSP1DATPPS                               (abs)        00EC6
_SSP1MSK                                  (abs)        0018E
_SSP1STAT                                 (abs)        0018F
_SSP1STATbits                             (abs)        0018F
_SYSTEM_Initialize                        text32       009BD
_T1CLK                                    (abs)        00211
_T1CON                                    (abs)        0020E
_T1CONbits                                (abs)        0020E
_T1GATE                                   (abs)        00210
_T1GCON                                   (abs)        0020F
_T1GCONbits                               (abs)        0020F
_T2CLKCON                                 (abs)        00290
_T2CON                                    (abs)        0028E
_T2CONbits                                (abs)        0028E
_T2HLT                                    (abs)        0028F
_T2HLTbits                                (abs)        0028F
_T2PR                                     (abs)        0028D
_T2RST                                    (abs)        00291
_T2RSTbits                                (abs)        00291
_T2TMR                                    (abs)        0028C
_T3CLK                                    (abs)        00217
_T3CON                                    (abs)        00214
_T3CONbits                                (abs)        00214
_T3GATE                                   (abs)        00216
_T3GCON                                   (abs)        00215
_T3GCONbits                               (abs)        00215
_T4CLKCON                                 (abs)        00296
_T4CON                                    (abs)        00294
_T4CONbits                                (abs)        00294
_T4HLT                                    (abs)        00295
_T4HLTbits                                (abs)        00295
_T4PR                                     (abs)        00293
_T4RST                                    (abs)        00297
_T4RSTbits                                (abs)        00297
_T4TMR                                    (abs)        00292
_TMR1H                                    (abs)        0020D
_TMR1L                                    (abs)        0020C
_TMR1_DefaultInterruptHandler             text59       0176D
_TMR1_ISR                                 text58       00902
_TMR1_Initialize                          text38       00963
_TMR1_InterruptHandler                    nvBANK0      00061
_TMR1_SetInterruptHandler                 text39       01797
_TMR1_StartTimer                          text7        01780
_TMR1_StopTimer                           text6        007FD
_TMR1_WriteTimer                          text61       0089C
_TMR2                                     (abs)        0028C
_TMR2_Initialize                          text37       017F2
_TMR2_Start                               text24       0177A
_TMR2_StartTimer                          text23       00830
_TMR3H                                    (abs)        00213
_TMR3L                                    (abs)        00212
_TMR3_DefaultInterruptHandler             text53       00002
_TMR3_ISR                                 text52       0091A
_TMR3_Initialize                          text35       00981
_TMR3_InterruptHandler                    nvBANK0      0005B
_TMR3_SetInterruptHandler                 text36       0179D
_TMR3_StartTimer                          text22       0177D
_TMR3_StopTimer                           text31       01771
_TMR3_WriteTimer                          text57       008AE
_TMR4                                     (abs)        00292
_TMR4_DefaultInterruptHandler             text51       00003
_TMR4_ISR                                 text49       0085C
_TMR4_Initialize                          text33       008EC
_TMR4_InterruptHandler                    nvBANK0      00059
_TMR4_SetInterruptHandler                 text34       017A3
_TMR4_Start                               text30       01774
_TMR4_StartTimer                          text29       01783
_TMR4_Stop                                text28       01777
_TMR4_StopTimer                           text27       01787
_TRISA                                    (abs)        00011
_TRISB                                    (abs)        00012
_TRISC                                    (abs)        00013
_TRISCbits                                (abs)        00013
_TRISD                                    (abs)        00014
_TRISE                                    (abs)        00015
_TempThreshold                            dataBANK0    00067
_WPUA                                     (abs)        00F39
_WPUB                                     (abs)        00F44
_WPUC                                     (abs)        00F4F
_WPUC3                                    (abs)        07A7B
_WPUC4                                    (abs)        07A7C
_WPUD                                     (abs)        00F5A
_WPUE                                     (abs)        00F65
_WriteI2C                                 text2        00BDB
__CFG_BOREN$ON                            (abs)        00000
__CFG_BORV$LO                             (abs)        00000
__CFG_CLKOUTEN$OFF                        (abs)        00000
__CFG_CP$OFF                              (abs)        00000
__CFG_CPD$OFF                             (abs)        00000
__CFG_CSWEN$ON                            (abs)        00000
__CFG_DEBUG$OFF                           (abs)        00000
__CFG_FCMEN$ON                            (abs)        00000
__CFG_FEXTOSC$OFF                         (abs)        00000
__CFG_LPBOREN$OFF                         (abs)        00000
__CFG_LVP$ON                              (abs)        00000
__CFG_MCLRE$ON                            (abs)        00000
__CFG_PPS1WAY$ON                          (abs)        00000
__CFG_PWRTE$OFF                           (abs)        00000
__CFG_RSTOSC$HFINT1                       (abs)        00000
__CFG_SCANE$available                     (abs)        00000
__CFG_STVREN$ON                           (abs)        00000
__CFG_WDTCCS$SC                           (abs)        00000
__CFG_WDTCPS$WDTCPS_31                    (abs)        00000
__CFG_WDTCWS$WDTCWS_7                     (abs)        00000
__CFG_WDTE$OFF                            (abs)        00000
__CFG_WRT$OFF                             (abs)        00000
__CFG_ZCD$OFF                             (abs)        00000
__Habs1                                   abs1         00000
__Hbank0                                  bank0        00000
__Hbank1                                  bank1        00000
__Hbank10                                 bank10       00000
__Hbank11                                 bank11       00000
__Hbank12                                 bank12       00000
__Hbank13                                 bank13       00000
__Hbank14                                 bank14       00000
__Hbank15                                 bank15       00000
__Hbank16                                 bank16       00000
__Hbank17                                 bank17       00000
__Hbank18                                 bank18       00000
__Hbank19                                 bank19       00000
__Hbank2                                  bank2        00000
__Hbank20                                 bank20       00000
__Hbank21                                 bank21       00000
__Hbank22                                 bank22       00000
__Hbank23                                 bank23       00000
__Hbank24                                 bank24       00000
__Hbank25                                 bank25       00000
__Hbank26                                 bank26       00000
__Hbank27                                 bank27       00000
__Hbank28                                 bank28       00000
__Hbank29                                 bank29       00000
__Hbank3                                  bank3        00000
__Hbank30                                 bank30       00000
__Hbank31                                 bank31       00000
__Hbank4                                  bank4        00000
__Hbank5                                  bank5        00000
__Hbank6                                  bank6        00000
__Hbank7                                  bank7        00000
__Hbank8                                  bank8        00000
__Hbank9                                  bank9        00000
__Hbigram                                 bigram       00000
__HbssBANK0                               bssBANK0     00000
__HbssCOMMON                              bssCOMMON    00000
__Hcinit                                  cinit        00077
__Hclrtext                                clrtext      00000
__Hcode                                   code         00000
__Hcommon                                 common       00000
__Hconfig                                 config       0800C
__HcstackBANK0                            cstackBANK0  00000
__HcstackBANK1                            cstackBANK1  00000
__HcstackCOMMON                           cstackCOMMON 00000
__HdataBANK0                              dataBANK0    00000
__Heeprom_data                            eeprom_data  00000
__Hend_init                               end_init     0005B
__Hfunctab                                functab      00000
__HidataBANK0                             idataBANK0   00000
__Hidloc                                  idloc        00000
__Hinit                                   init         00059
__Hinittext                               inittext     00000
__Hintentry                               intentry     00059
__Hmaintext                               maintext     00000
__HnvBANK0                                nvBANK0      00000
__Hpowerup                                powerup      00000
__Hram                                    ram          00000
__Hreset_vec                              reset_vec    00002
__Hsfr0                                   sfr0         00000
__Hsfr1                                   sfr1         00000
__Hsfr10                                  sfr10        00000
__Hsfr11                                  sfr11        00000
__Hsfr12                                  sfr12        00000
__Hsfr13                                  sfr13        00000
__Hsfr14                                  sfr14        00000
__Hsfr15                                  sfr15        00000
__Hsfr16                                  sfr16        00000
__Hsfr17                                  sfr17        00000
__Hsfr18                                  sfr18        00000
__Hsfr19                                  sfr19        00000
__Hsfr2                                   sfr2         00000
__Hsfr20                                  sfr20        00000
__Hsfr21                                  sfr21        00000
__Hsfr22                                  sfr22        00000
__Hsfr23                                  sfr23        00000
__Hsfr24                                  sfr24        00000
__Hsfr25                                  sfr25        00000
__Hsfr26                                  sfr26        00000
__Hsfr27                                  sfr27        00000
__Hsfr28                                  sfr28        00000
__Hsfr29                                  sfr29        00000
__Hsfr3                                   sfr3         00000
__Hsfr30                                  sfr30        00000
__Hsfr31                                  sfr31        00000
__Hsfr4                                   sfr4         00000
__Hsfr5                                   sfr5         00000
__Hsfr6                                   sfr6         00000
__Hsfr7                                   sfr7         00000
__Hsfr8                                   sfr8         00000
__Hsfr9                                   sfr9         00000
__Hspace_0                                (abs)        0800C
__Hspace_1                                (abs)        000A7
__Hspace_2                                (abs)        00000
__Hspace_3                                (abs)        00000
__Hstack                                  stack        00000
__Hstrings                                strings      00000
__Hstringtext1                            stringtext1  00000
__Hstringtext2                            stringtext2  00000
__Hstringtext3                            stringtext3  00000
__Hstringtext4                            stringtext4  00000
__Hstringtext5                            stringtext5  00000
__Hstringtext6                            stringtext6  00000
__Htext                                   text         00000
__Labs1                                   abs1         00000
__Lbank0                                  bank0        00000
__Lbank1                                  bank1        00000
__Lbank10                                 bank10       00000
__Lbank11                                 bank11       00000
__Lbank12                                 bank12       00000
__Lbank13                                 bank13       00000
__Lbank14                                 bank14       00000
__Lbank15                                 bank15       00000
__Lbank16                                 bank16       00000
__Lbank17                                 bank17       00000
__Lbank18                                 bank18       00000
__Lbank19                                 bank19       00000
__Lbank2                                  bank2        00000
__Lbank20                                 bank20       00000
__Lbank21                                 bank21       00000
__Lbank22                                 bank22       00000
__Lbank23                                 bank23       00000
__Lbank24                                 bank24       00000
__Lbank25                                 bank25       00000
__Lbank26                                 bank26       00000
__Lbank27                                 bank27       00000
__Lbank28                                 bank28       00000
__Lbank29                                 bank29       00000
__Lbank3                                  bank3        00000
__Lbank30                                 bank30       00000
__Lbank31                                 bank31       00000
__Lbank4                                  bank4        00000
__Lbank5                                  bank5        00000
__Lbank6                                  bank6        00000
__Lbank7                                  bank7        00000
__Lbank8                                  bank8        00000
__Lbank9                                  bank9        00000
__Lbigram                                 bigram       00000
__LbssBANK0                               bssBANK0     00000
__LbssCOMMON                              bssCOMMON    00000
__Lcinit                                  cinit        0005B
__Lclrtext                                clrtext      00000
__Lcode                                   code         00000
__Lcommon                                 common       00000
__Lconfig                                 config       08007
__LcstackBANK0                            cstackBANK0  00000
__LcstackBANK1                            cstackBANK1  00000
__LcstackCOMMON                           cstackCOMMON 00000
__LdataBANK0                              dataBANK0    00000
__Leeprom_data                            eeprom_data  00000
__Lend_init                               end_init     00059
__Lfunctab                                functab      00000
__LidataBANK0                             idataBANK0   00000
__Lidloc                                  idloc        00000
__Linit                                   init         00059
__Linittext                               inittext     00000
__Lintentry                               intentry     00004
__Lmaintext                               maintext     00000
__LnvBANK0                                nvBANK0      00000
__Lpowerup                                powerup      00000
__Lram                                    ram          00000
__Lreset_vec                              reset_vec    00000
__Lsfr0                                   sfr0         00000
__Lsfr1                                   sfr1         00000
__Lsfr10                                  sfr10        00000
__Lsfr11                                  sfr11        00000
__Lsfr12                                  sfr12        00000
__Lsfr13                                  sfr13        00000
__Lsfr14                                  sfr14        00000
__Lsfr15                                  sfr15        00000
__Lsfr16                                  sfr16        00000
__Lsfr17                                  sfr17        00000
__Lsfr18                                  sfr18        00000
__Lsfr19                                  sfr19        00000
__Lsfr2                                   sfr2         00000
__Lsfr20                                  sfr20        00000
__Lsfr21                                  sfr21        00000
__Lsfr22                                  sfr22        00000
__Lsfr23                                  sfr23        00000
__Lsfr24                                  sfr24        00000
__Lsfr25                                  sfr25        00000
__Lsfr26                                  sfr26        00000
__Lsfr27                                  sfr27        00000
__Lsfr28                                  sfr28        00000
__Lsfr29                                  sfr29        00000
__Lsfr3                                   sfr3         00000
__Lsfr30                                  sfr30        00000
__Lsfr31                                  sfr31        00000
__Lsfr4                                   sfr4         00000
__Lsfr5                                   sfr5         00000
__Lsfr6                                   sfr6         00000
__Lsfr7                                   sfr7         00000
__Lsfr8                                   sfr8         00000
__Lsfr9                                   sfr9         00000
__Lspace_0                                (abs)        00000
__Lspace_1                                (abs)        00000
__Lspace_2                                (abs)        00000
__Lspace_3                                (abs)        00000
__Lstack                                  stack        00000
__Lstrings                                strings      00000
__Lstringtext1                            stringtext1  00000
__Lstringtext2                            stringtext2  00000
__Lstringtext3                            stringtext3  00000
__Lstringtext4                            stringtext4  00000
__Lstringtext5                            stringtext5  00000
__Lstringtext6                            stringtext6  00000
__Ltext                                   text         00000
__S0                                      (abs)        0800C
__S1                                      (abs)        000A7
__S2                                      (abs)        00000
__S3                                      (abs)        00000
___awdiv                                  text11       00CA2
___awdiv@counter                          cstackBANK0  00024
___awdiv@dividend                         cstackBANK0  00022
___awdiv@divisor                          cstackBANK0  00020
___awdiv@quotient                         cstackBANK0  00026
___awdiv@sign                             cstackBANK0  00025
___awmod                                  text16       00B7D
___awmod@counter                          cstackBANK0  00025
___awmod@dividend                         cstackBANK0  00022
___awmod@divisor                          cstackBANK0  00020
___awmod@sign                             cstackBANK0  00026
___int_sp                                 stack        00000
___latbits                                (abs)        00002
___sp                                     stack        00000
___wmul                                   text10       009FC
___wmul@multiplicand                      cstackBANK0  0002A
___wmul@multiplier                        cstackBANK0  00028
___wmul@product                           cstackBANK0  0002C
__end_of_ADCC_GetSingleConversion         text19       0094A
__end_of_ADCC_Initialize                  text46       008EC
__end_of_DATAEE_ReadByte                  text26       017E4
__end_of_DATAEE_WriteByte                 text12       00A43
__end_of_EXT_INT_Initialize               text44       017CA
__end_of_INTERRUPT_InterruptManager       intentry     00059
__end_of_INT_CallBack                     text63       017F2
__end_of_INT_DefaultInterruptHandler      text64       0176D
__end_of_INT_ISR                          text62       01791
__end_of_INT_SetInterruptHandler          text45       01797
__end_of_LED_blink_function               text50       00CA2
__end_of_OSCILLATOR_Initialize            text43       007FD
__end_of_PIN_MANAGER_Initialize           text42       00B3B
__end_of_PMD_Initialize                   text41       017BD
__end_of_PMON                             stringtext6  0180C
__end_of_PWM6_Initialize                  text40       017D7
__end_of_PWM6_LoadDutyValue               text25       00963
__end_of_PWM_Enable                       text47       0087C
__end_of_ReadI2C                          text3        009BD
__end_of_SYSTEM_Initialize                text32       009DC
__end_of_TALA                             stringtext5  0180A
__end_of_TMR1_DefaultInterruptHandler     text59       0176E
__end_of_TMR1_ISR                         text58       0091A
__end_of_TMR1_Initialize                  text38       00981
__end_of_TMR1_SetInterruptHandler         text39       0179D
__end_of_TMR1_StartTimer                  text7        01783
__end_of_TMR1_StopTimer                   text6        00800
__end_of_TMR1_WriteTimer                  text61       008AE
__end_of_TMR2_Initialize                  text37       01800
__end_of_TMR2_Start                       text24       0177D
__end_of_TMR2_StartTimer                  text23       00834
__end_of_TMR3_DefaultInterruptHandler     text53       00003
__end_of_TMR3_ISR                         text52       00932
__end_of_TMR3_Initialize                  text35       0099F
__end_of_TMR3_SetInterruptHandler         text36       017A3
__end_of_TMR3_StartTimer                  text22       01780
__end_of_TMR3_StopTimer                   text31       01774
__end_of_TMR3_WriteTimer                  text57       008C0
__end_of_TMR4_DefaultInterruptHandler     text51       00004
__end_of_TMR4_ISR                         text49       0086C
__end_of_TMR4_Initialize                  text33       00902
__end_of_TMR4_SetInterruptHandler         text34       017A9
__end_of_TMR4_Start                       text30       01777
__end_of_TMR4_StartTimer                  text29       01787
__end_of_TMR4_Stop                        text28       0177A
__end_of_TMR4_StopTimer                   text27       0178B
__end_of_WriteI2C                         text2        00C39
__end_of___awdiv                          text11       00D0C
__end_of___awmod                          text16       00BDB
__end_of___wmul                           text10       00A1F
__end_of__initialization                  cinit        00073
__end_of_change_PWM                       text54       00A9B
__end_of_changeleds                       text60       00A6F
__end_of_checkVariablesForAlarm           text21       00DF1
__end_of_clearLeds                        text15       0089C
__end_of_getValuesFromPreviousSession     text20       00D7A
__end_of_get_luminosity                   text18       00B7D
__end_of_i2c1_driver_open                 text17       0088C
__end_of_incrementor                      text9        01000
__end_of_main                             maintext     007F4
__end_of_max_hour                         stringtext4  01808
__end_of_max_lum                          stringtext1  01802
__end_of_max_min                          stringtext3  01806
__end_of_max_temp                         stringtext2  01804
__end_of_s1Pressed                        text13       00EF5
__end_of_s1PressedInterruptHandler        text65       00AC9
__end_of_s2Pressed                        text8        00682
__end_of_sensor_timer                     text5        00386
__end_of_setLedLuminosity                 text4        009FC
__end_of_tsttc                            text1        0050F
__end_of_update_lights                    text14       00AFE
__end_ofi1_PWM6_LoadDutyValue             text67       008D6
__end_ofi1_PWM_Enable                     text56       0085C
__end_ofi1_TMR3_StopTimer                 text55       01771
__end_ofi1_clearLeds                      text66       0084C
__initialization                          cinit        0005B
__pbssBANK0                               bssBANK0     00045
__pbssCOMMON                              bssCOMMON    00076
__pcstackBANK0                            cstackBANK0  00020
__pcstackBANK1                            cstackBANK1  000A0
__pcstackCOMMON                           cstackCOMMON 00070
__pdataBANK0                              dataBANK0    00065
__pidataBANK0                             idataBANK0   00834
__pintentry                               intentry     00004
__pmaintext                               maintext     00682
__pnvBANK0                                nvBANK0      00059
__pstringtext1                            stringtext1  01800
__pstringtext2                            stringtext2  01802
__pstringtext3                            stringtext3  01804
__pstringtext4                            stringtext4  01806
__pstringtext5                            stringtext5  01808
__pstringtext6                            stringtext6  0180A
__pswtext1                                swtext1      00800
__pswtext2                                swtext2      00818
__ptext1                                  text1        00386
__ptext10                                 text10       009FC
__ptext11                                 text11       00CA2
__ptext12                                 text12       00A1F
__ptext13                                 text13       00DF1
__ptext14                                 text14       00AC9
__ptext15                                 text15       0088C
__ptext16                                 text16       00B7D
__ptext17                                 text17       0087C
__ptext18                                 text18       00B3B
__ptext19                                 text19       00932
__ptext2                                  text2        00BDB
__ptext20                                 text20       00D0C
__ptext21                                 text21       00D7A
__ptext22                                 text22       0177D
__ptext23                                 text23       00830
__ptext24                                 text24       0177A
__ptext25                                 text25       0094A
__ptext26                                 text26       017D7
__ptext27                                 text27       01787
__ptext28                                 text28       01777
__ptext29                                 text29       01783
__ptext3                                  text3        0099F
__ptext30                                 text30       01774
__ptext31                                 text31       01771
__ptext32                                 text32       009BD
__ptext33                                 text33       008EC
__ptext34                                 text34       017A3
__ptext35                                 text35       00981
__ptext36                                 text36       0179D
__ptext37                                 text37       017F2
__ptext38                                 text38       00963
__ptext39                                 text39       01797
__ptext4                                  text4        009DC
__ptext40                                 text40       017CA
__ptext41                                 text41       017B5
__ptext42                                 text42       00AFE
__ptext43                                 text43       007F4
__ptext44                                 text44       017BD
__ptext45                                 text45       01791
__ptext46                                 text46       008D6
__ptext47                                 text47       0086C
__ptext49                                 text49       0085C
__ptext5                                  text5        00077
__ptext50                                 text50       00C39
__ptext51                                 text51       00003
__ptext52                                 text52       0091A
__ptext53                                 text53       00002
__ptext54                                 text54       00A6F
__ptext55                                 text55       0176E
__ptext56                                 text56       0084C
__ptext57                                 text57       008AE
__ptext58                                 text58       00902
__ptext59                                 text59       0176D
__ptext6                                  text6        007FD
__ptext60                                 text60       00A43
__ptext61                                 text61       0089C
__ptext62                                 text62       0178B
__ptext63                                 text63       017E4
__ptext64                                 text64       0176C
__ptext65                                 text65       00A9B
__ptext66                                 text66       0083C
__ptext67                                 text67       008C0
__ptext7                                  text7        01780
__ptext8                                  text8        0050F
__ptext9                                  text9        00EF5
__size_of_ADCC_GetSingleConversion        (abs)        00000
__size_of_ADCC_Initialize                 (abs)        00000
__size_of_DATAEE_ReadByte                 (abs)        00000
__size_of_DATAEE_WriteByte                (abs)        00000
__size_of_EXT_INT_Initialize              (abs)        00000
__size_of_INTERRUPT_InterruptManager      (abs)        00000
__size_of_INT_CallBack                    (abs)        00000
__size_of_INT_DefaultInterruptHandler     (abs)        00000
__size_of_INT_ISR                         (abs)        00000
__size_of_INT_SetInterruptHandler         (abs)        00000
__size_of_LED_blink_function              (abs)        00000
__size_of_OSCILLATOR_Initialize           (abs)        00000
__size_of_PIN_MANAGER_Initialize          (abs)        00000
__size_of_PMD_Initialize                  (abs)        00000
__size_of_PWM6_Initialize                 (abs)        00000
__size_of_PWM6_LoadDutyValue              (abs)        00000
__size_of_PWM_Enable                      (abs)        00000
__size_of_ReadI2C                         (abs)        00000
__size_of_SYSTEM_Initialize               (abs)        00000
__size_of_TMR1_DefaultInterruptHandler    (abs)        00000
__size_of_TMR1_ISR                        (abs)        00000
__size_of_TMR1_Initialize                 (abs)        00000
__size_of_TMR1_SetInterruptHandler        (abs)        00000
__size_of_TMR1_StartTimer                 (abs)        00000
__size_of_TMR1_StopTimer                  (abs)        00000
__size_of_TMR1_WriteTimer                 (abs)        00000
__size_of_TMR2_Initialize                 (abs)        00000
__size_of_TMR2_Start                      (abs)        00000
__size_of_TMR2_StartTimer                 (abs)        00000
__size_of_TMR3_DefaultInterruptHandler    (abs)        00000
__size_of_TMR3_ISR                        (abs)        00000
__size_of_TMR3_Initialize                 (abs)        00000
__size_of_TMR3_SetInterruptHandler        (abs)        00000
__size_of_TMR3_StartTimer                 (abs)        00000
__size_of_TMR3_StopTimer                  (abs)        00000
__size_of_TMR3_WriteTimer                 (abs)        00000
__size_of_TMR4_DefaultInterruptHandler    (abs)        00000
__size_of_TMR4_ISR                        (abs)        00000
__size_of_TMR4_Initialize                 (abs)        00000
__size_of_TMR4_SetInterruptHandler        (abs)        00000
__size_of_TMR4_Start                      (abs)        00000
__size_of_TMR4_StartTimer                 (abs)        00000
__size_of_TMR4_Stop                       (abs)        00000
__size_of_TMR4_StopTimer                  (abs)        00000
__size_of_WriteI2C                        (abs)        00000
__size_of___awdiv                         (abs)        00000
__size_of___awmod                         (abs)        00000
__size_of___wmul                          (abs)        00000
__size_of_change_PWM                      (abs)        00000
__size_of_changeleds                      (abs)        00000
__size_of_checkVariablesForAlarm          (abs)        00000
__size_of_clearLeds                       (abs)        00000
__size_of_getValuesFromPreviousSession    (abs)        00000
__size_of_get_luminosity                  (abs)        00000
__size_of_i2c1_driver_open                (abs)        00000
__size_of_incrementor                     (abs)        00000
__size_of_main                            (abs)        00000
__size_of_s1Pressed                       (abs)        00000
__size_of_s1PressedInterruptHandler       (abs)        00000
__size_of_s2Pressed                       (abs)        00000
__size_of_sensor_timer                    (abs)        00000
__size_of_setLedLuminosity                (abs)        00000
__size_of_tsttc                           (abs)        00000
__size_of_update_lights                   (abs)        00000
__size_ofi1_PWM6_LoadDutyValue            (abs)        00000
__size_ofi1_PWM_Enable                    (abs)        00000
__size_ofi1_TMR3_StopTimer                (abs)        00000
__size_ofi1_clearLeds                     (abs)        00000
_adcResult                                bssBANK0     00049
_alarm                                    bssBANK0     0004D
_blink                                    bssBANK0     00045
_change_PWM                               text54       00A6F
_changeleds                               text60       00A43
_checkVariablesForAlarm                   text21       00D7A
_clearLeds                                text15       0088C
_control_alarm                            bssBANK0     0004B
_getValuesFromPreviousSession             text20       00D0C
_get_luminosity                           text18       00B3B
_hrs                                      bssBANK0     00053
_i2c1_driver_busCollisionISR              bssBANK0     00057
_i2c1_driver_i2cISR                       bssBANK0     00055
_i2c1_driver_open                         text17       0087C
_incrementor                              text9        00EF5
_main                                     maintext     00682
_max_hour                                 stringtext4  01806
_max_lum                                  stringtext1  01800
_max_min                                  stringtext3  01804
_max_temp                                 stringtext2  01802
_mins                                     bssBANK0     00051
_mode_s                                   dataBANK0    00065
_pwm_value                                bssCOMMON    00076
_s1Pressed                                text13       00DF1
_s1PressedInterruptHandler                text65       00A9B
_s1_pressed                               bssBANK0     00047
_s2Pressed                                text8        0050F
_secs                                     bssBANK0     0004F
_sensor_timer                             text5        00077
_setLedLuminosity                         text4        009DC
_timer1ReloadVal                          nvBANK0      00063
_timer3ReloadVal                          nvBANK0      0005D
_tsttc                                    text1        00386
_update_lights                            text14       00AC9
btemp                                     (abs)        0007E
checkVariablesForAlarm@luminosity         cstackBANK0  00024
checkVariablesForAlarm@temperature        cstackBANK0  00022
clear_ram0                                clrtext      017A9
end_of_initialization                     cinit        00073
getValuesFromPreviousSession@lastRegSaved cstackBANK0  00022
getValuesFromPreviousSession@numRegsSaved cstackBANK0  00024
[...]
		On entry : 
		On exit  : 
		Unchanged: 
 Data sizes:     COMMON   BANK0   BANK1   BANK2   BANK3   BANK4   BANK5   BANK6   BANK7   BANK8   BANK9  BANK10  BANK11  BANK12
      Params:         2       0       0       0       0       0       0       0       0       0       0       0       0       0
      Locals:         0       0       0       0       0       0       0       0       0       0       0       0       0       0
      Temps:          0       0       0       0       0       0       0       0       0       0       0       0       0       0
      Totals:         2       0       0       0       0       0       0       0       0       0       0       0       0       0
Total ram usage:        2 bytes
 Hardware stack levels used:    1
 This function calls:
		Nothing
 This function is called by:
		_TMR3_ISR
		_TMR3_Reload
 This function uses a non-reentrant model


 *************** function _TMR1_ISR *****************
 Defined at:
		line 164 in file "mcc_generated_files/tmr1.c"
 Parameters:    Size  Location     Type
		None
 Auto vars:     Size  Location     Type
		None
 Return value:  Size  Location     Type
                  1    wreg      void 
 Registers used:
		wreg, status,2, status,0, pclath, cstack
 Tracked objects:
		On entry : 
		On exit  : 
		Unchanged: 
 Data sizes:     COMMON   BANK0   BANK1   BANK2   BANK3   BANK4   BANK5   BANK6   BANK7   BANK8   BANK9  BANK10  BANK11  BANK12
      Params:         0       0       0       0       0       0       0       0       0       0       0       0       0       0
      Locals:         0       0       0       0       0       0       0       0       0       0       0       0       0       0
      Temps:          0       0       0       0       0       0       0       0       0       0       0       0       0       0
      Totals:         0       0       0       0       0       0       0       0       0       0       0       0       0       0
Total ram usage:        0 bytes
 Hardware stack levels used:    1
 Hardware stack levels required when called:    1
 This function calls:
		Absolute function
		_TMR1_DefaultInterruptHandler
		_TMR1_WriteTimer
		_changeleds
 This function is called by:
		_INTERRUPT_InterruptManager
 This function uses a non-reentrant model


 *************** function _TMR1_DefaultInterruptHandler *****************
 Defined at:
		line 182 in file "mcc_generated_files/tmr1.c"
 Parameters:    Size  Location     Type
		None
 Auto vars:     Size  Location     Type
		None
 Return value:  Size  Location     Type
                  1    wreg      void 
 Registers used:
		None
 Tracked objects:
		On entry : 
		On exit  : 
		Unchanged: 
 Data sizes:     COMMON   BANK0   BANK1   BANK2   BANK3   BANK4   BANK5   BANK6   BANK7   BANK8   BANK9  BANK10  BANK11  BANK12
      Params:         0       0       0       0       0       0       0       0       0       0       0       0       0       0
      Locals:         0       0       0       0       0       0       0       0       0       0       0       0       0       0
      Temps:          0       0       0       0       0       0       0       0       0       0       0       0       0       0
      Totals:         0       0       0       0       0       0       0       0       0       0       0       0       0       0
Total ram usage:        0 bytes
 Hardware stack levels used:    1
 This function calls:
		Nothing
 This function is called by:
		_TMR1_Initialize
		_TMR1_ISR
 This function uses a non-reentrant model


 *************** function _changeleds *****************
 Defined at:
		line 7 in file "interruptions.c"
 Parameters:    Size  Location     Type
		None
 Auto vars:     Size  Location     Type
		None
 Return value:  Size  Location     Type
                  1    wreg      void 
 Registers used:
		wreg, status,2, status,0
 Tracked objects:
		On entry : 
		On exit  : 
		Unchanged: 
 Data sizes:     COMMON   BANK0   BANK1   BANK2   BANK3   BANK4   BANK5   BANK6   BANK7   BANK8   BANK9  BANK10  BANK11  BANK12
      Params:         0       0       0       0       0       0       0       0       0       0       0       0       0       0
      Locals:         0       0       0       0       0       0       0       0       0       0       0       0       0       0
      Temps:          0       0       0       0       0       0       0       0       0       0       0       0       0       0
      Totals:         0       0       0       0       0       0       0       0       0       0       0       0       0       0
Total ram usage:        0 bytes
 Hardware stack levels used:    1
 This function calls:
		Nothing
 This function is called by:
		_main
		_TMR1_ISR
 This function uses a non-reentrant model


 *************** function _TMR1_WriteTimer *****************
 Defined at:
		line 127 in file "mcc_generated_files/tmr1.c"
 Parameters:    Size  Location     Type
  timerVal        2    0[COMMON] unsigned short 
 Auto vars:     Size  Location     Type
		None
 Return value:  Size  Location     Type
                  1    wreg      void 
 Registers used:
		wreg, status,2
 Tracked objects:
		On entry : 
		On exit  : 
		Unchanged: 
 Data sizes:     COMMON   BANK0   BANK1   BANK2   BANK3   BANK4   BANK5   BANK6   BANK7   BANK8   BANK9  BANK10  BANK11  BANK12
      Params:         2       0       0       0       0       0       0       0       0       0       0       0       0       0
      Locals:         0       0       0       0       0       0       0       0       0       0       0       0       0       0
      Temps:          0       0       0       0       0       0       0       0       0       0       0       0       0       0
      Totals:         2       0       0       0       0       0       0       0       0       0       0       0       0       0
Total ram usage:        2 bytes
 Hardware stack levels used:    1
 This function calls:
		Nothing
 This function is called by:
		_TMR1_ISR
		_TMR1_Reload
 This function uses a non-reentrant model


 *************** function _INT_ISR *****************
 Defined at:
		line 32 in file "mcc_generated_files/ext_int.c"
 Parameters:    Size  Location     Type
		None
 Auto vars:     Size  Location     Type
		None
 Return value:  Size  Location     Type
                  1    wreg      void 
 Registers used:
		wreg, status,2, status,0, pclath, cstack
 Tracked objects:
		On entry : 
		On exit  : 
		Unchanged: 
 Data sizes:     COMMON   BANK0   BANK1   BANK2   BANK3   BANK4   BANK5   BANK6   BANK7   BANK8   BANK9  BANK10  BANK11  BANK12
      Params:         0       0       0       0       0       0       0       0       0       0       0       0       0       0
      Locals:         0       0       0       0       0       0       0       0       0       0       0       0       0       0
      Temps:          0       0       0       0       0       0       0       0       0       0       0       0       0       0
      Totals:         0       0       0       0       0       0       0       0       0       0       0       0       0       0
Total ram usage:        0 bytes
 Hardware stack levels used:    1
 Hardware stack levels required when called:    4
 This function calls:
		_INT_CallBack
 This function is called by:
		_INTERRUPT_InterruptManager
 This function uses a non-reentrant model


 *************** function _INT_CallBack *****************
 Defined at:
		line 41 in file "mcc_generated_files/ext_int.c"
 Parameters:    Size  Location     Type
		None
 Auto vars:     Size  Location     Type
		None
 Return value:  Size  Location     Type
                  1    wreg      void 
 Registers used:
		wreg, status,2, status,0, pclath, cstack
 Tracked objects:
		On entry : 
		On exit  : 
		Unchanged: 
 Data sizes:     COMMON   BANK0   BANK1   BANK2   BANK3   BANK4   BANK5   BANK6   BANK7   BANK8   BANK9  BANK10  BANK11  BANK12
      Params:         0       0       0       0       0       0       0       0       0       0       0       0       0       0
      Locals:         0       0       0       0       0       0       0       0       0       0       0       0       0       0
      Temps:          0       0       0       0       0       0       0       0       0       0       0       0       0       0
      Totals:         0       0       0       0       0       0       0       0       0       0       0       0       0       0
Total ram usage:        0 bytes
 Hardware stack levels used:    1
 Hardware stack levels required when called:    3
 This function calls:
		Absolute function
		_INT_DefaultInterruptHandler
		_s1PressedInterruptHandler
 This function is called by:
		_INT_ISR
 This function uses a non-reentrant model


 *************** function _INT_DefaultInterruptHandler *****************
 Defined at:
		line 54 in file "mcc_generated_files/ext_int.c"
 Parameters:    Size  Location     Type
		None
 Auto vars:     Size  Location     Type
		None
 Return value:  Size  Location     Type
                  1    wreg      void 
 Registers used:
		None
 Tracked objects:
		On entry : 
		On exit  : 
		Unchanged: 
 Data sizes:     COMMON   BANK0   BANK1   BANK2   BANK3   BANK4   BANK5   BANK6   BANK7   BANK8   BANK9  BANK10  BANK11  BANK12
      Params:         0       0       0       0       0       0       0       0       0       0       0       0       0       0
      Locals:         0       0       0       0       0       0       0       0       0       0       0       0       0       0
      Temps:          0       0       0       0       0       0       0       0       0       0       0       0       0       0
      Totals:         0       0       0       0       0       0       0       0       0       0       0       0       0       0
Total ram usage:        0 bytes
 Hardware stack levels used:    1
 This function calls:
		Nothing
 This function is called by:
		_EXT_INT_Initialize
		_INT_CallBack
 This function uses a non-reentrant model


 *************** function _s1PressedInterruptHandler *****************
 Defined at:
		line 29 in file "interruptions.c"
 Parameters:    Size  Location     Type
		None
 Auto vars:     Size  Location     Type
		None
 Return value:  Size  Location     Type
                  1    wreg      void 
 Registers used:
		wreg, status,2, status,0, pclath, cstack
 Tracked objects:
		On entry : 
		On exit  : 
		Unchanged: 
 Data sizes:     COMMON   BANK0   BANK1   BANK2   BANK3   BANK4   BANK5   BANK6   BANK7   BANK8   BANK9  BANK10  BANK11  BANK12
      Params:         0       0       0       0       0       0       0       0       0       0       0       0       0       0
      Locals:         0       0       0       0       0       0       0       0       0       0       0       0       0       0
      Temps:          0       0       0       0       0       0       0       0       0       0       0       0       0       0
      Totals:         0       0       0       0       0       0       0       0       0       0       0       0       0       0
Total ram usage:        0 bytes
 Hardware stack levels used:    1
 Hardware stack levels required when called:    2
 This function calls:
		i1_PWM6_LoadDutyValue
		i1_clearLeds
 This function is called by:
		_main
		_INT_CallBack
 This function uses a non-reentrant model


 *************** function i1_clearLeds *****************
 Defined at:
		line 237 in file "stateModifiers.c"
 Parameters:    Size  Location     Type
		None
 Auto vars:     Size  Location     Type
		None
 Return value:  Size  Location     Type
                  1    wreg      void 
 Registers used:
		wreg, status,2, status,0, pclath, cstack
 Tracked objects:
		On entry : 
		On exit  : 
		Unchanged: 
 Data sizes:     COMMON   BANK0   BANK1   BANK2   BANK3   BANK4   BANK5   BANK6   BANK7   BANK8   BANK9  BANK10  BANK11  BANK12
      Params:         0       0       0       0       0       0       0       0       0       0       0       0       0       0
      Locals:         0       0       0       0       0       0       0       0       0       0       0       0       0       0
      Temps:          0       0       0       0       0       0       0       0       0       0       0       0       0       0
      Totals:         0       0       0       0       0       0       0       0       0       0       0       0       0       0
Total ram usage:        0 bytes
 Hardware stack levels used:    1
 Hardware stack levels required when called:    1
 This function calls:
		i1_PWM6_LoadDutyValue
 This function is called by:
		_s1PressedInterruptHandler
 This function uses a non-reentrant model


 *************** function i1_PWM6_LoadDutyValue *****************
 Defined at:
		line 74 in file "mcc_generated_files/pwm6.c"
 Parameters:    Size  Location     Type
  dutyValue       2    0[COMMON] unsigned short 
 Auto vars:     Size  Location     Type
		None
 Return value:  Size  Location     Type
                  1    wreg      void 
 Registers used:
		wreg, status,2, status,0
 Tracked objects:
		On entry : 
		On exit  : 
		Unchanged: 
 Data sizes:     COMMON   BANK0   BANK1   BANK2   BANK3   BANK4   BANK5   BANK6   BANK7   BANK8   BANK9  BANK10  BANK11  BANK12
      Params:         2       0       0       0       0       0       0       0       0       0       0       0       0       0
      Locals:         0       0       0       0       0       0       0       0       0       0       0       0       0       0
      Temps:          2       0       0       0       0       0       0       0       0       0       0       0       0       0
      Totals:         4       0       0       0       0       0       0       0       0       0       0       0       0       0
Total ram usage:        4 bytes
 Hardware stack levels used:    1
 This function calls:
		Nothing
 This function is called by:
		_s1PressedInterruptHandler
		_LED_blink_function
		_change_PWM
		i1_clearLeds
 This function uses a non-reentrant model



MODULE INFORMATION

Module		Function		Class		Link	Load	Size
mcc_generated_files/pwm6.c
		_PWM6_LoadDutyValue		CODE           	094A	0000	26
		_PWM6_Initialize		CODE           	17CA	0000	14

mcc_generated_files/pwm6.c estimated size: 40

mcc_generated_files/tmr4.c
		_TMR4_ISR      		CODE           	085C	0000	17
		_TMR4_Initialize		CODE           	08EC	0000	23
		_TMR4_Stop     		CODE           	1777	0000	4
		_TMR4_Start    		CODE           	1774	0000	4
		_TMR4_SetInterruptHandler		CODE           	17A3	0000	7
		_TMR4_StopTimer		CODE           	1787	0000	5
		_TMR4_DefaultInterruptHandler		CODE           	0003	0000	2
		_TMR4_StartTimer		CODE           	1783	0000	5

mcc_generated_files/tmr4.c estimated size: 67

mcc_generated_files/tmr2.c
		_TMR2_Initialize		CODE           	17F2	0000	15
		_TMR2_Start    		CODE           	177A	0000	4
		_TMR2_StartTimer		CODE           	0830	0000	5

mcc_generated_files/tmr2.c estimated size: 24

mcc_generated_files/interrupt_manager.c
		_INTERRUPT_InterruptManager		CODE           	0004	0000	86

mcc_generated_files/interrupt_manager.c estimated size: 86

C:\Program Files (x86)\Microchip\xc8\v2.00\pic\sources\c99\common\awmod.c
		___awmod       		CODE           	0B7D	0000	95

C:\Program Files (x86)\Microchip\xc8\v2.00\pic\sources\c99\common\awmod.c estimated size: 95

i2c.c
		_ReadI2C       		CODE           	099F	0000	31
		_tsttc         		CODE           	0386	0000	394
		_WriteI2C      		CODE           	0BDB	0000	95

i2c.c estimated size: 520

mcc_generated_files/pin_manager.c
		_PIN_MANAGER_Initialize		CODE           	0AFE	0000	62

mcc_generated_files/pin_manager.c estimated size: 62

stateModifiers.c
		_incrementor   		CODE           	0EF5	0000	268
		_clearLeds     		CODE           	088C	0000	17
		_update_lights 		CODE           	0AC9	0000	54
		_s1Pressed     		CODE           	0DF1	0000	261
		_s2Pressed     		CODE           	050F	0000	372

stateModifiers.c estimated size: 972

pwmAlarm.c
		_checkVariablesForAlarm		CODE           	0D7A	0000	120
		_PWM_Enable    		CODE           	086C	0000	17
		_change_PWM    		CODE           	0A6F	0000	45

pwmAlarm.c estimated size: 182

measureAndSaveFunctions.c
		_setLedLuminosity		CODE           	09DC	0000	33
		_getValuesFromPreviousSession		CODE           	0D0C	0000	111
		_get_luminosity		CODE           	0B3B	0000	67
		_sensor_timer  		CODE           	0077	0000	784

measureAndSaveFunctions.c estimated size: 995

mcc_generated_files/ext_int.c
		_INT_DefaultInterruptHandler		CODE           	176C	0000	2
		_EXT_INT_Initialize		CODE           	17BD	0000	14
		_INT_SetInterruptHandler		CODE           	1791	0000	7
		_INT_CallBack  		CODE           	17E4	0000	15
		_INT_ISR       		CODE           	178B	0000	7

mcc_generated_files/ext_int.c estimated size: 45

C:\Program Files (x86)\Microchip\xc8\v2.00\pic\sources\c99\common\awdiv.c
		___awdiv       		CODE           	0CA2	0000	107

C:\Program Files (x86)\Microchip\xc8\v2.00\pic\sources\c99\common\awdiv.c estimated size: 107

shared
		i1_PWM_Enable  		CODE           	084C	0000	17
		i1_TMR3_StopTimer		CODE           	176E	0000	4
		_max_min       		STRCODE        	1804	0000	3
		_max_hour      		STRCODE        	1806	0000	3
		_TALA          		STRCODE        	0000	0000	0
		_max_temp      		STRCODE        	1802	0000	3
		i1_clearLeds   		CODE           	083C	0000	17
		_max_lum       		STRCODE        	1800	0000	3
		__initialization		CODE           	005B	0000	25
		_PMON          		STRCODE        	180A	0000	3
		i1_PWM6_LoadDutyValue		CODE           	08C0	0000	23

shared estimated size: 101

mcc_generated_files/mcc.c
		_PMD_Initialize		CODE           	17B5	0000	9
		_OSCILLATOR_Initialize		CODE           	07F4	0000	10
		_SYSTEM_Initialize		CODE           	09BD	0000	32

mcc_generated_files/mcc.c estimated size: 51

mcc_generated_files/tmr3.c
		_TMR3_ISR      		CODE           	091A	0000	25
		_TMR3_Initialize		CODE           	0981	0000	31
		_TMR3_SetInterruptHandler		CODE           	179D	0000	7
		_TMR3_StopTimer		CODE           	1771	0000	4
		_TMR3_DefaultInterruptHandler		CODE           	0002	0000	2
		_TMR3_WriteTimer		CODE           	08AE	0000	19
		_TMR3_StartTimer		CODE           	177D	0000	4

mcc_generated_files/tmr3.c estimated size: 92

interruptions.c
		_LED_blink_function		CODE           	0C39	0000	106
		_s1PressedInterruptHandler		CODE           	0A9B	0000	47
		_changeleds    		CODE           	0A43	0000	45

interruptions.c estimated size: 198

mcc_generated_files/tmr1.c
		_TMR1_Initialize		CODE           	0963	0000	31
		_TMR1_SetInterruptHandler		CODE           	1797	0000	7
		_TMR1_StopTimer		CODE           	07FD	0000	4
		_TMR1_DefaultInterruptHandler		CODE           	176D	0000	2
		_TMR1_WriteTimer		CODE           	089C	0000	19
		_TMR1_StartTimer		CODE           	1780	0000	4
		_TMR1_ISR      		CODE           	0902	0000	25

mcc_generated_files/tmr1.c estimated size: 92

mcc_generated_files/memory.c
		_DATAEE_WriteByte		CODE           	0A1F	0000	37
		_DATAEE_ReadByte		CODE           	17D7	0000	14

mcc_generated_files/memory.c estimated size: 51

mcc_generated_files/i2c1_driver.c
		_i2c1_driver_open		CODE           	087C	0000	17

mcc_generated_files/i2c1_driver.c estimated size: 17

mcc_generated_files/adcc.c
		_ADCC_GetSingleConversion		CODE           	0932	0000	25
		_ADCC_Initialize		CODE           	08D6	0000	23

mcc_generated_files/adcc.c estimated size: 48

C:\Program Files (x86)\Microchip\xc8\v2.00\pic\sources\c99\common\Umul16.c
		___wmul        		CODE           	09FC	0000	36

C:\Program Files (x86)\Microchip\xc8\v2.00\pic\sources\c99\common\Umul16.c estimated size: 36

main.c
		_main          		CODE           	0682	0000	371

main.c estimated size: 371

